ARM Linker, 5.03 [Build 76] [MDK-ARM Standard]

==============================================================================

Section Cross References

    startup_rvmdk.o(STACK) refers (Special) to heapauxi.o(.text) for __use_two_region_memory
    startup_rvmdk.o(HEAP) refers (Special) to heapauxi.o(.text) for __use_two_region_memory
    startup_rvmdk.o(RESET) refers (Special) to heapauxi.o(.text) for __use_two_region_memory
    startup_rvmdk.o(RESET) refers to startup_rvmdk.o(STACK) for StackMem
    startup_rvmdk.o(RESET) refers to osal_task.o(.text) for SysTickIntHandler
    startup_rvmdk.o(RESET) refers to ir_driver.o(.text) for ir_front_recive_handler
    startup_rvmdk.o(RESET) refers to serial.o(.text) for uart0_interrupt_handler
    startup_rvmdk.o(RESET) refers to bsp.o(.text) for Timer1IntHandler
    startup_rvmdk.o(RESET) refers to usbhostenum.o(i.USB0HostIntHandler) for USB0HostIntHandler
    startup_rvmdk.o(RESET) refers to ui.o(.text) for encode_interrupt_handler
    startup_rvmdk.o(RESET) refers to __main.o(!!!main) for __main
    startup_rvmdk.o(.text) refers (Special) to heapauxi.o(.text) for __use_two_region_memory
    startup_rvmdk.o(.text) refers to startup_rvmdk.o(HEAP) for HeapMem
    startup_rvmdk.o(.text) refers to startup_rvmdk.o(STACK) for StackMem
    bsp.o(.text) refers to gpio.o(i.GPIOPinTypeGPIOInput) for GPIOPinTypeGPIOInput
    bsp.o(.text) refers to sysctl.o(i.SysCtlPeripheralEnable) for SysCtlPeripheralEnable
    bsp.o(.text) refers to gpio.o(i.GPIOPinTypeGPIOOutput) for GPIOPinTypeGPIOOutput
    bsp.o(.text) refers to gpio.o(i.GPIOIntTypeSet) for GPIOIntTypeSet
    bsp.o(.text) refers to interrupt.o(i.IntEnable) for IntEnable
    bsp.o(.text) refers to gpio.o(i.GPIOPinWrite) for GPIOPinWrite
    bsp.o(.text) refers to gpio.o(i.GPIOIntEnable) for GPIOIntEnable
    bsp.o(.text) refers to gpio.o(i.GPIOPinConfigure) for GPIOPinConfigure
    bsp.o(.text) refers to gpio.o(i.GPIOPinTypeUART) for GPIOPinTypeUART
    bsp.o(.text) refers to uart.o(i.UARTConfigSetExpClk) for UARTConfigSetExpClk
    bsp.o(.text) refers to uart.o(i.UARTIntEnable) for UARTIntEnable
    bsp.o(.text) refers to uart.o(i.UARTEnable) for UARTEnable
    bsp.o(.text) refers to main.o(.data) for gSysClock
    bsp.o(.text) refers to gpio.o(i.GPIOPinTypeADC) for GPIOPinTypeADC
    bsp.o(.text) refers to adc.o(i.ADCSequenceDisable) for ADCSequenceDisable
    bsp.o(.text) refers to adc.o(i.ADCSequenceConfigure) for ADCSequenceConfigure
    bsp.o(.text) refers to adc.o(i.ADCHardwareOversampleConfigure) for ADCHardwareOversampleConfigure
    bsp.o(.text) refers to adc.o(i.ADCSequenceStepConfigure) for ADCSequenceStepConfigure
    bsp.o(.text) refers to adc.o(i.ADCSequenceEnable) for ADCSequenceEnable
    bsp.o(.text) refers to adc.o(i.ADCIntClear) for ADCIntClear
    bsp.o(.text) refers to timer.o(i.TimerConfigure) for TimerConfigure
    bsp.o(.text) refers to timer.o(i.TimerLoadSet) for TimerLoadSet
    bsp.o(.text) refers to timer.o(i.TimerEnable) for TimerEnable
    bsp.o(.text) refers to timer.o(i.TimerValueGet) for TimerValueGet
    bsp.o(.text) refers to timer.o(i.TimerIntEnable) for TimerIntEnable
    bsp.o(.text) refers to timer.o(i.TimerIntClear) for TimerIntClear
    bsp.o(.text) refers to osal_key.o(.text) for KeyScanLoop
    bsp.o(.text) refers to ir_driver.o(.text) for ir_timeout_check
    bsp.o(.text) refers to pwm.o(i.PWMClockSet) for PWMClockSet
    bsp.o(.text) refers to gpio.o(i.GPIOPinTypePWM) for GPIOPinTypePWM
    bsp.o(.text) refers to pwm.o(i.PWMGenConfigure) for PWMGenConfigure
    bsp.o(.text) refers to pwm.o(i.PWMGenPeriodSet) for PWMGenPeriodSet
    bsp.o(.text) refers to pwm.o(i.PWMGenPeriodGet) for PWMGenPeriodGet
    bsp.o(.text) refers to pwm.o(i.PWMPulseWidthSet) for PWMPulseWidthSet
    bsp.o(.text) refers to pwm.o(i.PWMOutputState) for PWMOutputState
    bsp.o(.text) refers to pwm.o(i.PWMGenEnable) for PWMGenEnable
    bsp.o(.text) refers to gpio.o(i.GPIOPinTypeSSI) for GPIOPinTypeSSI
    bsp.o(.text) refers to ssi.o(i.SSIConfigSetExpClk) for SSIConfigSetExpClk
    bsp.o(.text) refers to ssi.o(i.SSIEnable) for SSIEnable
    bsp.o(.text) refers to ssi.o(i.SSIDisable) for SSIDisable
    bsp.o(.text) refers to osal_port.o(.text) for s_printf
    bsp.o(.text) refers to sysctl.o(.emb_text) for SysCtlDelay
    bsp.o(.text) refers to rt_memclr_w.o(.text) for __aeabi_memclr4
    bsp.o(.text) refers to adc.o(i.ADCProcessorTrigger) for ADCProcessorTrigger
    bsp.o(.text) refers to adc.o(i.ADCIntStatus) for ADCIntStatus
    bsp.o(.text) refers to adc.o(i.ADCSequenceDataGet) for ADCSequenceDataGet
    bsp.o(.text) refers to eprom_driver.o(.text) for eeprom_read
    bsp.o(.text) refers to sysctl.o(i.SysCtlDeepSleep) for SysCtlDeepSleep
    bsp.o(.text) refers to bsp.o(.data) for cnt
    bsp.o(.text) refers to bsp.o(.constdata) for __FUNCTION__
    osal.o(.text) refers to interrupt.o(i.IntMasterDisable) for IntMasterDisable
[...]
    USBLPMIntEnable                          0x000225a3   Thumb Code    12  usb.o(i.USBLPMIntEnable)
    USBLPMIntStatus                          0x000225af   Thumb Code     6  usb.o(i.USBLPMIntStatus)
    USBLibDMAInit                            0x000225b5   Thumb Code   232  usbdma.o(i.USBLibDMAInit)
    USBNumEndpointsGet                       0x00022711   Thumb Code    10  usb.o(i.USBNumEndpointsGet)
    USBOTGMode                               0x0002271b   Thumb Code     8  usb.o(i.USBOTGMode)
    USBOTGSessionRequest                     0x00022723   Thumb Code    22  usb.o(i.USBOTGSessionRequest)
    USBStackModeSet                          0x000227c1   Thumb Code    24  usbmode.o(i.USBStackModeSet)
    USBULPIDisable                           0x000227dd   Thumb Code    16  usb.o(i.USBULPIDisable)
    USBULPIEnable                            0x000227ed   Thumb Code    16  usb.o(i.USBULPIEnable)
    USBULPIRegRead                           0x000227fd   Thumb Code    32  usb.o(i.USBULPIRegRead)
    USBULPIRegWrite                          0x0002281d   Thumb Code    32  usb.o(i.USBULPIRegWrite)
    __ARM_fpclassify                         0x0002283d   Thumb Code    48  fpclassify.o(i.__ARM_fpclassify)
    __hardfp_atof                            0x00022871   Thumb Code    44  atof.o(i.__hardfp_atof)
    __hardfp_ldexp                           0x000228a9   Thumb Code   216  ldexp.o(i.__hardfp_ldexp)
    __mathlib_dbl_underflow                  0x00022991   Thumb Code    24  dunder.o(i.__mathlib_dbl_underflow)
    __mathlib_narrow                         0x000229b1   Thumb Code   166  narrow.o(i.__mathlib_narrow)
    __support_ldexp                          0x00022a69   Thumb Code    20  ldexp.o(i.__support_ldexp)
    _is_digit                                0x00022a7d   Thumb Code    14  __printf_wp.o(i._is_digit)
    frexp                                    0x00022a91   Thumb Code   134  frexp.o(i.frexp)
    uDMAChannelAttributeDisable              0x00022db9   Thumb Code    66  udma.o(i.uDMAChannelAttributeDisable)
    uDMAChannelControlSet                    0x00022e01   Thumb Code    24  udma.o(i.uDMAChannelControlSet)
    uDMAChannelDisable                       0x00022e21   Thumb Code    16  udma.o(i.uDMAChannelDisable)
    uDMAChannelEnable                        0x00022e35   Thumb Code    16  udma.o(i.uDMAChannelEnable)
    uDMAChannelModeGet                       0x00022e49   Thumb Code    34  udma.o(i.uDMAChannelModeGet)
    uDMAChannelTransferSet                   0x00022e71   Thumb Code   124  udma.o(i.uDMAChannelTransferSet)
    uDMAControlBaseSet                       0x00022ef1   Thumb Code     6  udma.o(i.uDMAControlBaseSet)
    uDMAEnable                               0x00022efd   Thumb Code     8  udma.o(i.uDMAEnable)
    _get_lc_numeric                          0x000232c9   Thumb Code    44  lc_numeric_c.o(locale$$code)
    _get_lc_ctype                            0x000232f5   Thumb Code    44  lc_ctype_c.o(locale$$code)
    __aeabi_d2f                              0x00023321   Thumb Code     0  d2f.o(x$fpl$d2f)
    _d2f                                     0x00023321   Thumb Code    98  d2f.o(x$fpl$d2f)
    __aeabi_dadd                             0x00023385   Thumb Code     0  daddsub_clz.o(x$fpl$dadd)
    _dadd                                    0x00023385   Thumb Code   332  daddsub_clz.o(x$fpl$dadd)
    __fpl_dcheck_NaN1                        0x000234d5   Thumb Code    10  dcheck1.o(x$fpl$dcheck1)
    __fpl_dcmp_Inf                           0x000234e5   Thumb Code    24  dcmpi.o(x$fpl$dcmpinf)
    __aeabi_ddiv                             0x000234fd   Thumb Code     0  ddiv.o(x$fpl$ddiv)
    _ddiv                                    0x000234fd   Thumb Code   552  ddiv.o(x$fpl$ddiv)
    __aeabi_cdcmpeq                          0x000237ad   Thumb Code     0  deqf.o(x$fpl$deqf)
    _dcmpeq                                  0x000237ad   Thumb Code   120  deqf.o(x$fpl$deqf)
    __aeabi_d2iz                             0x00023825   Thumb Code     0  dfix.o(x$fpl$dfix)
    _dfix                                    0x00023825   Thumb Code    94  dfix.o(x$fpl$dfix)
    __aeabi_i2d                              0x00023883   Thumb Code     0  dflt_clz.o(x$fpl$dflt)
    _dflt                                    0x00023883   Thumb Code    46  dflt_clz.o(x$fpl$dflt)
    __aeabi_ui2d                             0x000238b1   Thumb Code     0  dflt_clz.o(x$fpl$dfltu)
    _dfltu                                   0x000238b1   Thumb Code    38  dflt_clz.o(x$fpl$dfltu)
    __aeabi_cdcmple                          0x000238d9   Thumb Code     0  dleqf.o(x$fpl$dleqf)
    _dcmple                                  0x000238d9   Thumb Code   120  dleqf.o(x$fpl$dleqf)
    __fpl_dcmple_InfNaN                      0x0002393b   Thumb Code     0  dleqf.o(x$fpl$dleqf)
    __aeabi_dmul                             0x00023951   Thumb Code     0  dmul.o(x$fpl$dmul)
    _dmul                                    0x00023951   Thumb Code   332  dmul.o(x$fpl$dmul)
    __fpl_dnaninf                            0x00023aa5   Thumb Code   156  dnaninf.o(x$fpl$dnaninf)
    __fpl_dretinf                            0x00023b41   Thumb Code    12  dretinf.o(x$fpl$dretinf)
    __aeabi_cdrcmple                         0x00023b4d   Thumb Code     0  drleqf.o(x$fpl$drleqf)
    _drcmple                                 0x00023b4d   Thumb Code   108  drleqf.o(x$fpl$drleqf)
    __aeabi_dsub                             0x00023bb9   Thumb Code     0  daddsub_clz.o(x$fpl$dsub)
    _dsub                                    0x00023bb9   Thumb Code   464  daddsub_clz.o(x$fpl$dsub)
    __aeabi_f2d                              0x00023d8d   Thumb Code     0  f2d.o(x$fpl$f2d)
    _f2d                                     0x00023d8d   Thumb Code    86  f2d.o(x$fpl$f2d)
    __fpl_fnaninf                            0x00023de3   Thumb Code   140  fnaninf.o(x$fpl$fnaninf)
    _fp_init                                 0x00023e6f   Thumb Code    10  fpinit.o(x$fpl$fpinit)
    __fplib_config_fpu_vfp                   0x00023e77   Thumb Code     0  fpinit.o(x$fpl$fpinit)
    __fplib_config_pureend_doubles           0x00023e77   Thumb Code     0  fpinit.o(x$fpl$fpinit)
    __fpl_fretinf                            0x00023e79   Thumb Code    10  fretinf.o(x$fpl$fretinf)
    _printf_fp_dec                           0x00023e83   Thumb Code     4  printf1.o(x$fpl$printf1)
    __fpl_return_NaN                         0x00023e87   Thumb Code   100  retnan.o(x$fpl$retnan)
    __ARM_scalbn                             0x00023eeb   Thumb Code    92  scalbn.o(x$fpl$scalbn)
    _scanf_real                              0x00023f47   Thumb Code     4  scanf1.o(x$fpl$scanf1)
    _scanf_hex_real                          0x00023f4b   Thumb Code     4  scanf2.o(x$fpl$scanf2)
    _scanf_infnan                            0x00023f4f   Thumb Code     4  scanf2.o(x$fpl$scanf2)
    __fpl_cmpreturn                          0x00023f53   Thumb Code    48  trapv.o(x$fpl$trapveneer)
    __I$use$fp                               0x00023f82   Number         0  usenofp.o(x$fpl$usenofp)
    gTaskArr                                 0x0002408c   Data          28  osal_task.o(.constdata)
    gTaskCnt                                 0x000240a8   Data           1  osal_task.o(.constdata)
    constant_src_name                        0x0002459c   Data          28  system_task.o(.constdata)
    constant_src_name_2                      0x000245b8   Data          28  system_task.o(.constdata)
    DEF_DIO_CMD                              0x00024998   Data          40  mdc_dio.o(.constdata)
    DEF_DIO_NAME                             0x000249c0   Data          40  mdc_dio.o(.constdata)
    DEF_USB_CMD                              0x000249e8   Data          24  mdc_usb.o(.constdata)
    DEF_USB_NAME                             0x00024a00   Data          24  mdc_usb.o(.constdata)
    DEF_BLU_CMD                              0x00024a24   Data           8  mdc_bt.o(.constdata)
    DEF_BLU_NAME                             0x00024a2c   Data           8  mdc_bt.o(.constdata)
    DEF_HDMI_CMD                             0x00024a40   Data          24  mdc_hdmi.o(.constdata)
    DEF_HDMI_NAME                            0x00024a58   Data          24  mdc_hdmi.o(.constdata)
    DEF_ANA_CMD                              0x00024a88   Data          24  mdc_ana.o(.constdata)
    DEF_ANA_NAME                             0x00024aa0   Data          24  mdc_ana.o(.constdata)
    DEF_HDMI_V2_CMD                          0x00024ad8   Data          32  mdc_hdmi_v2.o(.constdata)
    DEF_HDMI_V2_NAME                         0x00024af8   Data          32  mdc_hdmi_v2.o(.constdata)
    g_sUSBHostMSCClassDriver                 0x0002500c   Data          16  usbhmsc.o(.constdata)
    Region$$Table$$Base                      0x000255d8   Number         0  anon$$obj.o(Region$$Table)
    Region$$Table$$Limit                     0x000255f8   Number         0  anon$$obj.o(Region$$Table)
    __aeabi_HUGE_VAL                         0x000255f8   Data           0  fpconst.o(c$$dinf)
    __aeabi_HUGE_VALL                        0x000255f8   Data           0  fpconst.o(c$$dinf)
    __aeabi_INFINITY                         0x000255f8   Data           0  fpconst.o(c$$dinf)
    __dInf                                   0x000255f8   Data           0  fpconst.o(c$$dinf)
    __huge_val                               0x000255f8   Data           0  fpconst.o(c$$dinf)
    __ctype                                  0x00025629   Data           0  lc_ctype_c.o(locale$$data)
    Load$$INIT_SECTION$$Base                 0x0002572c   Number         0  anon$$obj.o ABSOLUTE
    __init_cmd_help                          0x0002572c   Data          16  osal_console.o(INIT_CMD)
    __init_cmd_printEnv                      0x0002573c   Data          16  osal_console.o(INIT_CMD)
    __init_cmd_setEnv                        0x0002574c   Data          16  osal_console.o(INIT_CMD)
    __init_cmd_getEnv                        0x0002575c   Data          16  osal_console.o(INIT_CMD)
    __init_cmd_saveEnv                       0x0002576c   Data          16  osal_console.o(INIT_CMD)
    __init_cmd_psrc                          0x0002577c   Data          16  system_task.o(INIT_CMD)
    __init_cmd_srcn                          0x0002578c   Data          16  system_task.o(INIT_CMD)
    __init_cmd_srcp                          0x0002579c   Data          16  system_task.o(INIT_CMD)
    __init_cmd_po                            0x000257ac   Data          16  system_task.o(INIT_CMD)
    __init_cmd_lcd                           0x000257bc   Data          16  system_task.o(INIT_CMD)
    __init_cmd_pin                           0x000257cc   Data          16  system_task.o(INIT_CMD)
    __init_cmd_hc595                         0x000257dc   Data          16  system_task.o(INIT_CMD)
    __init_cmd_hc595_init                    0x000257ec   Data          16  system_task.o(INIT_CMD)
    __init_cmd_srcRst                        0x000257fc   Data          16  system_task.o(INIT_CMD)
    __init_cmd_mdc                           0x0002580c   Data          16  system_task.o(INIT_CMD)
    __init_cmd_bt                            0x0002581c   Data          16  system_task.o(INIT_CMD)
    __init_cmd_filen                         0x0002582c   Data          16  system_task.o(INIT_CMD)
    __init_cmd_factory                       0x0002583c   Data          16  system_task.o(INIT_CMD)
    __init_cmd_pop                           0x0002584c   Data          16  system_task.o(INIT_CMD)
    __init_cmd_upgrade                       0x0002585c   Data          16  system_task.o(INIT_CMD)
    __init_cmd_dis                           0x0002586c   Data          16  display_task.o(INIT_CMD)
    __init_cmd_pcm                           0x0002587c   Data          16  pcm1795.o(INIT_CMD)
    __init_cmd_aud                           0x0002588c   Data          16  src4382.o(INIT_CMD)
    __init_cmd_srct                          0x0002589c   Data          16  src4382.o(INIT_CMD)
    __init_cmd_eppw                          0x000258ac   Data          16  eprom_driver.o(INIT_CMD)
    __init_cmd_eppr                          0x000258bc   Data          16  eprom_driver.o(INIT_CMD)
    osal_qHead                               0x20000004   Data           4  osal.o(.data)
    log_on_nad                               0x20000020   Data           1  osal_port.o(.data)
    pTaskEvents                              0x20000024   Data           4  osal_task.o(.data)
    gtimerHead                               0x20000028   Data           4  osal_timer.o(.data)
    keylist                                  0x20000090   Data         160  osal_key.o(.data)
    ring_list                                0x20000130   Data          28  osal_ringbuf.o(.data)
    detectlist                               0x2000014c   Data         160  osal_detect.o(.data)
    version                                  0x200001ec   Data           4  main.o(.data)
    gSysClock                                0x200001f0   Data           4  main.o(.data)
    gTickCount                               0x200001f4   Data           4  main.o(.data)
    g_psMSCInstance                          0x20000204   Data           4  usb_stick_update.o(.data)
    gSlot                                    0x20000222   Data           1  usb_stick_update.o(.data)
    gusb_crc                                 0x20000224   Data           2  usb_stick_update.o(.data)
    gBlockAddr                               0x20000228   Data           4  usb_stick_update.o(.data)
    g_eState                                 0x2000022d   Data           1  usb_stick_update.o(.data)
    g_ui32SysClock                           0x20000230   Data           4  usb_stick_update.o(.data)
    gUpgradeTaskID                           0x20000234   Data           1  usb_stick_update.o(.data)
    gSTTID                                   0x20000248   Data           1  soft_timer_task.o(.data)
    gSoft                                    0x2000024c   Data           4  soft_timer_task.o(.data)
    ir_channel                               0x20000250   Data           4  system_task.o(.data)
    gSys                                     0x20000258   Data           4  system_task.o(.data)
    gSysTaskID                               0x2000025c   Data           1  system_task.o(.data)
    gSystem_t                                0x20000260   Data           4  system_task.o(.data)
    gCurMenu                                 0x20000264   Data           1  system_task.o(.data)
    gSrcListHead                             0x20000268   Data           4  system_task.o(.data)
    gCurSrc                                  0x2000026c   Data           4  system_task.o(.data)
    gFileListHead                            0x20000270   Data           8  system_task.o(.data)
    gCurFile                                 0x20000278   Data           8  system_task.o(.data)
    gPlayTime                                0x20000280   Data           2  system_task.o(.data)
    gSrollBuf                                0x20000284   Data           4  system_task.o(.data)
    gcurrent_usb_file_cnt                    0x20000288   Data           1  system_task.o(.data)
    gCurrent_usb_record_file_cnt             0x20000289   Data           1  system_task.o(.data)
    gCurTitle                                0x2000028c   Data           8  system_task.o(.data)
    gDisTaskID                               0x200002a0   Data           1  display_task.o(.data)
    gDisplay                                 0x200002a4   Data           4  display_task.o(.data)
    gMenuHead                                0x200002a8   Data           4  display_task.o(.data)
    cur_menu                                 0x200002ac   Data           4  display_task.o(.data)
    gBT_TaskID                               0x200002b1   Data           1  bt_task.o(.data)
    gBT                                      0x200002b4   Data           4  bt_task.o(.data)
    gMdcTaskID                               0x200002b8   Data           1  mdc_task.o(.data)
    gMdcMsg_t                                0x200002bc   Data           4  mdc_task.o(.data)
    nad_app_echo                             0x200002c0   Data           1  nad_uart_app_task.o(.data)
    gNADUartID                               0x200002c2   Data           1  nad_uart_app_task.o(.data)
    gNADUart                                 0x200002c4   Data           4  nad_uart_app_task.o(.data)
    ir_commond                               0x200002c8   Data          33  ir_driver.o(.data)
    repeat_commond                           0x200002e9   Data           1  ir_driver.o(.data)
    repeat_thres                             0x200002ea   Data           1  ir_driver.o(.data)
    gIr_timeout                              0x200002ec   Data           2  ir_driver.o(.data)
    CardTypeName                             0x20000368   Data          28  mdc.o(.data)
    gMdc                                     0x20000390   Data           4  mdc.o(.data)
    g_iUSBMode                               0x200003cc   Data           1  usbmode.o(.data)
    g_eOTGModeState                          0x200003ce   Data           1  usbmode.o(.data)
    g_ui32WaitTicks                          0x200003d0   Data           4  usbmode.o(.data)
    g_ui32PollRate                           0x200003d4   Data           4  usbmode.o(.data)
    g_bUSBTimerInitialized                   0x200003e4   Data           1  usbtick.o(.data)
    g_ui32CurrentUSBTick                     0x200003e8   Data           4  usbtick.o(.data)
    g_ui32USBSOFCount                        0x200003ec   Data           4  usbtick.o(.data)
    console                                  0x20000474   Data         514  serial.o(.bss)
    nad_app                                  0x20000676   Data         514  serial.o(.bss)
    bt_uart                                  0x20000878   Data         514  serial.o(.bss)
    current_record                           0x20000e00   Data         272  usb_stick_update.o(.bss)
    g_sDMAControlTable                       0x20001000   Data          96  usb_stick_update.o(.bss)
    g_pHCDPool                               0x20001060   Data         128  usb_stick_update.o(.bss)
    ir_front                                 0x20001604   Data         514  ir_driver.o(.bss)
    ir_in                                    0x20001806   Data         514  ir_driver.o(.bss)
    mdc_slot1                                0x20001a20   Data         514  mdc.o(.bss)
    mdc_slot2                                0x20001c22   Data         514  mdc.o(.bss)
    g_pfnTickHandlers                        0x20002894   Data          24  usbtick.o(.bss)
    g_pvTickInstance                         0x200028ac   Data          24  usbtick.o(.bss)
    __libspace_start                         0x200028c4   Data          96  libspace.o(.bss)
    __temporary_stack_top$libspace           0x20002924   Data           0  libspace.o(.bss)



==============================================================================

Memory Map of the image

  Image Entry point : 0x0000d21d

  Load Region LR_IROM1 (Base: 0x0000d000, Size: 0x00018cc0, Max: 0x000f3000, ABSOLUTE, COMPRESSED[0x00018a88])

    Execution Region ER_IROM1 (Base: 0x0000d000, Size: 0x0001872c, Max: 0x000f3000, ABSOLUTE)

    Base Addr    Size         Type   Attr      Idx    E Section Name        Object

    0x0000d000   0x0000021c   Code   RO            3    RESET               startup_rvmdk.o
    0x0000d21c   0x00000008   Code   RO         5266  * !!!main             c_w.l(__main.o)
    0x0000d224   0x00000034   Code   RO         5733    !!!scatter          c_w.l(__scatter.o)
    0x0000d258   0x0000005a   Code   RO         5731    !!dczerorl2         c_w.l(__dczerorl2.o)
    0x0000d2b2   0x00000002   PAD
    0x0000d2b4   0x0000001c   Code   RO         5735    !!handler_zi        c_w.l(__scatter_zi.o)
    0x0000d2d0   0x00000000   Code   RO         5224    .ARM.Collect$$_printf_percent$$00000000  c_w.l(_printf_percent.o)
    0x0000d2d0   0x00000006   Code   RO         5392    .ARM.Collect$$_printf_percent$$00000001  c_w.l(_printf_n.o)
    0x0000d2d6   0x00000006   Code   RO         5394    .ARM.Collect$$_printf_percent$$00000002  c_w.l(_printf_p.o)
    0x0000d2dc   0x00000006   Code   RO         5398    .ARM.Collect$$_printf_percent$$00000003  c_w.l(_printf_f.o)
    0x0000d2e2   0x00000006   Code   RO         5399    .ARM.Collect$$_printf_percent$$00000004  c_w.l(_printf_e.o)
    0x0000d2e8   0x00000006   Code   RO         5400    .ARM.Collect$$_printf_percent$$00000005  c_w.l(_printf_g.o)
    0x0000d2ee   0x00000006   Code   RO         5401    .ARM.Collect$$_printf_percent$$00000006  c_w.l(_printf_a.o)
    0x0000d2f4   0x0000000a   Code   RO         5406    .ARM.Collect$$_printf_percent$$00000007  c_w.l(_printf_ll.o)
    0x0000d2fe   0x00000006   Code   RO         5396    .ARM.Collect$$_printf_percent$$00000008  c_w.l(_printf_i.o)
    0x0000d304   0x00000006   Code   RO         5223    .ARM.Collect$$_printf_percent$$00000009  c_w.l(_printf_d.o)
    0x0000d30a   0x00000006   Code   RO         5397    .ARM.Collect$$_printf_percent$$0000000A  c_w.l(_printf_u.o)
    0x0000d310   0x00000006   Code   RO         5395    .ARM.Collect$$_printf_percent$$0000000B  c_w.l(_printf_o.o)
    0x0000d316   0x00000006   Code   RO         5393    .ARM.Collect$$_printf_percent$$0000000C  c_w.l(_printf_x.o)
    0x0000d31c   0x00000006   Code   RO         5403    .ARM.Collect$$_printf_percent$$0000000D  c_w.l(_printf_lli.o)
    0x0000d322   0x00000006   Code   RO         5404    .ARM.Collect$$_printf_percent$$0000000E  c_w.l(_printf_lld.o)
    0x0000d328   0x00000006   Code   RO         5405    .ARM.Collect$$_printf_percent$$0000000F  c_w.l(_printf_llu.o)
    0x0000d32e   0x00000006   Code   RO         5410    .ARM.Collect$$_printf_percent$$00000010  c_w.l(_printf_llo.o)
    0x0000d334   0x00000006   Code   RO         5411    .ARM.Collect$$_printf_percent$$00000011  c_w.l(_printf_llx.o)
    0x0000d33a   0x0000000a   Code   RO         5407    .ARM.Collect$$_printf_percent$$00000012  c_w.l(_printf_l.o)
    0x0000d344   0x00000006   Code   RO         5391    .ARM.Collect$$_printf_percent$$00000013  c_w.l(_printf_c.o)
    0x0000d34a   0x00000006   Code   RO         5222    .ARM.Collect$$_printf_percent$$00000014  c_w.l(_printf_s.o)
    0x0000d350   0x00000006   Code   RO         5408    .ARM.Collect$$_printf_percent$$00000015  c_w.l(_printf_lc.o)
    0x0000d356   0x00000006   Code   RO         5409    .ARM.Collect$$_printf_percent$$00000016  c_w.l(_printf_ls.o)
    0x0000d35c   0x00000004   Code   RO         5402    .ARM.Collect$$_printf_percent$$00000017  c_w.l(_printf_percent_end.o)
    0x0000d360   0x00000002   Code   RO         5634    .ARM.Collect$$libinit$$00000000  c_w.l(libinit.o)
    0x0000d362   0x00000004   Code   RO         5432    .ARM.Collect$$libinit$$00000001  c_w.l(libinit2.o)
    0x0000d366   0x00000008   Code   RO         5434    .ARM.Collect$$libinit$$00000003  c_w.l(libinit2.o)
    0x0000d36e   0x00000000   Code   RO         5436    .ARM.Collect$$libinit$$00000008  c_w.l(libinit2.o)
    0x0000d36e   0x00000000   Code   RO         5438    .ARM.Collect$$libinit$$0000000A  c_w.l(libinit2.o)
    0x0000d36e   0x00000000   Code   RO         5440    .ARM.Collect$$libinit$$0000000C  c_w.l(libinit2.o)
    0x0000d36e   0x00000006   Code   RO         5441    .ARM.Collect$$libinit$$0000000D  c_w.l(libinit2.o)
    0x0000d374   0x00000000   Code   RO         5443    .ARM.Collect$$libinit$$0000000F  c_w.l(libinit2.o)
    0x0000d374   0x0000000c   Code   RO         5444    .ARM.Collect$$libinit$$00000010  c_w.l(libinit2.o)
    0x0000d380   0x00000000   Code   RO         5445    .ARM.Collect$$libinit$$00000011  c_w.l(libinit2.o)
    0x0000d380   0x00000000   Code   RO         5447    .ARM.Collect$$libinit$$00000013  c_w.l(libinit2.o)
    0x0000d380   0x0000000a   Code   RO         5448    .ARM.Collect$$libinit$$00000014  c_w.l(libinit2.o)
    0x0000d38a   0x00000000   Code   RO         5449    .ARM.Collect$$libinit$$00000015  c_w.l(libinit2.o)
    0x0000d38a   0x00000000   Code   RO         5451    .ARM.Collect$$libinit$$00000017  c_w.l(libinit2.o)
    0x0000d38a   0x00000000   Code   RO         5453    .ARM.Collect$$libinit$$00000019  c_w.l(libinit2.o)
    0x0000d38a   0x00000000   Code   RO         5455    .ARM.Collect$$libinit$$0000001B  c_w.l(libinit2.o)
    0x0000d38a   0x00000000   Code   RO         5457    .ARM.Collect$$libinit$$0000001D  c_w.l(libinit2.o)
    0x0000d38a   0x00000000   Code   RO         5459    .ARM.Collect$$libinit$$0000001F  c_w.l(libinit2.o)
    0x0000d38a   0x00000000   Code   RO         5461    .ARM.Collect$$libinit$$00000021  c_w.l(libinit2.o)
    0x0000d38a   0x00000000   Code   RO         5463    .ARM.Collect$$libinit$$00000023  c_w.l(libinit2.o)
    0x0000d38a   0x00000000   Code   RO         5467    .ARM.Collect$$libinit$$0000002A  c_w.l(libinit2.o)
    0x0000d38a   0x00000000   Code   RO         5469    .ARM.Collect$$libinit$$0000002C  c_w.l(libinit2.o)
    0x0000d38a   0x00000000   Code   RO         5471    .ARM.Collect$$libinit$$0000002E  c_w.l(libinit2.o)
    0x0000d38a   0x00000000   Code   RO         5473    .ARM.Collect$$libinit$$00000030  c_w.l(libinit2.o)
    0x0000d38a   0x00000002   Code   RO         5474    .ARM.Collect$$libinit$$00000031  c_w.l(libinit2.o)
    0x0000d38c   0x00000002   Code   RO         5722    .ARM.Collect$$libshutdown$$00000000  c_w.l(libshutdown.o)
    0x0000d38e   0x00000000   Code   RO         5659    .ARM.Collect$$libshutdown$$00000003  c_w.l(libshutdown2.o)
    0x0000d38e   0x00000000   Code   RO         5662    .ARM.Collect$$libshutdown$$00000006  c_w.l(libshutdown2.o)
    0x0000d38e   0x00000000   Code   RO         5665    .ARM.Collect$$libshutdown$$00000009  c_w.l(libshutdown2.o)
    0x0000d38e   0x00000000   Code   RO         5667    .ARM.Collect$$libshutdown$$0000000B  c_w.l(libshutdown2.o)
    0x0000d38e   0x00000000   Code   RO         5670    .ARM.Collect$$libshutdown$$0000000E  c_w.l(libshutdown2.o)
    0x0000d38e   0x00000002   Code   RO         5671    .ARM.Collect$$libshutdown$$0000000F  c_w.l(libshutdown2.o)
    0x0000d390   0x00000000   Code   RO         5310    .ARM.Collect$$rtentry$$00000000  c_w.l(rtentry.o)
    0x0000d390   0x00000000   Code   RO         5494    .ARM.Collect$$rtentry$$00000002  c_w.l(rtentry2.o)
    0x0000d390   0x00000006   Code   RO         5506    .ARM.Collect$$rtentry$$00000004  c_w.l(rtentry4.o)
    0x0000d396   0x00000000   Code   RO         5496    .ARM.Collect$$rtentry$$00000009  c_w.l(rtentry2.o)
    0x0000d396   0x00000004   Code   RO         5497    .ARM.Collect$$rtentry$$0000000A  c_w.l(rtentry2.o)
    0x0000d39a   0x00000000   Code   RO         5499    .ARM.Collect$$rtentry$$0000000C  c_w.l(rtentry2.o)
    0x0000d39a   0x00000008   Code   RO         5500    .ARM.Collect$$rtentry$$0000000D  c_w.l(rtentry2.o)
    0x0000d3a2   0x00000002   Code   RO         5645    .ARM.Collect$$rtexit$$00000000  c_w.l(rtexit.o)
    0x0000d3a4   0x00000000   Code   RO         5691    .ARM.Collect$$rtexit$$00000002  c_w.l(rtexit2.o)
    0x0000d3a4   0x00000004   Code   RO         5692    .ARM.Collect$$rtexit$$00000003  c_w.l(rtexit2.o)
    0x0000d3a8   0x00000006   Code   RO         5693    .ARM.Collect$$rtexit$$00000004  c_w.l(rtexit2.o)
    0x0000d3ae   0x00000002   PAD
    0x0000d3b0   0x00000006   Code   RO         2250    .emb_text           driverlib.lib(sysctl.o)
    0x0000d3b6   0x00000002   PAD
    0x0000d3b8   0x00000026   Code   RO         3868    .emb_text           driverlib.lib(cpu.o)
    0x0000d3de   0x00000002   PAD
    0x0000d3e0   0x00000000   Code   RO         5517    .emb_text           c_w.l(maybetermalloc1.o)
    0x0000d3e0   0x0000001c   Code   RO            4    .text               startup_rvmdk.o
    0x0000d3fc   0x00000920   Code   RO           11    .text               bsp.o
    0x0000dd1c   0x00000218   Code   RO          134    .text               osal.o
    0x0000df34   0x000009c4   Code   RO          156    .text               osal_env.o
    0x0000e8f8   0x00000180   Code   RO          184    .text               osal_port.o
    0x0000ea78   0x000001e8   Code   RO          212    .text               osal_task.o
    0x0000ec60   0x000001b0   Code   RO          300    .text               osal_timer.o
    0x0000ee10   0x00000110   Code   RO          315    .text               osal_utility.o
    0x0000ef20   0x000002d8   Code   RO          329    .text               osal_console.o
    0x0000f1f8   0x000003d4   Code   RO          349    .text               osal_soft_iic.o
    0x0000f5cc   0x00000180   Code   RO          373    .text               osal_key.o
    0x0000f74c   0x0000021c   Code   RO          394    .text               osal_ringbuf.o
    0x0000f968   0x000002f4   Code   RO          411    .text               osal_detect.o
    0x0000fc5c   0x000001d0   Code   RO          427    .text               main.o
    0x0000fe2c   0x000001e8   Code   RO          511    .text               serial.o
    0x00010014   0x0000019c   Code   RO          530    .text               ui.o
    0x000101b0   0x0000097c   Code   RO          550    .text               usb_stick_update.o
    0x00010b2c   0x00000354   Code   RO          593    .text               simple_fs.o
    0x00010e80   0x000001a8   Code   RO          614    .text               soft_timer_task.o
    0x00011028   0x00004678   Code   RO          640    .text               system_task.o
    0x000156a0   0x0000120c   Code   RO          685    .text               display_task.o
    0x000168ac   0x000001f0   Code   RO          708    .text               bt_task.o
    0x00016a9c   0x0000026c   Code   RO          727    .text               mdc_task.o
    0x00016d08   0x0000027c   Code   RO          745    .text               nad_uart_app_task.o
    0x00016f84   0x000000e8   Code   RO          764    .text               pcm1795.o
    0x0001706c   0x00000658   Code   RO          783    .text               src4382.o
    0x000176c4   0x000001d4   Code   RO          802    .text               njw1194.o
    0x00017898   0x0000040c   Code   RO          818    .text               ir_driver.o
    0x00017ca4   0x00000228   Code   RO          842    .text               eprom_driver.o
    0x00017ecc   0x0000014c   Code   RO          862    .text               74hc595.o
    0x00018018   0x000002e8   Code   RO          897    .text               lcd_driver.o
    0x00018300   0x000017f8   Code   RO          914    .text               mdc.o
    0x00019af8   0x0000018c   Code   RO          964    .text               mdc_dio.o
    0x00019c84   0x00000cc4   Code   RO          988    .text               mdc_usb.o
    0x0001a948   0x00000784   Code   RO         1013    .text               mdc_bt.o
    0x0001b0cc   0x000001ec   Code   RO         1038    .text               mdc_hdmi.o
    0x0001b2b8   0x00000440   Code   RO         1061    .text               mdc_ana.o
    0x0001b6f8   0x000009b0   Code   RO         1085    .text               mdc_hdmi_v2.o
    0x0001c0a8   0x0000005e   Code   RO         5132    .text               c_w.l(h1_alloc.o)
    0x0001c106   0x0000004e   Code   RO         5134    .text               c_w.l(h1_free.o)
    0x0001c154   0x00000024   Code   RO         5190    .text               c_w.l(c89vsprintf.o)
    0x0001c178   0x0000002c   Code   RO         5192    .text               c_w.l(__2sprintf.o)
    0x0001c1a4   0x00000052   Code   RO         5198    .text               c_w.l(_printf_str.o)
    0x0001c1f6   0x00000002   PAD
    0x0001c1f8   0x00000078   Code   RO         5200    .text               c_w.l(_printf_dec.o)
    0x0001c270   0x0000018c   Code   RO         5219    .text               c_w.l(__printf_flags_ss_wp.o)
    0x0001c3fc   0x0000003c   Code   RO         5225    .text               c_w.l(__0sscanf.o)
    0x0001c438   0x00000150   Code   RO         5227    .text               c_w.l(_scanf_int.o)
    0x0001c588   0x000000da   Code   RO         5229    .text               c_w.l(_scanf_str.o)
    0x0001c662   0x0000001a   Code   RO         5231    .text               c_w.l(atoi.o)
    0x0001c67c   0x0000000c   Code   RO         5233    .text               c_w.l(strtok.o)
    0x0001c688   0x00000014   Code   RO         5236    .text               c_w.l(strchr.o)
    0x0001c69c   0x00000024   Code   RO         5238    .text               c_w.l(strstr.o)
    0x0001c6c0   0x00000048   Code   RO         5240    .text               c_w.l(strcpy.o)
    0x0001c708   0x00000032   Code   RO         5242    .text               c_w.l(strncasecmp.o)
    0x0001c73a   0x0000002a   Code   RO         5244    .text               c_w.l(strcasecmp.o)
    0x0001c764   0x0000003e   Code   RO         5246    .text               c_w.l(strlen.o)
    0x0001c7a2   0x00000096   Code   RO         5248    .text               c_w.l(strncmp.o)
    0x0001c838   0x00000018   Code   RO         5250    .text               c_w.l(strcat.o)
    0x0001c850   0x0000008a   Code   RO         5252    .text               c_w.l(rt_memcpy_v6.o)
    0x0001c8da   0x00000084   Code   RO         5254    .text               c_w.l(rt_memmove_v6.o)
    0x0001c95e   0x00000044   Code   RO         5256    .text               c_w.l(rt_memclr.o)
    0x0001c9a2   0x0000004e   Code   RO         5258    .text               c_w.l(rt_memclr_w.o)
    0x0001c9f0   0x00000056   Code   RO         5260    .text               c_w.l(strncpy.o)
    0x0001ca46   0x00000002   PAD
    0x0001ca48   0x00000080   Code   RO         5262    .text               c_w.l(strcmpv7m.o)
    0x0001cac8   0x00000006   Code   RO         5264    .text               c_w.l(heapauxi.o)
    0x0001cace   0x00000002   PAD
    0x0001cad0   0x00000008   Code   RO         5314    .text               c_w.l(rt_heap_descriptor_intlibspace.o)
    0x0001cad8   0x00000008   Code   RO         5319    .text               c_w.l(rt_errno_addr_intlibspace.o)
    0x0001cae0   0x00000004   Code   RO         5321    .text               c_w.l(hguard.o)
    0x0001cae4   0x0000008a   Code   RO         5323    .text               c_w.l(init_alloc.o)
    0x0001cb6e   0x0000000e   Code   RO         5327    .text               c_w.l(h1_init.o)
    0x0001cb7c   0x00000016   Code   RO         5341    .text               c_w.l(_rserrno.o)
    0x0001cb92   0x0000001a   Code   RO         5343    .text               c_w.l(tolower.o)
    0x0001cbac   0x00000052   Code   RO         5345    .text               c_w.l(_printf_pad.o)
    0x0001cbfe   0x00000024   Code   RO         5347    .text               c_w.l(_printf_truncate.o)
    0x0001cc22   0x000000b8   Code   RO         5349    .text               c_w.l(_printf_intcommon.o)
    0x0001ccda   0x0000002a   Code   RO         5351    .text               c_w.l(_printf_charcount.o)
    0x0001cd04   0x00000030   Code   RO         5353    .text               c_w.l(_printf_char_common.o)
    0x0001cd34   0x0000000a   Code   RO         5355    .text               c_w.l(_sputc.o)
    0x0001cd3e   0x0000002c   Code   RO         5357    .text               c_w.l(_printf_char.o)
    0x0001cd6a   0x00000002   PAD
    0x0001cd6c   0x000000bc   Code   RO         5359    .text               c_w.l(_printf_wctomb.o)
    0x0001ce28   0x00000078   Code   RO         5362    .text               c_w.l(_printf_longlong_dec.o)
    0x0001cea0   0x00000078   Code   RO         5368    .text               c_w.l(_printf_oct_int_ll.o)
    0x0001cf18   0x0000009c   Code   RO         5388    .text               c_w.l(_printf_hex_int_ll_ptr.o)
    0x0001cfb4   0x0000001c   Code   RO         5412    .text               c_w.l(_chval.o)
    0x0001cfd0   0x000004a4   Code   RO         5414    .text               c_w.l(scanf_fp.o)
    0x0001d474   0x0000002c   Code   RO         5416    .text               c_w.l(scanf_char.o)
    0x0001d4a0   0x00000040   Code   RO         5418    .text               c_w.l(_sgetc.o)
    0x0001d4e0   0x000000a0   Code   RO         5420    .text               c_w.l(strtod.o)
    0x0001d580   0x00000070   Code   RO         5422    .text               c_w.l(strtol.o)
    0x0001d5f0   0x00000044   Code   RO         5424    .text               c_w.l(strtok_int.o)
    0x0001d634   0x00000064   Code   RO         5426    .text               c_w.l(rt_memcpy_w.o)
    0x0001d698   0x0000007a   Code   RO         5428    .text               c_w.l(rt_memmove_w.o)
    0x0001d712   0x00000002   PAD
    0x0001d714   0x00000008   Code   RO         5490    .text               c_w.l(libspace.o)
    0x0001d71c   0x00000010   Code   RO         5508    .text               c_w.l(rt_ctype_table.o)
    0x0001d72c   0x00000008   Code   RO         5513    .text               c_w.l(rt_locale_intlibspace.o)
    0x0001d734   0x00000034   Code   RO         5519    .text               c_w.l(h1_extend.o)
    0x0001d768   0x0000008a   Code   RO         5523    .text               c_w.l(lludiv10.o)
    0x0001d7f2   0x00000012   Code   RO         5525    .text               c_w.l(isspace.o)
    0x0001d804   0x00000420   Code   RO         5527    .text               c_w.l(_printf_fp_dec.o)
    0x0001dc24   0x0000002c   Code   RO         5531    .text               c_w.l(_printf_wchar.o)
    0x0001dc50   0x00000370   Code   RO         5533    .text               c_w.l(_scanf.o)
    0x0001dfc0   0x0000009e   Code   RO         5535    .text               c_w.l(_strtoul.o)
    0x0001e05e   0x00000002   PAD
    0x0001e060   0x000000e4   Code   RO         5537    .text               c_w.l(bigflt0.o)
    0x0001e144   0x00000040   Code   RO         5562    .text               c_w.l(_wcrtomb.o)
    0x0001e184   0x0000000e   Code   RO         5567    .text               c_w.l(defsig_rtmem_outer.o)
    0x0001e192   0x00000020   Code   RO         5571    .text               c_w.l(strcspn.o)
    0x0001e1b2   0x0000001c   Code   RO         5573    .text               c_w.l(strspn.o)
    0x0001e1ce   0x00000002   Code   RO         5601    .text               c_w.l(use_no_semi.o)
    0x0001e1d0   0x00000000   Code   RO         5603    .text               c_w.l(indicate_semi.o)
    0x0001e1d0   0x0000004a   Code   RO         5604    .text               c_w.l(sys_stackheap_outer.o)
    0x0001e21a   0x00000002   PAD
    0x0001e21c   0x00000080   Code   RO         5610    .text               c_w.l(_printf_fp_infnan.o)
    0x0001e29c   0x00000314   Code   RO         5612    .text               c_w.l(scanf_hexfp.o)
    0x0001e5b0   0x0000013c   Code   RO         5614    .text               c_w.l(scanf_infnan.o)
    0x0001e6ec   0x0000000c   Code   RO         5619    .text               c_w.l(exit.o)
    0x0001e6f8   0x0000000a   Code   RO         5621    .text               c_w.l(defsig_exit.o)
    0x0001e702   0x00000002   PAD
    0x0001e704   0x00000050   Code   RO         5623    .text               c_w.l(defsig_rtmem_inner.o)
    0x0001e754   0x0000000c   Code   RO         5643    .text               c_w.l(sys_exit.o)
    0x0001e760   0x00000026   Code   RO         5651    .text               c_w.l(llshl.o)
    0x0001e786   0x00000032   Code   RO         5655    .text               c_w.l(defsig_general.o)
    0x0001e7b8   0x0000000e   Code   RO         5688    .text               c_w.l(sys_wrch.o)
    0x0001e7c6   0x0000003e   Code   RO         5540    CL$$btod_d2e        c_w.l(btod.o)
    0x0001e804   0x00000046   Code   RO         5542    CL$$btod_d2e_denorm_low  c_w.l(btod.o)
    0x0001e84a   0x00000060   Code   RO         5541    CL$$btod_d2e_norm_op1  c_w.l(btod.o)
    0x0001e8aa   0x00000338   Code   RO         5550    CL$$btod_div_common  c_w.l(btod.o)
    0x0001ebe2   0x00000002   PAD
    0x0001ebe4   0x00000054   Code   RO         5548    CL$$btod_e2d        c_w.l(btod.o)
    0x0001ec38   0x000000c6   Code   RO         5547    CL$$btod_e2e        c_w.l(btod.o)
    0x0001ecfe   0x00000028   Code   RO         5544    CL$$btod_ediv       c_w.l(btod.o)
    0x0001ed26   0x00000028   Code   RO         5546    CL$$btod_edivd      c_w.l(btod.o)
    0x0001ed4e   0x00000028   Code   RO         5543    CL$$btod_emul       c_w.l(btod.o)
    0x0001ed76   0x00000028   Code   RO         5545    CL$$btod_emuld      c_w.l(btod.o)
    0x0001ed9e   0x00000244   Code   RO         5549    CL$$btod_mult_common  c_w.l(btod.o)
    0x0001efe2   0x0000000e   Code   RO         1117    i.ADCHardwareOversampleConfigure  driverlib.lib(adc.o)
    0x0001eff0   0x0000000a   Code   RO         1118    i.ADCIntClear       driverlib.lib(adc.o)
    0x0001effa   0x00000034   Code   RO         1125    i.ADCIntStatus      driverlib.lib(adc.o)
    0x0001f02e   0x0000001a   Code   RO         1130    i.ADCProcessorTrigger  driverlib.lib(adc.o)
    0x0001f048   0x00000032   Code   RO         1133    i.ADCSequenceConfigure  driverlib.lib(adc.o)
    0x0001f07a   0x00000024   Code   RO         1136    i.ADCSequenceDataGet  driverlib.lib(adc.o)
    0x0001f09e   0x00000010   Code   RO         1137    i.ADCSequenceDisable  driverlib.lib(adc.o)
    0x0001f0ae   0x0000000e   Code   RO         1138    i.ADCSequenceEnable  driverlib.lib(adc.o)
    0x0001f0bc   0x00000084   Code   RO         1141    i.ADCSequenceStepConfigure  driverlib.lib(adc.o)
    0x0001f140   0x00000078   Code   RO         3451    i.ConfigDescAlloc   usblib.lib(usbhostenum.o)
    0x0001f1b8   0x00000044   Code   RO         3452    i.ConfigDescFree    usblib.lib(usbhostenum.o)
    0x0001f1fc   0x0000003e   Code   RO         4709    i.DMAUSBIntHandler  usblib.lib(usbdma.o)
    0x0001f23a   0x0000000e   Code   RO         4710    i.DMAUSBIntStatusClear  usblib.lib(usbdma.o)
    0x0001f248   0x00000004   Code   RO         4711    i.DMAUSBStatus      usblib.lib(usbdma.o)
    0x0001f24c   0x00000010   Code   RO         1379    i.FPULazyStackingEnable  driverlib.lib(fpu.o)
    0x0001f25c   0x00000028   Code   RO         1449    i.GPIODirModeSet    driverlib.lib(gpio.o)
    0x0001f284   0x00000006   Code   RO         1450    i.GPIOIntClear      driverlib.lib(gpio.o)
    0x0001f28a   0x0000000e   Code   RO         1452    i.GPIOIntEnable     driverlib.lib(gpio.o)
    0x0001f298   0x0000000e   Code   RO         1454    i.GPIOIntStatus     driverlib.lib(gpio.o)
    0x0001f2a6   0x00000050   Code   RO         1456    i.GPIOIntTypeSet    driverlib.lib(gpio.o)
    0x0001f2f6   0x0000013e   Code   RO         1459    i.GPIOPadConfigSet  driverlib.lib(gpio.o)
    0x0001f434   0x00000048   Code   RO         1460    i.GPIOPinConfigure  driverlib.lib(gpio.o)
    0x0001f47c   0x00000006   Code   RO         1461    i.GPIOPinRead       driverlib.lib(gpio.o)
    0x0001f482   0x0000001c   Code   RO         1462    i.GPIOPinTypeADC    driverlib.lib(gpio.o)
    0x0001f49e   0x0000001c   Code   RO         1470    i.GPIOPinTypeGPIOInput  driverlib.lib(gpio.o)
    0x0001f4ba   0x0000001c   Code   RO         1471    i.GPIOPinTypeGPIOOutput  driverlib.lib(gpio.o)
    0x0001f4d6   0x0000001c   Code   RO         1482    i.GPIOPinTypePWM    driverlib.lib(gpio.o)
    0x0001f4f2   0x0000001c   Code   RO         1484    i.GPIOPinTypeSSI    driverlib.lib(gpio.o)
    0x0001f50e   0x0000001c   Code   RO         1486    i.GPIOPinTypeUART   driverlib.lib(gpio.o)
    0x0001f52a   0x0000001c   Code   RO         1487    i.GPIOPinTypeUSBAnalog  driverlib.lib(gpio.o)
    0x0001f546   0x0000001c   Code   RO         1488    i.GPIOPinTypeUSBDigital  driverlib.lib(gpio.o)
    0x0001f562   0x00000006   Code   RO         1492    i.GPIOPinWrite      driverlib.lib(gpio.o)
    0x0001f568   0x00000064   Code   RO         1752    i.IntDisable        driverlib.lib(interrupt.o)
    0x0001f5cc   0x00000064   Code   RO         1753    i.IntEnable         driverlib.lib(interrupt.o)
    0x0001f630   0x00000060   Code   RO         1754    i.IntIsEnabled      driverlib.lib(interrupt.o)
    0x0001f690   0x0000000e   Code   RO         1755    i.IntMasterDisable  driverlib.lib(interrupt.o)
    0x0001f69e   0x0000000e   Code   RO         1756    i.IntMasterEnable   driverlib.lib(interrupt.o)
    0x0001f6ac   0x00000028   Code   RO         1764    i.IntPrioritySet    driverlib.lib(interrupt.o)
    0x0001f6d4   0x0000003c   Code   RO         3453    i.InternalUSBHCDSendEvent  usblib.lib(usbhostenum.o)
    0x0001f710   0x00000038   Code   RO         5005    i.InternalUSBStartOfFrameTick  usblib.lib(usbtick.o)
    0x0001f748   0x00000038   Code   RO         5006    i.InternalUSBTickInit  usblib.lib(usbtick.o)
    0x0001f780   0x0000001c   Code   RO         3778    i.OTGDeviceDisconnect  usblib.lib(usbmode.o)
    0x0001f79c   0x00000016   Code   RO         1866    i.PWMClockSet       driverlib.lib(pwm.o)
    0x0001f7b2   0x00000026   Code   RO         1873    i.PWMGenConfigure   driverlib.lib(pwm.o)
    0x0001f7d8   0x0000000a   Code   RO         1875    i.PWMGenEnable      driverlib.lib(pwm.o)
    0x0001f7e2   0x00000012   Code   RO         1887    i.PWMGenPeriodGet   driverlib.lib(pwm.o)
    0x0001f7f4   0x00000012   Code   RO         1888    i.PWMGenPeriodSet   driverlib.lib(pwm.o)
    0x0001f806   0x00000010   Code   RO         1895    i.PWMOutputState    driverlib.lib(pwm.o)
    0x0001f816   0x00000020   Code   RO         1898    i.PWMPulseWidthSet  driverlib.lib(pwm.o)
    0x0001f836   0x00000002   PAD
    0x0001f838   0x000003e0   Code   RO         3454    i.ProcessUSBDeviceStateMachine  usblib.lib(usbhostenum.o)
    0x0001fc18   0x0000004a   Code   RO         2106    i.SSIConfigSetExpClk  driverlib.lib(ssi.o)
    0x0001fc62   0x0000000a   Code   RO         2113    i.SSIDisable        driverlib.lib(ssi.o)
    0x0001fc6c   0x0000000a   Code   RO         2114    i.SSIEnable         driverlib.lib(ssi.o)
    0x0001fc76   0x00000002   PAD
    0x0001fc78   0x000002c8   Code   RO         2254    i.SysCtlClockFreqSet  driverlib.lib(sysctl.o)
    0x0001ff40   0x00000020   Code   RO         2258    i.SysCtlDeepSleep   driverlib.lib(sysctl.o)
    0x0001ff60   0x00000028   Code   RO         2286    i.SysCtlPeripheralEnable  driverlib.lib(sysctl.o)
    0x0001ff88   0x0000003c   Code   RO         2291    i.SysCtlPeripheralReset  driverlib.lib(sysctl.o)
    0x0001ffc4   0x00000010   Code   RO         2303    i.SysCtlUSBPLLEnable  driverlib.lib(sysctl.o)
    0x0001ffd4   0x0000000e   Code   RO         2605    i.SysTickEnable     driverlib.lib(systick.o)
    0x0001ffe2   0x0000000e   Code   RO         2607    i.SysTickIntEnable  driverlib.lib(systick.o)
    0x0001fff0   0x0000000a   Code   RO         2611    i.SysTickPeriodSet  driverlib.lib(systick.o)
    0x0001fffa   0x00000002   PAD
    0x0001fffc   0x00000060   Code   RO         2671    i.TimerConfigure    driverlib.lib(timer.o)
    0x0002005c   0x0000000e   Code   RO         2680    i.TimerEnable       driverlib.lib(timer.o)
    0x0002006a   0x00000004   Code   RO         2681    i.TimerIntClear     driverlib.lib(timer.o)
    0x0002006e   0x00000008   Code   RO         2683    i.TimerIntEnable    driverlib.lib(timer.o)
    0x00020076   0x00000012   Code   RO         2689    i.TimerLoadSet      driverlib.lib(timer.o)
    0x00020088   0x0000000a   Code   RO         2702    i.TimerValueGet     driverlib.lib(timer.o)
    0x00020092   0x00000010   Code   RO         2910    i.UARTCharGetNonBlocking  driverlib.lib(uart.o)
    0x000200a2   0x00000010   Code   RO         2912    i.UARTCharPutNonBlocking  driverlib.lib(uart.o)
    0x000200b2   0x0000000a   Code   RO         2913    i.UARTCharsAvail    driverlib.lib(uart.o)
    0x000200bc   0x0000006e   Code   RO         2917    i.UARTConfigSetExpClk  driverlib.lib(uart.o)
    0x0002012a   0x00000014   Code   RO         2922    i.UARTEnable        driverlib.lib(uart.o)
    0x0002013e   0x00000004   Code   RO         2930    i.UARTIntClear      driverlib.lib(uart.o)
    0x00020142   0x00000008   Code   RO         2932    i.UARTIntEnable     driverlib.lib(uart.o)
    0x0002014a   0x0000000a   Code   RO         2934    i.UARTIntStatus     driverlib.lib(uart.o)
    0x00020154   0x0000005a   Code   RO         5045    i.ULPIConfigSet     usblib.lib(usbulpi.o)
    0x000201ae   0x00000002   PAD
    0x000201b0   0x00000018   Code   RO         3455    i.USB0HostIntHandler  usblib.lib(usbhostenum.o)
    0x000201c8   0x0000000a   Code   RO         3879    i.USBClockEnable    driverlib.lib(usb.o)
    0x000201d2   0x0000000a   Code   RO         3880    i.USBControllerVersion  driverlib.lib(usb.o)
    0x000201dc   0x0000000a   Code   RO         3882    i.USBDMAChannelAddressSet  driverlib.lib(usb.o)
    0x000201e6   0x00000016   Code   RO         3883    i.USBDMAChannelConfigSet  driverlib.lib(usb.o)
    0x000201fc   0x0000000a   Code   RO         3885    i.USBDMAChannelCountSet  driverlib.lib(usb.o)
    0x00020206   0x00000012   Code   RO         3886    i.USBDMAChannelDisable  driverlib.lib(usb.o)
    0x00020218   0x00000012   Code   RO         3887    i.USBDMAChannelEnable  driverlib.lib(usb.o)
    0x0002022a   0x00000012   Code   RO         3888    i.USBDMAChannelIntDisable  driverlib.lib(usb.o)
    0x0002023c   0x00000012   Code   RO         3889    i.USBDMAChannelIntEnable  driverlib.lib(usb.o)
    0x0002024e   0x00000006   Code   RO         3890    i.USBDMAChannelIntStatus  driverlib.lib(usb.o)
    0x00020254   0x0000000e   Code   RO         3891    i.USBDMAChannelStatus  driverlib.lib(usb.o)
    0x00020262   0x0000007a   Code   RO         4671    i.USBDescGetInterface  usblib.lib(usbdesc.o)
    0x000202dc   0x00000040   Code   RO         4672    i.USBDescGetInterfaceEndpoint  usblib.lib(usbdesc.o)
    0x0002031c   0x0000001e   Code   RO         3910    i.USBEndpointDMAChannel  driverlib.lib(usb.o)
    0x0002033a   0x00000056   Code   RO         3911    i.USBEndpointDMAConfigSet  driverlib.lib(usb.o)
    0x00020390   0x00000024   Code   RO         3912    i.USBEndpointDMADisable  driverlib.lib(usb.o)
    0x000203b4   0x00000024   Code   RO         3913    i.USBEndpointDMAEnable  driverlib.lib(usb.o)
    0x000203d8   0x00000054   Code   RO         3915    i.USBEndpointDataGet  driverlib.lib(usb.o)
    0x0002042c   0x0000003a   Code   RO         3916    i.USBEndpointDataPut  driverlib.lib(usb.o)
    0x00020466   0x00000030   Code   RO         3917    i.USBEndpointDataSend  driverlib.lib(usb.o)
    0x00020496   0x00000024   Code   RO         3918    i.USBEndpointDataToggleClear  driverlib.lib(usb.o)
    0x000204ba   0x0000000c   Code   RO         3919    i.USBEndpointPacketCountSet  driverlib.lib(usb.o)
    0x000204c6   0x00000010   Code   RO         3920    i.USBEndpointStatus  driverlib.lib(usb.o)
    0x000204d6   0x00000008   Code   RO         3921    i.USBFIFOAddrGet    driverlib.lib(usb.o)
    0x000204de   0x00000040   Code   RO         3923    i.USBFIFOConfigSet  driverlib.lib(usb.o)
    0x0002051e   0x00000050   Code   RO         3924    i.USBFIFOFlush      driverlib.lib(usb.o)
    0x0002056e   0x00000002   PAD
    0x00020570   0x00000244   Code   RO         3456    i.USBHCDControlTransfer  usblib.lib(usbhostenum.o)
    0x000207b4   0x000000a8   Code   RO         3462    i.USBHCDDeviceDisconnected  usblib.lib(usbhostenum.o)
    0x0002085c   0x00000064   Code   RO         3466    i.USBHCDHubDeviceConnected  usblib.lib(usbhostenum.o)
    0x000208c0   0x00000010   Code   RO         3467    i.USBHCDHubDeviceDisconnected  usblib.lib(usbhostenum.o)
    0x000208d0   0x00000100   Code   RO         3468    i.USBHCDInit        usblib.lib(usbhostenum.o)
    0x000209d0   0x000001a0   Code   RO         3469    i.USBHCDInitInternal  usblib.lib(usbhostenum.o)
    0x00020b70   0x00000114   Code   RO         3473    i.USBHCDMain        usblib.lib(usbhostenum.o)
    0x00020c84   0x000002dc   Code   RO         3475    i.USBHCDPipeAllocSize  usblib.lib(usbhostenum.o)
    0x00020f60   0x000000e8   Code   RO         3476    i.USBHCDPipeConfig  usblib.lib(usbhostenum.o)
    0x00021048   0x00000124   Code   RO         3478    i.USBHCDPipeFree    usblib.lib(usbhostenum.o)
    0x0002116c   0x000001e4   Code   RO         3479    i.USBHCDPipeRead    usblib.lib(usbhostenum.o)
    0x00021350   0x000001bc   Code   RO         3483    i.USBHCDPipeWrite   usblib.lib(usbhostenum.o)
    0x0002150c   0x00000014   Code   RO         3484    i.USBHCDPowerAutomatic  usblib.lib(usbhostenum.o)
    0x00021520   0x0000000c   Code   RO         3486    i.USBHCDPowerConfigInit  usblib.lib(usbhostenum.o)
    0x0002152c   0x00000054   Code   RO         3487    i.USBHCDPowerConfigSet  usblib.lib(usbhostenum.o)
    0x00021580   0x00000010   Code   RO         3488    i.USBHCDRegisterDrivers  usblib.lib(usbhostenum.o)
    0x00021590   0x0000001c   Code   RO         4858    i.USBHHubEnumerationComplete  usblib.lib(usbhhub.o)
    0x000215ac   0x0000001c   Code   RO         4859    i.USBHHubEnumerationError  usblib.lib(usbhhub.o)
    0x000215c8   0x00000044   Code   RO         4860    i.USBHHubInit       usblib.lib(usbhhub.o)
    0x0002160c   0x00000378   Code   RO         4863    i.USBHHubMain       usblib.lib(usbhhub.o)
    0x00021984   0x00000032   Code   RO         3360    i.USBHMSCBlockRead  usblib.lib(usbhmsc.o)
    0x000219b6   0x00000002   PAD
    0x000219b8   0x0000003c   Code   RO         3362    i.USBHMSCClose      usblib.lib(usbhmsc.o)
    0x000219f4   0x00000018   Code   RO         3364    i.USBHMSCDriveOpen  usblib.lib(usbhmsc.o)
    0x00021a0c   0x00000120   Code   RO         3365    i.USBHMSCDriveReady  usblib.lib(usbhmsc.o)
    0x00021b2c   0x000000ac   Code   RO         3368    i.USBHMSCOpen       usblib.lib(usbhmsc.o)
    0x00021bd8   0x0000003e   Code   RO         4938    i.USBHSCSIInquiry   usblib.lib(usbhscsi.o)
    0x00021c16   0x00000074   Code   RO         4940    i.USBHSCSIRead10    usblib.lib(usbhscsi.o)
    0x00021c8a   0x00000042   Code   RO         4942    i.USBHSCSIReadCapacity  usblib.lib(usbhscsi.o)
    0x00021ccc   0x0000003c   Code   RO         4943    i.USBHSCSIRequestSense  usblib.lib(usbhscsi.o)
    0x00021d08   0x0000008c   Code   RO         4944    i.USBHSCSISendCommand  usblib.lib(usbhscsi.o)
    0x00021d94   0x00000038   Code   RO         4945    i.USBHSCSITestUnitReady  usblib.lib(usbhscsi.o)
    0x00021dcc   0x00000016   Code   RO         3928    i.USBHostAddrSet    driverlib.lib(usb.o)
    0x00021de2   0x00000002   PAD
    0x00021de4   0x00000074   Code   RO         3497    i.USBHostCheckPipes  usblib.lib(usbhostenum.o)
    0x00021e58   0x000000f4   Code   RO         3929    i.USBHostEndpointConfig  driverlib.lib(usb.o)
    0x00021f4c   0x00000020   Code   RO         3930    i.USBHostEndpointDataAck  driverlib.lib(usb.o)
    0x00021f6c   0x00000028   Code   RO         3934    i.USBHostEndpointStatusClear  driverlib.lib(usb.o)
    0x00021f94   0x00000046   Code   RO         3936    i.USBHostHubAddrSet  driverlib.lib(usb.o)
    0x00021fda   0x00000002   PAD
    0x00021fdc   0x00000464   Code   RO         3498    i.USBHostIntHandlerInternal  usblib.lib(usbhostenum.o)
    0x00022440   0x00000018   Code   RO         3937    i.USBHostLPMConfig  driverlib.lib(usb.o)
    0x00022458   0x00000008   Code   RO         3940    i.USBHostMode       driverlib.lib(usb.o)
    0x00022460   0x0000001c   Code   RO         3941    i.USBHostPwrConfig  driverlib.lib(usb.o)
    0x0002247c   0x00000010   Code   RO         3942    i.USBHostPwrDisable  driverlib.lib(usb.o)
    0x0002248c   0x00000010   Code   RO         3943    i.USBHostPwrEnable  driverlib.lib(usb.o)
    0x0002249c   0x00000012   Code   RO         3946    i.USBHostRequestIN  driverlib.lib(usb.o)
    0x000224ae   0x00000016   Code   RO         3947    i.USBHostRequestINClear  driverlib.lib(usb.o)
    0x000224c4   0x00000008   Code   RO         3948    i.USBHostRequestStatus  driverlib.lib(usb.o)
    0x000224cc   0x00000012   Code   RO         3949    i.USBHostReset      driverlib.lib(usb.o)
    0x000224de   0x0000002c   Code   RO         3951    i.USBHostSpeedGet   driverlib.lib(usb.o)
    0x0002250a   0x0000000a   Code   RO         3952    i.USBHostSuspend    driverlib.lib(usb.o)
    0x00022514   0x0000002c   Code   RO         3955    i.USBIntEnableControl  driverlib.lib(usb.o)
    0x00022540   0x00000016   Code   RO         3956    i.USBIntEnableEndpoint  driverlib.lib(usb.o)
    0x00022556   0x00000002   PAD
    0x00022558   0x00000040   Code   RO         3958    i.USBIntStatusControl  driverlib.lib(usb.o)
    0x00022598   0x0000000a   Code   RO         3959    i.USBIntStatusEndpoint  driverlib.lib(usb.o)
    0x000225a2   0x0000000c   Code   RO         3963    i.USBLPMIntEnable   driverlib.lib(usb.o)
    0x000225ae   0x00000006   Code   RO         3964    i.USBLPMIntStatus   driverlib.lib(usb.o)
    0x000225b4   0x0000015c   Code   RO         4712    i.USBLibDMAInit     usblib.lib(usbdma.o)
    0x00022710   0x0000000a   Code   RO         3969    i.USBNumEndpointsGet  driverlib.lib(usb.o)
    0x0002271a   0x00000008   Code   RO         3970    i.USBOTGMode        driverlib.lib(usb.o)
    0x00022722   0x00000016   Code   RO         3971    i.USBOTGSessionRequest  driverlib.lib(usb.o)
    0x00022738   0x00000088   Code   RO         3788    i.USBOTGSetMode     usblib.lib(usbmode.o)
    0x000227c0   0x0000001c   Code   RO         3789    i.USBStackModeSet   usblib.lib(usbmode.o)
    0x000227dc   0x00000010   Code   RO         3975    i.USBULPIDisable    driverlib.lib(usb.o)
    0x000227ec   0x00000010   Code   RO         3976    i.USBULPIEnable     driverlib.lib(usb.o)
    0x000227fc   0x00000020   Code   RO         3977    i.USBULPIRegRead    driverlib.lib(usb.o)
    0x0002281c   0x00000020   Code   RO         3978    i.USBULPIRegWrite   driverlib.lib(usb.o)
    0x0002283c   0x00000030   Code   RO         5635    i.__ARM_fpclassify  m_wm.l(fpclassify.o)
    0x0002286c   0x00000004   PAD
    0x00022870   0x00000038   Code   RO         5302    i.__hardfp_atof     m_wm.l(atof.o)
    0x000228a8   0x000000e8   Code   RO         5672    i.__hardfp_ldexp    m_wm.l(ldexp.o)
    0x00022990   0x00000020   Code   RO         5701    i.__mathlib_dbl_underflow  m_wm.l(dunder.o)
    0x000229b0   0x000000b8   Code   RO         5594    i.__mathlib_narrow  m_wm.l(narrow.o)
    0x00022a68   0x00000014   Code   RO         5674    i.__support_ldexp   m_wm.l(ldexp.o)
    0x00022a7c   0x0000000e   Code   RO         5212    i._is_digit         c_w.l(__printf_wp.o)
    0x00022a8a   0x00000006   PAD
    0x00022a90   0x0000009c   Code   RO         5639    i.frexp             m_wm.l(frexp.o)
    0x00022b2c   0x00000002   Code   RO         4713    i.iDMAUSBArbSizeSet  usblib.lib(usbdma.o)
    0x00022b2e   0x00000084   Code   RO         4714    i.iDMAUSBChannelAllocate  usblib.lib(usbdma.o)
    0x00022bb2   0x00000034   Code   RO         4715    i.iDMAUSBChannelDisable  usblib.lib(usbdma.o)
    0x00022be6   0x00000052   Code   RO         4716    i.iDMAUSBChannelEnable  usblib.lib(usbdma.o)
    0x00022c38   0x00000008   Code   RO         4717    i.iDMAUSBChannelIntDisable  usblib.lib(usbdma.o)
    0x00022c40   0x00000008   Code   RO         4718    i.iDMAUSBChannelIntEnable  usblib.lib(usbdma.o)
    0x00022c48   0x0000003e   Code   RO         4719    i.iDMAUSBChannelRelease  usblib.lib(usbdma.o)
    0x00022c86   0x00000038   Code   RO         4720    i.iDMAUSBChannelStatus  usblib.lib(usbdma.o)
    0x00022cbe   0x00000006   Code   RO         4721    i.iDMAUSBIntStatus  usblib.lib(usbdma.o)
    0x00022cc4   0x000000f0   Code   RO         4722    i.iDMAUSBTransfer   usblib.lib(usbdma.o)
    0x00022db4   0x00000002   Code   RO         4723    i.iDMAUSBUnitSizeSet  usblib.lib(usbdma.o)
    0x00022db6   0x00000002   PAD
    0x00022db8   0x00000048   Code   RO         3193    i.uDMAChannelAttributeDisable  driverlib.lib(udma.o)
    0x00022e00   0x00000020   Code   RO         3196    i.uDMAChannelControlSet  driverlib.lib(udma.o)
    0x00022e20   0x00000014   Code   RO         3197    i.uDMAChannelDisable  driverlib.lib(udma.o)
    0x00022e34   0x00000014   Code   RO         3198    i.uDMAChannelEnable  driverlib.lib(udma.o)
    0x00022e48   0x00000028   Code   RO         3200    i.uDMAChannelModeGet  driverlib.lib(udma.o)
    0x00022e70   0x00000080   Code   RO         3206    i.uDMAChannelTransferSet  driverlib.lib(udma.o)
    0x00022ef0   0x0000000c   Code   RO         3209    i.uDMAControlBaseSet  driverlib.lib(udma.o)
    0x00022efc   0x0000000c   Code   RO         3211    i.uDMAEnable        driverlib.lib(udma.o)
    0x00022f08   0x00000068   Code   RO         4724    i.uDMAUSBArbSizeSet  usblib.lib(usbdma.o)
    0x00022f70   0x000000c0   Code   RO         4725    i.uDMAUSBChannelAllocate  usblib.lib(usbdma.o)
    0x00023030   0x00000058   Code   RO         4726    i.uDMAUSBChannelDisable  usblib.lib(usbdma.o)
    0x00023088   0x0000006a   Code   RO         4727    i.uDMAUSBChannelEnable  usblib.lib(usbdma.o)
    0x000230f2   0x00000002   Code   RO         4728    i.uDMAUSBChannelIntDisable  usblib.lib(usbdma.o)
    0x000230f4   0x00000002   Code   RO         4729    i.uDMAUSBChannelIntEnable  usblib.lib(usbdma.o)
    0x000230f6   0x0000005a   Code   RO         4730    i.uDMAUSBChannelRelease  usblib.lib(usbdma.o)
    0x00023150   0x00000026   Code   RO         4731    i.uDMAUSBChannelStatus  usblib.lib(usbdma.o)
    0x00023176   0x00000036   Code   RO         4732    i.uDMAUSBIntStatus  usblib.lib(usbdma.o)
    0x000231ac   0x000000c8   Code   RO         4733    i.uDMAUSBTransfer   usblib.lib(usbdma.o)
    0x00023274   0x00000054   Code   RO         4734    i.uDMAUSBUnitSizeSet  usblib.lib(usbdma.o)
    0x000232c8   0x0000002c   Code   RO         5565    locale$$code        c_w.l(lc_numeric_c.o)
    0x000232f4   0x0000002c   Code   RO         5617    locale$$code        c_w.l(lc_ctype_c.o)
    0x00023320   0x00000062   Code   RO         5268    x$fpl$d2f           fz_wm.l(d2f.o)
    0x00023382   0x00000002   PAD
    0x00023384   0x00000150   Code   RO         5270    x$fpl$dadd          fz_wm.l(daddsub_clz.o)
    0x000234d4   0x00000010   Code   RO         5723    x$fpl$dcheck1       fz_wm.l(dcheck1.o)
    0x000234e4   0x00000018   Code   RO         5475    x$fpl$dcmpinf       fz_wm.l(dcmpi.o)
    0x000234fc   0x000002b0   Code   RO         5277    x$fpl$ddiv          fz_wm.l(ddiv.o)
    0x000237ac   0x00000078   Code   RO         5280    x$fpl$deqf          fz_wm.l(deqf.o)
    0x00023824   0x0000005e   Code   RO         5282    x$fpl$dfix          fz_wm.l(dfix.o)
    0x00023882   0x0000002e   Code   RO         5287    x$fpl$dflt          fz_wm.l(dflt_clz.o)
    0x000238b0   0x00000026   Code   RO         5286    x$fpl$dfltu         fz_wm.l(dflt_clz.o)
    0x000238d6   0x00000002   PAD
    0x000238d8   0x00000078   Code   RO         5292    x$fpl$dleqf         fz_wm.l(dleqf.o)
    0x00023950   0x00000154   Code   RO         5294    x$fpl$dmul          fz_wm.l(dmul.o)
    0x00023aa4   0x0000009c   Code   RO         5477    x$fpl$dnaninf       fz_wm.l(dnaninf.o)
    0x00023b40   0x0000000c   Code   RO         5479    x$fpl$dretinf       fz_wm.l(dretinf.o)
    0x00023b4c   0x0000006c   Code   RO         5296    x$fpl$drleqf        fz_wm.l(drleqf.o)
    0x00023bb8   0x000001d4   Code   RO         5272    x$fpl$dsub          fz_wm.l(daddsub_clz.o)
    0x00023d8c   0x00000056   Code   RO         5298    x$fpl$f2d           fz_wm.l(f2d.o)
    0x00023de2   0x0000008c   Code   RO         5481    x$fpl$fnaninf       fz_wm.l(fnaninf.o)
    0x00023e6e   0x0000000a   Code   RO         5583    x$fpl$fpinit        fz_wm.l(fpinit.o)
    0x00023e78   0x0000000a   Code   RO         5483    x$fpl$fretinf       fz_wm.l(fretinf.o)
    0x00023e82   0x00000004   Code   RO         5485    x$fpl$printf1       fz_wm.l(printf1.o)
    0x00023e86   0x00000064   Code   RO         5725    x$fpl$retnan        fz_wm.l(retnan.o)
    0x00023eea   0x0000005c   Code   RO         5699    x$fpl$scalbn        fz_wm.l(scalbn.o)
    0x00023f46   0x00000004   Code   RO         5300    x$fpl$scanf1        fz_wm.l(scanf1.o)
    0x00023f4a   0x00000008   Code   RO         5587    x$fpl$scanf2        fz_wm.l(scanf2.o)
    0x00023f52   0x00000030   Code   RO         5727    x$fpl$trapveneer    fz_wm.l(trapv.o)
    0x00023f82   0x00000000   Code   RO         5487    x$fpl$usenofp       fz_wm.l(usenofp.o)
    0x00023f82   0x0000000e   Data   RO           12    .constdata          bsp.o
    0x00023f90   0x000000d7   Data   RO          157    .constdata          osal_env.o
    0x00024067   0x00000001   PAD
    0x00024068   0x00000021   Data   RO          185    .constdata          osal_port.o
    0x00024089   0x00000003   PAD
    0x0002408c   0x0000001d   Data   RO          213    .constdata          osal_task.o
    0x000240a9   0x00000003   PAD
    0x000240ac   0x00000400   Data   RO          316    .constdata          osal_utility.o
    0x000244ac   0x00000025   Data   RO          350    .constdata          osal_soft_iic.o
    0x000244d1   0x0000005e   Data   RO          395    .constdata          osal_ringbuf.o
    0x0002452f   0x00000025   Data   RO          412    .constdata          osal_detect.o
    0x00024554   0x00000045   Data   RO          552    .constdata          usb_stick_update.o
    0x00024599   0x00000003   PAD
    0x0002459c   0x000000e3   Data   RO          641    .constdata          system_task.o
    0x0002467f   0x00000057   Data   RO          686    .constdata          display_task.o
    0x000246d6   0x00000015   Data   RO          803    .constdata          njw1194.o
    0x000246eb   0x0000000f   Data   RO          820    .constdata          ir_driver.o
    0x000246fa   0x00000019   Data   RO          843    .constdata          eprom_driver.o
    0x00024713   0x00000001   PAD
    0x00024714   0x00000282   Data   RO          916    .constdata          mdc.o
    0x00024996   0x00000002   PAD
    0x00024998   0x00000050   Data   RO          965    .constdata          mdc_dio.o
    0x000249e8   0x00000039   Data   RO          990    .constdata          mdc_usb.o
    0x00024a21   0x00000003   PAD
    0x00024a24   0x00000019   Data   RO         1015    .constdata          mdc_bt.o
    0x00024a3d   0x00000003   PAD
    0x00024a40   0x00000048   Data   RO         1039    .constdata          mdc_hdmi.o
    0x00024a88   0x0000004e   Data   RO         1062    .constdata          mdc_ana.o
    0x00024ad6   0x00000002   PAD
    0x00024ad8   0x0000004b   Data   RO         1086    .constdata          mdc_hdmi_v2.o
    0x00024b23   0x00000001   PAD
    0x00024b24   0x00000210   Data   RO         1493    .constdata          driverlib.lib(gpio.o)
    0x00024d34   0x0000010c   Data   RO         1769    .constdata          driverlib.lib(interrupt.o)
    0x00024e40   0x000001cc   Data   RO         2307    .constdata          driverlib.lib(sysctl.o)
    0x0002500c   0x00000010   Data   RO         3370    .constdata          usblib.lib(usbhmsc.o)
    0x0002501c   0x00000011   Data   RO         5220    .constdata          c_w.l(__printf_flags_ss_wp.o)
    0x0002502d   0x00000003   PAD
    0x00025030   0x00000008   Data   RO         5360    .constdata          c_w.l(_printf_wctomb.o)
    0x00025038   0x00000028   Data   RO         5389    .constdata          c_w.l(_printf_hex_int_ll_ptr.o)
    0x00025060   0x00000094   Data   RO         5538    .constdata          c_w.l(bigflt0.o)
    0x000250f4   0x0000001a   Data   RO          186    .conststring        osal_port.o
    0x0002510e   0x00000008   Data   RO          428    .conststring        main.o
    0x00025116   0x00000086   Data   RO          642    .conststring        system_task.o
    0x0002519c   0x0000001b   Data   RO          687    .conststring        display_task.o
    0x000251b7   0x000000d3   Data   RO          917    .conststring        mdc.o
    0x0002528a   0x00000059   Data   RO          966    .conststring        mdc_dio.o
    0x000252e3   0x0000004c   Data   RO          991    .conststring        mdc_usb.o
    0x0002532f   0x00000007   Data   RO         1016    .conststring        mdc_bt.o
    0x00025336   0x0000003f   Data   RO         1040    .conststring        mdc_hdmi.o
    0x00025375   0x0000003e   Data   RO         1063    .conststring        mdc_ana.o
    0x000253b3   0x0000001b   Data   RO         1087    .conststring        mdc_hdmi_v2.o
    0x000253ce   0x000000cf   Data   RO          330    .conststrlit        osal_console.o
    0x0002549d   0x000000bf   Data   RO          643    .conststrlit        system_task.o
    0x0002555c   0x00000012   Data   RO          688    .conststrlit        display_task.o
    0x0002556e   0x00000012   Data   RO          765    .conststrlit        pcm1795.o
    0x00025580   0x00000028   Data   RO          784    .conststrlit        src4382.o
    0x000255a8   0x0000002d   Data   RO          844    .conststrlit        eprom_driver.o
    0x000255d5   0x00000003   PAD
    0x000255d8   0x00000020   Data   RO         5729    Region$$Table       anon$$obj.o
    0x000255f8   0x00000008   Data   RO         5580    c$$dinf             fz_wm.l(fpconst.o)
    0x00025600   0x0000001c   Data   RO         5564    locale$$data        c_w.l(lc_numeric_c.o)
    0x0002561c   0x00000110   Data   RO         5616    locale$$data        c_w.l(lc_ctype_c.o)


    Execution Region INIT_SECTION (Base: 0x0002572c, Size: 0x000001a0, Max: 0xffffffff, ABSOLUTE)

    Base Addr    Size         Type   Attr      Idx    E Section Name        Object

    0x0002572c   0x00000050   Data   RO          331    INIT_CMD            osal_console.o
    0x0002577c   0x000000f0   Data   RO          645    INIT_CMD            system_task.o
    0x0002586c   0x00000010   Data   RO          690    INIT_CMD            display_task.o
    0x0002587c   0x00000010   Data   RO          766    INIT_CMD            pcm1795.o
    0x0002588c   0x00000020   Data   RO          785    INIT_CMD            src4382.o
    0x000258ac   0x00000020   Data   RO          845    INIT_CMD            eprom_driver.o


    Execution Region RW_IRAM1 (Base: 0x20000000, Size: 0x00006928, Max: 0x00040000, ABSOLUTE, COMPRESSED[0x000001bc])

    Base Addr    Size         Type   Attr      Idx    E Section Name        Object

    0x20000000   0x00000002   Data   RW           13    .data               bsp.o
    0x20000002   0x00000002   PAD
    0x20000004   0x00000004   Data   RW          135    .data               osal.o
    0x20000008   0x00000018   Data   RW          158    .data               osal_env.o
    0x20000020   0x00000001   Data   RW          187    .data               osal_port.o
    0x20000021   0x00000003   PAD
    0x20000024   0x00000004   Data   RW          214    .data               osal_task.o
    0x20000028   0x00000004   Data   RW          301    .data               osal_timer.o
    0x2000002c   0x00000064   Data   RW          351    .data               osal_soft_iic.o
    0x20000090   0x000000a0   Data   RW          374    .data               osal_key.o
    0x20000130   0x0000001c   Data   RW          396    .data               osal_ringbuf.o
    0x2000014c   0x000000a0   Data   RW          413    .data               osal_detect.o
    0x200001ec   0x0000000c   Data   RW          429    .data               main.o
    0x200001f8   0x00000001   Data   RW          513    .data               serial.o
    0x200001f9   0x00000003   PAD
    0x200001fc   0x00000008   Data   RW          531    .data               ui.o
    0x20000204   0x00000031   Data   RW          553    .data               usb_stick_update.o
    0x20000235   0x00000003   PAD
    0x20000238   0x00000010   Data   RW          595    .data               simple_fs.o
    0x20000248   0x00000008   Data   RW          615    .data               soft_timer_task.o
    0x20000250   0x00000044   Data   RW          644    .data               system_task.o
    0x20000294   0x0000001c   Data   RW          689    .data               display_task.o
    0x200002b0   0x00000008   Data   RW          710    .data               bt_task.o
    0x200002b8   0x00000008   Data   RW          728    .data               mdc_task.o
    0x200002c0   0x00000008   Data   RW          747    .data               nad_uart_app_task.o
    0x200002c8   0x00000026   Data   RW          821    .data               ir_driver.o
    0x200002ee   0x00000001   Data   RW          863    .data               74hc595.o
    0x200002ef   0x00000040   Data   RW          898    .data               lcd_driver.o
    0x2000032f   0x00000001   PAD
    0x20000330   0x00000064   Data   RW          918    .data               mdc.o
    0x20000394   0x00000005   Data   RW          967    .data               mdc_dio.o
    0x20000399   0x00000004   Data   RW          992    .data               mdc_usb.o
    0x2000039d   0x00000003   Data   RW         1017    .data               mdc_bt.o
    0x200003a0   0x00000002   Data   RW         1064    .data               mdc_ana.o
    0x200003a2   0x00000002   PAD
    0x200003a4   0x00000008   Data   RW         1088    .data               mdc_hdmi_v2.o
    0x200003ac   0x00000020   Data   RW         3500    .data               usblib.lib(usbhostenum.o)
    0x200003cc   0x00000010   Data   RW         3790    .data               usblib.lib(usbmode.o)
    0x200003dc   0x00000008   Data   RW         4867    .data               usblib.lib(usbhhub.o)
    0x200003e4   0x00000008   Data   RW         5009    .data               usblib.lib(usbtick.o)
    0x200003ec   0x00000004   Data   RW         5010    .data               usblib.lib(usbtick.o)
    0x200003f0   0x00000004   Data   RW         5234    .data               c_w.l(strtok.o)
    0x200003f4   0x00000686   Zero   RW          512    .bss                serial.o
    0x20000a7a   0x00000186   PAD
    0x20000c00   0x000006e0   Zero   RW          551    .bss                usb_stick_update.o
    0x200012e0   0x00000224   Zero   RW          594    .bss                simple_fs.o
    0x20001504   0x00000080   Zero   RW          709    .bss                bt_task.o
    0x20001584   0x00000080   Zero   RW          746    .bss                nad_uart_app_task.o
    0x20001604   0x0000041c   Zero   RW          819    .bss                ir_driver.o
    0x20001a20   0x00000404   Zero   RW          915    .bss                mdc.o
    0x20001e24   0x00000100   Zero   RW          989    .bss                mdc_usb.o
    0x20001f24   0x00000110   Zero   RW         1014    .bss                mdc_bt.o
    0x20002034   0x0000001c   Zero   RW         3369    .bss                usblib.lib(usbhmsc.o)
    0x20002050   0x00000698   Zero   RW         3499    .bss                usblib.lib(usbhostenum.o)
    0x200026e8   0x00000110   Zero   RW         4735    .bss                usblib.lib(usbdma.o)
    0x200027f8   0x0000009c   Zero   RW         4865    .bss                usblib.lib(usbhhub.o)
    0x20002894   0x00000030   Zero   RW         5008    .bss                usblib.lib(usbtick.o)
    0x200028c4   0x00000060   Zero   RW         5491    .bss                c_w.l(libspace.o)
    0x20002924   0x00000004   PAD
    0x20002928   0x00002000   Zero   RW            2    HEAP                startup_rvmdk.o
    0x20004928   0x00002000   Zero   RW            1    STACK               startup_rvmdk.o


==============================================================================

Image component sizes


      Code (inc. data)   RO Data    RW Data    ZI Data      Debug   Object Name

       332         34          0          1          0       7969   74hc595.o
      2336        304         14          2          0      32582   bsp.o
       496         66          0          8        128       2805   bt_task.o
      4620        970        148         28          0      11724   display_task.o
       552        148        102          0          0       2940   eprom_driver.o
      1036        114         15         38       1052       3663   ir_driver.o
       744         82          0         64          0       2584   lcd_driver.o
       464        236          8         12          0       3334   main.o
      6136        898        853        100       1028      22547   mdc.o
      1088        124        140          2          0       8516   mdc_ana.o
      1924        290         32          3        272       9222   mdc_bt.o
       396         80        169          5          0       5900   mdc_dio.o
       492        116        135          0          0       6232   mdc_hdmi.o
      2480        510        102          8          0       9553   mdc_hdmi_v2.o
       620        126          0          8          0       2947   mdc_task.o
      3268        806        133          4        256      12454   mdc_usb.o
       636         52          0          8        128       3218   nad_uart_app_task.o
       468         70         21          0          0       2505   njw1194.o
       536         14          0          4          0       5059   osal.o
       728        258        287          0          0       4915   osal_console.o
       756         72         37        160          0       1992   osal_detect.o
      2500        908        215         24          0       6212   osal_env.o
       384          8          0        160          0       1933   osal_key.o
       384         92         59          1          0       3170   osal_port.o
       540         90         94         28          0       3034   osal_ringbuf.o
       980        110         37        100          0       4631   osal_soft_iic.o
       488         34         29          4          0      14142   osal_task.o
       432          4          0          4          0       3753   osal_timer.o
       272         18       1024          0          0       2140   osal_utility.o
       232         28         34          0          0       1832   pcm1795.o
       488         46          0          1       1670       2610   serial.o
       852         64          0         16        548       7766   simple_fs.o
       424         76          0          8          0       2544   soft_timer_task.o
      1624        240         72          0          0       6913   src4382.o
       568        532          0          0      16384        484   startup_rvmdk.o
     18040       3664        792         68          0      38787   system_task.o
       412         16          0          8          0       1346   ui.o
      2428        720         69         49       1760       9487   usb_stick_update.o

    ----------------------------------------------------------------------
     61156      12020       4678        940      23616     273445   Object Totals
         0          0         32          0          0          0   (incl. Generated)
         0          0         25         14        390          0   (incl. Padding)

    ----------------------------------------------------------------------

      Code (inc. data)   RO Data    RW Data    ZI Data      Debug   Library Member Name

        60          8          0          0          0         84   __0sscanf.o
        44          6          0          0          0         84   __2sprintf.o
        90          0          0          0          0          0   __dczerorl2.o
         8          0          0          0          0         68   __main.o
       396          6         17          0          0         92   __printf_flags_ss_wp.o
        14          0          0          0          0         68   __printf_wp.o
        52          8          0          0          0          0   __scatter.o
        28          0          0          0          0          0   __scatter_zi.o
        28          0          0          0          0         68   _chval.o
         6          0          0          0          0          0   _printf_a.o
         6          0          0          0          0          0   _printf_c.o
        44          0          0          0          0        108   _printf_char.o
        48          6          0          0          0         96   _printf_char_common.o
        42          0          0          0          0         68   _printf_charcount.o
         6          0          0          0          0          0   _printf_d.o
       120         18          0          0          0         92   _printf_dec.o
         6          0          0          0          0          0   _printf_e.o
         6          0          0          0          0          0   _printf_f.o
      1056          0          0          0          0        216   _printf_fp_dec.o
       128         16          0          0          0         84   _printf_fp_infnan.o
         6          0          0          0          0          0   _printf_g.o
       156          6         40          0          0        160   _printf_hex_int_ll_ptr.o
         6          0          0          0          0          0   _printf_i.o
       184          0          0          0          0         88   _printf_intcommon.o
        10          0          0          0          0          0   _printf_l.o
         6          0          0          0          0          0   _printf_lc.o
        10          0          0          0          0          0   _printf_ll.o
         6          0          0          0          0          0   _printf_lld.o
         6          0          0          0          0          0   _printf_lli.o
         6          0          0          0          0          0   _printf_llo.o
         6          0          0          0          0          0   _printf_llu.o
         6          0          0          0          0          0   _printf_llx.o
       120         16          0          0          0         92   _printf_longlong_dec.o
         6          0          0          0          0          0   _printf_ls.o
         6          0          0          0          0          0   _printf_n.o
         6          0          0          0          0          0   _printf_o.o
       120          8          0          0          0        124   _printf_oct_int_ll.o
         6          0          0          0          0          0   _printf_p.o
        82          0          0          0          0        108   _printf_pad.o
         0          0          0          0          0          0   _printf_percent.o
         4          0          0          0          0          0   _printf_percent_end.o
         6          0          0          0          0          0   _printf_s.o
        82          0          0          0          0         80   _printf_str.o
        36          0          0          0          0         84   _printf_truncate.o
         6          0          0          0          0          0   _printf_u.o
        44          0          0          0          0        108   _printf_wchar.o
       188          6          8          0          0         92   _printf_wctomb.o
         6          0          0          0          0          0   _printf_x.o
        22          0          0          0          0        100   _rserrno.o
       880          4          0          0          0        100   _scanf.o
       336          0          0          0          0         96   _scanf_int.o
       218          0          0          0          0         96   _scanf_str.o
        64          0          0          0          0         84   _sgetc.o
        10          0          0          0          0         68   _sputc.o
       158          0          0          0          0         92   _strtoul.o
        64          0          0          0          0         92   _wcrtomb.o
        26          0          0          0          0         80   atoi.o
       228          6        148          0          0         96   bigflt0.o
      2074        132          0          0          0        940   btod.o
        36          4          0          0          0         76   c89vsprintf.o
        10          0          0          0          0         68   defsig_exit.o
        50          0          0          0          0         88   defsig_general.o
        80         58          0          0          0         76   defsig_rtmem_inner.o
        14          0          0          0          0         80   defsig_rtmem_outer.o
        12          0          0          0          0         72   exit.o
        94          0          0          0          0         80   h1_alloc.o
        52          0          0          0          0         68   h1_extend.o
        78          0          0          0          0         80   h1_free.o
        14          0          0          0          0         84   h1_init.o
         6          0          0          0          0        152   heapauxi.o
         4          0          0          0          0        136   hguard.o
         0          0          0          0          0          0   indicate_semi.o
       138          0          0          0          0        168   init_alloc.o
        18          0          0          0          0         76   isspace.o
        44         10        272          0          0         76   lc_ctype_c.o
        44         10         28          0          0         76   lc_numeric_c.o
         2          0          0          0          0          0   libinit.o
        42          0          0          0          0          0   libinit2.o
         2          0          0          0          0          0   libshutdown.o
         2          0          0          0          0          0   libshutdown2.o
         8          4          0          0         96         68   libspace.o
        38          0          0          0          0         68   llshl.o
       138          0          0          0          0         80   lludiv10.o
         0          0          0          0          0          0   maybetermalloc1.o
        16          4          0          0          0         76   rt_ctype_table.o
         8          4          0          0          0         68   rt_errno_addr_intlibspace.o
         8          4          0          0          0         68   rt_heap_descriptor_intlibspace.o
         8          4          0          0          0         68   rt_locale_intlibspace.o
        68          0          0          0          0         68   rt_memclr.o
        78          0          0          0          0         80   rt_memclr_w.o
       138          0          0          0          0         68   rt_memcpy_v6.o
       100          0          0          0          0         80   rt_memcpy_w.o
       132          0          0          0          0         68   rt_memmove_v6.o
       122          0          0          0          0         80   rt_memmove_w.o
         0          0          0          0          0          0   rtentry.o
        12          0          0          0          0          0   rtentry2.o
         6          0          0          0          0          0   rtentry4.o
         2          0          0          0          0          0   rtexit.o
        10          0          0          0          0          0   rtexit2.o
        44          8          0          0          0         84   scanf_char.o
      1188         12          0          0          0        148   scanf_fp.o
       788         12          0          0          0        100   scanf_hexfp.o
       316         18          0          0          0        100   scanf_infnan.o
        42          0          0          0          0         84   strcasecmp.o
        24          0          0          0          0         68   strcat.o
        20          0          0          0          0         68   strchr.o
       128          0          0          0          0         68   strcmpv7m.o
        72          0          0          0          0         80   strcpy.o
        32          0          0          0          0         80   strcspn.o
        62          0          0          0          0         76   strlen.o
        50          0          0          0          0         84   strncasecmp.o
       150          0          0          0          0         80   strncmp.o
        86          0          0          0          0         76   strncpy.o
        28          0          0          0          0         80   strspn.o
        36          0          0          0          0         80   strstr.o
       160         12          0          0          0        120   strtod.o
        12          6          0          4          0         68   strtok.o
        68          4          0          0          0         84   strtok_int.o
       112          0          0          0          0         88   strtol.o
        12          4          0          0          0         68   sys_exit.o
        74          0          0          0          0         80   sys_stackheap_outer.o
        14          0          0          0          0         76   sys_wrch.o
        26          0          0          0          0         76   tolower.o
         2          0          0          0          0         68   use_no_semi.o
       350          0          0          0          0       8200   adc.o
        38          0          0          0          0        504   cpu.o
        16          4          0          0          0        404   fpu.o
       780          8        528          0          0       9247   gpio.o
       364         28        268          0          0       3782   interrupt.o
       154          0          0          0          0       3219   pwm.o
        94          0          0          0          0       1498   ssi.o
       866         58        460          0          0       5329   sysctl.o
        38          0          0          0          0       1226   systick.o
       150          8          0          0          0       2723   timer.o
       194          0          0          0          0       4481   uart.o
       336         42          0          0          0      18803   udma.o
      1662         16          0          0          0      26976   usb.o
        98          4          0          0          0        140   d2f.o
       804         16          0          0          0        368   daddsub_clz.o
        16          4          0          0          0        116   dcheck1.o
        24          0          0          0          0        116   dcmpi.o
       688        140          0          0          0        256   ddiv.o
       120          4          0          0          0        140   deqf.o
        94          4          0          0          0        140   dfix.o
        84          0          0          0          0        232   dflt_clz.o
       120          4          0          0          0        140   dleqf.o
       340         12          0          0          0        152   dmul.o
       156          4          0          0          0        140   dnaninf.o
        12          0          0          0          0        116   dretinf.o
       108          0          0          0          0        128   drleqf.o
        86          4          0          0          0        132   f2d.o
       140          4          0          0          0        132   fnaninf.o
         0          0          8          0          0          0   fpconst.o
        10          0          0          0          0        116   fpinit.o
        10          0          0          0          0        116   fretinf.o
         4          0          0          0          0        116   printf1.o
       100          0          0          0          0        116   retnan.o
        92          0          0          0          0        116   scalbn.o
         4          0          0          0          0        116   scanf1.o
         8          0          0          0          0        132   scanf2.o
        48          0          0          0          0        116   trapv.o
         0          0          0          0          0          0   usenofp.o
        56         12          0          0          0        132   atof.o
        32          8          0          0          0        124   dunder.o
        48          0          0          0          0        124   fpclassify.o
       156         22          0          0          0        132   frexp.o
       252         16          0          0          0        308   ldexp.o
       184         18          0          0          0        152   narrow.o
       186          0          0          0          0      12237   usbdesc.o
      2038        124          0          0        272      14988   usbdma.o
      1012         38          0          8        156      10101   usbhhub.o
       594         22         16          0         28      23580   usbhmsc.o
      6632        320          0         32       1688      27403   usbhostenum.o
       500         12          0          0          0       4681   usbhscsi.o
       192         18          0         16          0       3048   usbmode.o
       112         20          0         12         48      15175   usbtick.o
        90          0          0          0          0        556   usbulpi.o

    ----------------------------------------------------------------------
     32926       1420       1796         72       2292     210913   Library Totals
        60          2          3          0          4          0   (incl. Padding)

    ----------------------------------------------------------------------

      Code (inc. data)   RO Data    RW Data    ZI Data      Debug   Library Name

     12574        424        513          4         96       8388   c_w.l
      5042        164       1256          0          0      86392   driverlib.lib
      3166        200          8          0          0       3392   fz_wm.l
       728         76          0          0          0        972   m_wm.l
     11356        554         16         68       2192     111769   usblib.lib

    ----------------------------------------------------------------------
     32926       1420       1796         72       2292     210913   Library Totals

    ----------------------------------------------------------------------

==============================================================================


      Code (inc. data)   RO Data    RW Data    ZI Data      Debug   

     94082      13440       6474       1012      25908     451166   Grand Totals
     94082      13440       6474        444      25908     451166   ELF Image Totals (compressed)
     94082      13440       6474        444          0          0   ROM Totals

==============================================================================

    Total RO  Size (Code + RO Data)               100556 (  98.20kB)
    Total RW  Size (RW Data + ZI Data)             26920 (  26.29kB)
    Total ROM Size (Code + RO Data + RW Data)     101000 (  98.63kB)

==============================================================================

