<!doctype html public "-//w3c//dtd html 4.0 transitional//en">
<html><head>
<title>Static Call Graph - [.\build\TM4C1290.axf]</title></head>
<body><HR>
<H1>Static Call Graph for image .\build\TM4C1290.axf</H1><HR>
<BR><P>#&#060CALLGRAPH&#062# ARM Linker, 5.03 [Build 76]: Last Updated: Mon Mar 28 14:40:15 2016
<BR><P>
<H3>Maximum Stack Usage =       1096 bytes + Unknown(Functions without stacksize, Cycles, Untraceable Function Pointers)</H3><H3>
Call chain for Maximum Stack Depth:</H3>
MdcEventLoop &rArr; mdc_poll_handler &rArr; mdc_usb_task &rArr; sys_mdc_usb_msg_handler &rArr; do_file_seek &rArr; mdc_usb_send_msg &rArr; usb_read &rArr; ring_buffer_write &rArr; s_printf &rArr; __c89vsprintf &rArr; _printf_char_common &rArr; __printf
<P>
<H3>
Functions with no stack information
</H3><UL>
 <LI><a href="#[26]">Reset_Handler</a>
 <LI><a href="#[2fc]">__user_initial_stackheap</a>
 <LI><a href="#[27]">NmiSR</a>
 <LI><a href="#[28]">FaultISR</a>
 <LI><a href="#[29]">IntDefaultHandler</a>
</UL>
</UL>
<P>
<H3>
Mutually Recursive functions
</H3> <LI><a href="#[af]">SysCtlDelay</a>&nbsp;&nbsp;&nbsp;&rArr;&nbsp;&nbsp;&nbsp;<a href="#[af]">SysCtlDelay</a><BR>
 <LI><a href="#[27]">NmiSR</a>&nbsp;&nbsp;&nbsp;&rArr;&nbsp;&nbsp;&nbsp;<a href="#[27]">NmiSR</a><BR>
 <LI><a href="#[28]">FaultISR</a>&nbsp;&nbsp;&nbsp;&rArr;&nbsp;&nbsp;&nbsp;<a href="#[28]">FaultISR</a><BR>
 <LI><a href="#[29]">IntDefaultHandler</a>&nbsp;&nbsp;&nbsp;&rArr;&nbsp;&nbsp;&nbsp;<a href="#[29]">IntDefaultHandler</a><BR>
 <LI><a href="#[bc]">UARTConfigSetExpClk</a>&nbsp;&nbsp;&nbsp;&rArr;&nbsp;&nbsp;&nbsp;<a href="#[bc]">UARTConfigSetExpClk</a><BR>
</UL>
<P>
<H3>
Function Pointers
</H3><UL>
 <LI><a href="#[57]">BtTaskEventLoop</a> from bt_task.o(.text) referenced from osal_task.o(.constdata)
 <LI><a href="#[43]">DMAUSBIntHandler</a> from usbdma.o(i.DMAUSBIntHandler) referenced from usbdma.o(i.USBLibDMAInit)
 <LI><a href="#[45]">DMAUSBIntStatusClear</a> from usbdma.o(i.DMAUSBIntStatusClear) referenced from usbdma.o(i.USBLibDMAInit)
 <LI><a href="#[46]">DMAUSBStatus</a> from usbdma.o(i.DMAUSBStatus) referenced from usbdma.o(i.USBLibDMAInit)
 <LI><a href="#[55]">DisplayTaskEventLoop</a> from display_task.o(.text) referenced from osal_task.o(.constdata)
 <LI><a href="#[28]">FaultISR</a> from startup_rvmdk.o(RESET) referenced from startup_rvmdk.o(RESET)
 <LI><a href="#[18]">GPIO_ReadSinglePin</a> from bsp.o(.text) referenced 14 times from osal_detect.o(.data)
 <LI><a href="#[29]">IntDefaultHandler</a> from startup_rvmdk.o(RESET) referenced 107 times from startup_rvmdk.o(RESET)
 <LI><a href="#[33]">MSCCallback</a> from usb_stick_update.o(.text) referenced from usb_stick_update.o(.text)
 <LI><a href="#[54]">MdcEventLoop</a> from mdc_task.o(.text) referenced from osal_task.o(.constdata)
 <LI><a href="#[58]">NADUartTaskEventLoop</a> from nad_uart_app_task.o(.text) referenced from osal_task.o(.constdata)
 <LI><a href="#[27]">NmiSR</a> from startup_rvmdk.o(RESET) referenced from startup_rvmdk.o(RESET)
 <LI><a href="#[26]">Reset_Handler</a> from startup_rvmdk.o(RESET) referenced from startup_rvmdk.o(RESET)
 <LI><a href="#[56]">SysEventLoop</a> from system_task.o(.text) referenced from osal_task.o(.constdata)
 <LI><a href="#[2a]">SysTickIntHandler</a> from osal_task.o(.text) referenced from startup_rvmdk.o(RESET)
 <LI><a href="#[2d]">Timer1IntHandler</a> from bsp.o(.text) referenced from startup_rvmdk.o(RESET)
 <LI><a href="#[59]">TimerOutEventLoop</a> from soft_timer_task.o(.text) referenced from osal_task.o(.constdata)
 <LI><a href="#[2e]">USB0HostIntHandler</a> from usbhostenum.o(i.USB0HostIntHandler) referenced from startup_rvmdk.o(RESET)
 <LI><a href="#[5c]">USBHMSCClose</a> from usbhmsc.o(i.USBHMSCClose) referenced from usbhmsc.o(.constdata)
 <LI><a href="#[5b]">USBHMSCOpen</a> from usbhmsc.o(i.USBHMSCOpen) referenced from usbhmsc.o(.constdata)
 <LI><a href="#[5a]">UpgradeEventLoop</a> from usb_stick_update.o(.text) referenced from osal_task.o(.constdata)
 <LI><a href="#[3a]">_get_lc_ctype</a> from lc_ctype_c.o(locale$$code) referenced from rt_ctype_table.o(.text)
 <LI><a href="#[37]">_printf_input_char</a> from _printf_char_common.o(.text) referenced from _printf_char_common.o(.text)
 <LI><a href="#[36]">_sbackspace</a> from _sgetc.o(.text) referenced 2 times from __0sscanf.o(.text)
 <LI><a href="#[38]">_scanf_char_input</a> from scanf_char.o(.text) referenced from scanf_char.o(.text)
 <LI><a href="#[35]">_sgetc</a> from _sgetc.o(.text) referenced 2 times from __0sscanf.o(.text)
 <LI><a href="#[34]">_sputc</a> from _sputc.o(.text) referenced 2 times from c89vsprintf.o(.text)
 <LI><a href="#[73]">audio</a> from src4382.o(.text) referenced from src4382.o(INIT_CMD)
 <LI><a href="#[6c]">bt_test</a> from system_task.o(.text) referenced from system_task.o(INIT_CMD)
 <LI><a href="#[71]">dis</a> from display_task.o(.text) referenced from display_task.o(INIT_CMD)
 <LI><a href="#[76]">eep_read</a> from eprom_driver.o(.text) referenced from eprom_driver.o(INIT_CMD)
 <LI><a href="#[75]">eep_write</a> from eprom_driver.o(.text) referenced from eprom_driver.o(INIT_CMD)
 <LI><a href="#[32]">encode_interrupt_handler</a> from ui.o(.text) referenced from startup_rvmdk.o(RESET)
 <LI><a href="#[f]">epprom_scl</a> from eprom_driver.o(.text) referenced 2 times from osal_soft_iic.o(.data)
 <LI><a href="#[e]">epprom_sda</a> from eprom_driver.o(.text) referenced 2 times from osal_soft_iic.o(.data)
 <LI><a href="#[10]">epprom_sda_in</a> from eprom_driver.o(.text) referenced 2 times from osal_soft_iic.o(.data)
 <LI><a href="#[6e]">factory_test</a> from system_task.o(.text) referenced from system_task.o(INIT_CMD)
 <LI><a href="#[6d]">file_test</a> from system_task.o(.text) referenced from system_task.o(INIT_CMD)
 <LI><a href="#[5d]">fn1</a> from osal_console.o(.text) referenced from osal_console.o(INIT_CMD)
 <LI><a href="#[5e]">fn2</a> from osal_console.o(.text) referenced from osal_console.o(INIT_CMD)
 <LI><a href="#[5f]">fn3</a> from osal_console.o(.text) referenced from osal_console.o(INIT_CMD)
 <LI><a href="#[60]">fn4</a> from osal_console.o(.text) referenced from osal_console.o(INIT_CMD)
 <LI><a href="#[61]">fn5</a> from osal_console.o(.text) referenced from osal_console.o(INIT_CMD)
 <LI><a href="#[69]">hc595_init_test</a> from system_task.o(.text) referenced from system_task.o(INIT_CMD)
 <LI><a href="#[68]">hc595_test</a> from system_task.o(.text) referenced from system_task.o(INIT_CMD)
 <LI><a href="#[49]">iDMAUSBArbSizeSet</a> from usbdma.o(i.iDMAUSBArbSizeSet) referenced from usbdma.o(i.USBLibDMAInit)
 <LI><a href="#[4a]">iDMAUSBChannelAllocate</a> from usbdma.o(i.iDMAUSBChannelAllocate) referenced from usbdma.o(i.USBLibDMAInit)
 <LI><a href="#[52]">iDMAUSBChannelDisable</a> from usbdma.o(i.iDMAUSBChannelDisable) referenced from usbdma.o(i.USBLibDMAInit)
 <LI><a href="#[51]">iDMAUSBChannelEnable</a> from usbdma.o(i.iDMAUSBChannelEnable) referenced from usbdma.o(i.USBLibDMAInit)
 <LI><a href="#[4e]">iDMAUSBChannelIntDisable</a> from usbdma.o(i.iDMAUSBChannelIntDisable) referenced from usbdma.o(i.USBLibDMAInit)
 <LI><a href="#[4d]">iDMAUSBChannelIntEnable</a> from usbdma.o(i.iDMAUSBChannelIntEnable) referenced from usbdma.o(i.USBLibDMAInit)
 <LI><a href="#[50]">iDMAUSBChannelRelease</a> from usbdma.o(i.iDMAUSBChannelRelease) referenced from usbdma.o(i.USBLibDMAInit)
 <LI><a href="#[4b]">iDMAUSBChannelStatus</a> from usbdma.o(i.iDMAUSBChannelStatus) referenced from usbdma.o(i.USBLibDMAInit)
 <LI><a href="#[4c]">iDMAUSBIntStatus</a> from usbdma.o(i.iDMAUSBIntStatus) referenced from usbdma.o(i.USBLibDMAInit)
 <LI><a href="#[4f]">iDMAUSBTransfer</a> from usbdma.o(i.iDMAUSBTransfer) referenced from usbdma.o(i.USBLibDMAInit)
 <LI><a href="#[53]">iDMAUSBUnitSizeSet</a> from usbdma.o(i.iDMAUSBUnitSizeSet) referenced from usbdma.o(i.USBLibDMAInit)
 <LI><a href="#[2b]">ir_front_recive_handler</a> from ir_driver.o(.text) referenced from startup_rvmdk.o(RESET)
 <LI><a href="#[2f]">ir_in_recive_handler</a> from ir_driver.o(.text) referenced from startup_rvmdk.o(RESET)
 <LI><a href="#[39]">isspace</a> from isspace.o(.text) referenced 2 times from scanf_char.o(.text)
 <LI><a href="#[17]">key_read</a> from osal_key.o(.text) referenced 16 times from osal_key.o(.data)
 <LI><a href="#[66]">lcd_test</a> from system_task.o(.text) referenced from system_task.o(INIT_CMD)
 <LI><a href="#[12]">mdc_slot1_scl</a> from mdc.o(.text) referenced 2 times from osal_soft_iic.o(.data)
 <LI><a href="#[11]">mdc_slot1_sda</a> from mdc.o(.text) referenced 2 times from osal_soft_iic.o(.data)
 <LI><a href="#[13]">mdc_slot1_sda_in</a> from mdc.o(.text) referenced 2 times from osal_soft_iic.o(.data)
 <LI><a href="#[15]">mdc_slot2_scl</a> from mdc.o(.text) referenced 2 times from osal_soft_iic.o(.data)
 <LI><a href="#[14]">mdc_slot2_sda</a> from mdc.o(.text) referenced 2 times from osal_soft_iic.o(.data)
 <LI><a href="#[16]">mdc_slot2_sda_in</a> from mdc.o(.text) referenced 2 times from osal_soft_iic.o(.data)
 <LI><a href="#[6b]">mdc_test</a> from system_task.o(.text) referenced from system_task.o(INIT_CMD)
 <LI><a href="#[9]">pcm1795_scl</a> from pcm1795.o(.text) referenced 2 times from osal_soft_iic.o(.data)
 <LI><a href="#[8]">pcm1795_sda</a> from pcm1795.o(.text) referenced 2 times from osal_soft_iic.o(.data)
 <LI><a href="#[a]">pcm1795_sda_in</a> from pcm1795.o(.text) referenced 2 times from osal_soft_iic.o(.data)
 <LI><a href="#[72]">pcm_test</a> from pcm1795.o(.text) referenced from pcm1795.o(INIT_CMD)
 <LI><a href="#[67]">pin_test</a> from system_task.o(.text) referenced from system_task.o(INIT_CMD)
 <LI><a href="#[6f]">pop_test</a> from system_task.o(.text) referenced from system_task.o(INIT_CMD)
 <LI><a href="#[65]">power_on</a> from system_task.o(.text) referenced from system_task.o(INIT_CMD)
 <LI><a href="#[62]">print_src</a> from system_task.o(.text) referenced from system_task.o(INIT_CMD)
 <LI><a href="#[23]">src4382_audio_detect</a> from src4382.o(.text) referenced 2 times from osal_detect.o(.data)
 <LI><a href="#[c]">src4382_scl</a> from src4382.o(.text) referenced 2 times from osal_soft_iic.o(.data)
 <LI><a href="#[b]">src4382_sda</a> from src4382.o(.text) referenced 2 times from osal_soft_iic.o(.data)
 <LI><a href="#[d]">src4382_sda_in</a> from src4382.o(.text) referenced 2 times from osal_soft_iic.o(.data)
 <LI><a href="#[74]">src4382_test</a> from src4382.o(.text) referenced from src4382.o(INIT_CMD)
 <LI><a href="#[63]">src_next</a> from system_task.o(.text) referenced from system_task.o(INIT_CMD)
 <LI><a href="#[64]">src_prev</a> from system_task.o(.text) referenced from system_task.o(INIT_CMD)
 <LI><a href="#[6a]">srcrst_test</a> from system_task.o(.text) referenced from system_task.o(INIT_CMD)
 <LI><a href="#[22]">sys_audio_invalid_handler</a> from system_task.o(.text) referenced 2 times from osal_detect.o(.data)
 <LI><a href="#[21]">sys_audio_valid_handler</a> from system_task.o(.text) referenced 2 times from osal_detect.o(.data)
 <LI><a href="#[25]">sys_digital_audio_invalid_handler</a> from system_task.o(.text) referenced 2 times from osal_detect.o(.data)
 <LI><a href="#[24]">sys_digital_audio_valid_handler</a> from system_task.o(.text) referenced 2 times from osal_detect.o(.data)
 <LI><a href="#[1d]">sys_hp_plug_in_handler</a> from system_task.o(.text) referenced 2 times from osal_detect.o(.data)
 <LI><a href="#[1e]">sys_hp_plug_out_handler</a> from system_task.o(.text) referenced 2 times from osal_detect.o(.data)
 <LI><a href="#[20]">sys_protection_invalid_handler</a> from system_task.o(.text) referenced 6 times from osal_detect.o(.data)
 <LI><a href="#[1f]">sys_protection_valid_handler</a> from system_task.o(.text) referenced 6 times from osal_detect.o(.data)
 <LI><a href="#[1c]">sys_trigger_invalid_handler</a> from system_task.o(.text) referenced 2 times from osal_detect.o(.data)
 <LI><a href="#[19]">sys_trigger_plug_in_handler</a> from system_task.o(.text) referenced 2 times from osal_detect.o(.data)
 <LI><a href="#[1a]">sys_trigger_plug_out_handler</a> from system_task.o(.text) referenced 2 times from osal_detect.o(.data)
 <LI><a href="#[1b]">sys_trigger_valid_handler</a> from system_task.o(.text) referenced 2 times from osal_detect.o(.data)
 <LI><a href="#[3b]">uDMAUSBArbSizeSet</a> from usbdma.o(i.uDMAUSBArbSizeSet) referenced from usbdma.o(i.USBLibDMAInit)
 <LI><a href="#[3c]">uDMAUSBChannelAllocate</a> from usbdma.o(i.uDMAUSBChannelAllocate) referenced from usbdma.o(i.USBLibDMAInit)
 <LI><a href="#[3d]">uDMAUSBChannelDisable</a> from usbdma.o(i.uDMAUSBChannelDisable) referenced from usbdma.o(i.USBLibDMAInit)
 <LI><a href="#[3e]">uDMAUSBChannelEnable</a> from usbdma.o(i.uDMAUSBChannelEnable) referenced from usbdma.o(i.USBLibDMAInit)
 <LI><a href="#[40]">uDMAUSBChannelIntDisable</a> from usbdma.o(i.uDMAUSBChannelIntDisable) referenced from usbdma.o(i.USBLibDMAInit)
 <LI><a href="#[3f]">uDMAUSBChannelIntEnable</a> from usbdma.o(i.uDMAUSBChannelIntEnable) referenced from usbdma.o(i.USBLibDMAInit)
 <LI><a href="#[41]">uDMAUSBChannelRelease</a> from usbdma.o(i.uDMAUSBChannelRelease) referenced from usbdma.o(i.USBLibDMAInit)
 <LI><a href="#[42]">uDMAUSBChannelStatus</a> from usbdma.o(i.uDMAUSBChannelStatus) referenced from usbdma.o(i.USBLibDMAInit)
 <LI><a href="#[44]">uDMAUSBIntStatus</a> from usbdma.o(i.uDMAUSBIntStatus) referenced from usbdma.o(i.USBLibDMAInit)
 <LI><a href="#[47]">uDMAUSBTransfer</a> from usbdma.o(i.uDMAUSBTransfer) referenced from usbdma.o(i.USBLibDMAInit)
 <LI><a href="#[48]">uDMAUSBUnitSizeSet</a> from usbdma.o(i.uDMAUSBUnitSizeSet) referenced from usbdma.o(i.USBLibDMAInit)
 <LI><a href="#[2c]">uart0_interrupt_handler</a> from serial.o(.text) referenced from startup_rvmdk.o(RESET)
 <LI><a href="#[30]">uart3_interrupt_handler</a> from serial.o(.text) referenced from startup_rvmdk.o(RESET)
 <LI><a href="#[31]">uart6_interrupt_handler</a> from serial.o(.text) referenced from startup_rvmdk.o(RESET)
 <LI><a href="#[70]">upgrade_test</a> from system_task.o(.text) referenced from system_task.o(INIT_CMD)
</UL>
<P>
<H3>
Global Symbols
</H3>
<P><STRONG><a name="[26]"></a>Reset_Handler</STRONG> (Thumb, 0 bytes, Stack size unknown bytes, startup_rvmdk.o(RESET))
<BR><BR>[Calls]<UL><LI><a href="#[77]">&gt;&gt;</a>&nbsp;&nbsp;&nbsp;__main
</UL>
<BR>[Address Reference Count : 1]<UL><LI> startup_rvmdk.o(RESET)
</UL>
<P><STRONG><a name="[77]"></a>__main</STRONG> (Thumb, 8 bytes, Stack size 0 bytes, __main.o(!!!main))
<BR><BR>[Calls]<UL><LI><a href="#[79]">&gt;&gt;</a>&nbsp;&nbsp;&nbsp;__rt_entry
<LI><a href="#[78]">&gt;&gt;</a>&nbsp;&nbsp;&nbsp;__scatterload
</UL>
<BR>[Called By]<UL><LI><a href="#[26]">&gt;&gt;</a>&nbsp;&nbsp;&nbsp;Reset_Handler
</UL>

<P><STRONG><a name="[78]"></a>__scatterload</STRONG> (Thumb, 0 bytes, Stack size unknown bytes, __scatter.o(!!!scatter))
<BR><BR>[Called By]<UL><LI><a href="#[77]">&gt;&gt;</a>&nbsp;&nbsp;&nbsp;__main
</UL>

<P><STRONG><a name="[7a]"></a>__scatterload_rt2</STRONG> (Thumb, 44 bytes, Stack size unknown bytes, __scatter.o(!!!scatter), UNUSED)
<BR><BR>[Calls]<UL><LI><a href="#[79]">&gt;&gt;</a>&nbsp;&nbsp;&nbsp;__rt_entry
</UL>

<P><STRONG><a name="[38b]"></a>__scatterload_rt2_thumb_only</STRONG> (Thumb, 0 bytes, Stack size unknown bytes, __scatter.o(!!!scatter), UNUSED)

<P><STRONG><a name="[38c]"></a>__scatterload_null</STRONG> (Thumb, 0 bytes, Stack size unknown bytes, __scatter.o(!!!scatter), UNUSED)

<P><STRONG><a name="[38d]"></a>__decompress</STRONG> (Thumb, 90 bytes, Stack size unknown bytes, __dczerorl2.o(!!dczerorl2), UNUSED)

<P><STRONG><a name="[38e]"></a>__decompress1</STRONG> (Thumb, 0 bytes, Stack size unknown bytes, __dczerorl2.o(!!dczerorl2), UNUSED)

<P><STRONG><a name="[38f]"></a>__scatterload_zeroinit</STRONG> (Thumb, 28 bytes, Stack size unknown bytes, __scatter_zi.o(!!handler_zi), UNUSED)

<P><STRONG><a name="[7b]"></a>_printf_n</STRONG> (Thumb, 0 bytes, Stack size unknown bytes, _printf_n.o(.ARM.Collect$$_printf_percent$$00000001))
<BR><BR>[Calls]<UL><LI><a href="#[7c]">&gt;&gt;</a>&nbsp;&nbsp;&nbsp;_printf_charcount
</UL>

<P><STRONG><a name="[2c5]"></a>_printf_percent</STRONG> (Thumb, 0 bytes, Stack size unknown bytes, _printf_percent.o(.ARM.Collect$$_printf_percent$$00000000))
<BR><BR>[Called By]<UL><LI><a href="#[2c3]">&gt;&gt;</a>&nbsp;&nbsp;&nbsp;__printf
</UL>

<P><STRONG><a name="[7d]"></a>_printf_p</STRONG> (Thumb, 0 bytes, Stack size unknown bytes, _printf_p.o(.ARM.Collect$$_printf_percent$$00000002))
<BR><BR>[Stack]<UL><LI>Max Depth = 64 + Unknown Stack Size
<LI>Call Chain = _printf_p &rArr; _printf_hex_ptr &rArr; _printf_longlong_hex &rArr; _printf_int_common &rArr; _printf_post_padding
</UL>
<BR>[Calls]<UL><LI><a href="#[7e]">&gt;&gt;</a>&nbsp;&nbsp;&nbsp;_printf_hex_ptr
</UL>

<P><STRONG><a name="[7f]"></a>_printf_f</STRONG> (Thumb, 0 bytes, Stack size unknown bytes, _printf_f.o(.ARM.Collect$$_printf_percent$$00000003))
<BR><BR>[Stack]<UL><LI>Max Depth = 320 + Unknown Stack Size
<LI>Call Chain = _printf_f &rArr; _printf_fp_dec &rArr; _printf_fp_dec_real &rArr; _fp_digits &rArr; _btod_etento &rArr; _btod_emul &rArr; _e2e
</UL>
<BR>[Calls]<UL><LI><a href="#[80]">&gt;&gt;</a>&nbsp;&nbsp;&nbsp;_printf_fp_dec
</UL>

<P><STRONG><a name="[81]"></a>_printf_e</STRONG> (Thumb, 0 bytes, Stack size unknown bytes, _printf_e.o(.ARM.Collect$$_printf_percent$$00000004))
<BR><BR>[Stack]<UL><LI>Max Depth = 320 + Unknown Stack Size
<LI>Call Chain = _printf_e &rArr; _printf_fp_dec &rArr; _printf_fp_dec_real &rArr; _fp_digits &rArr; _btod_etento &rArr; _btod_emul &rArr; _e2e
</UL>
<BR>[Calls]<UL><LI><a href="#[80]">&gt;&gt;</a>&nbsp;&nbsp;&nbsp;_printf_fp_dec
</UL>

<P><STRONG><a name="[82]"></a>_printf_g</STRONG> (Thumb, 0 bytes, Stack size unknown bytes, _printf_g.o(.ARM.Collect$$_printf_percent$$00000005))
<BR><BR>[Stack]<UL><LI>Max Depth = 320 + Unknown Stack Size
<LI>Call Chain = _printf_g &rArr; _printf_fp_dec &rArr; _printf_fp_dec_real &rArr; _fp_digits &rArr; _btod_etento &rArr; _btod_emul &rArr; _e2e
</UL>
<BR>[Calls]<UL><LI><a href="#[80]">&gt;&gt;</a>&nbsp;&nbsp;&nbsp;_printf_fp_dec
</UL>

<P><STRONG><a name="[390]"></a>_printf_a</STRONG> (Thumb, 0 bytes, Stack size unknown bytes, _printf_a.o(.ARM.Collect$$_printf_percent$$00000006))

<P><STRONG><a name="[391]"></a>_printf_ll</STRONG> (Thumb, 0 bytes, Stack size unknown bytes, _printf_ll.o(.ARM.Collect$$_printf_percent$$00000007))

<P><STRONG><a name="[83]"></a>_printf_i</STRONG> (Thumb, 0 bytes, Stack size unknown bytes, _printf_i.o(.ARM.Collect$$_printf_percent$$00000008))
<BR><BR>[Stack]<UL><LI>Max Depth = 72 + Unknown Stack Size
<LI>Call Chain = _printf_i &rArr; _printf_int_dec &rArr; _printf_int_common &rArr; _printf_post_padding
</UL>
<BR>[Calls]<UL><LI><a href="#[84]">&gt;&gt;</a>&nbsp;&nbsp;&nbsp;_printf_int_dec
</UL>

<P><STRONG><a name="[85]"></a>_printf_d</STRONG> (Thumb, 0 bytes, Stack size unknown bytes, _printf_d.o(.ARM.Collect$$_printf_percent$$00000009))
<BR><BR>[Stack]<UL><LI>Max Depth = 72 + Unknown Stack Size
<LI>Call Chain = _printf_d &rArr; _printf_int_dec &rArr; _printf_int_common &rArr; _printf_post_padding
</UL>
<BR>[Calls]<UL><LI><a href="#[84]">&gt;&gt;</a>&nbsp;&nbsp;&nbsp;_printf_int_dec
</UL>

<P><STRONG><a name="[86]"></a>_printf_u</STRONG> (Thumb, 0 bytes, Stack size unknown bytes, _printf_u.o(.ARM.Collect$$_printf_percent$$0000000A))
<BR><BR>[Stack]<UL><LI>Max Depth = 72 + Unknown Stack Size
<LI>Call Chain = _printf_u &rArr; _printf_int_dec &rArr; _printf_int_common &rArr; _printf_post_padding
</UL>
<BR>[Calls]<UL><LI><a href="#[84]">&gt;&gt;</a>&nbsp;&nbsp;&nbsp;_printf_int_dec
</UL>

<P><STRONG><a name="[87]"></a>_printf_o</STRONG> (Thumb, 0 bytes, Stack size unknown bytes, _printf_o.o(.ARM.Collect$$_printf_percent$$0000000B))
<BR><BR>[Stack]<UL><LI>Max Depth = 64 + Unknown Stack Size
<LI>Call Chain = _printf_o &rArr; _printf_int_oct &rArr; _printf_longlong_oct &rArr; _printf_int_common &rArr; _printf_post_padding
</UL>
<BR>[Calls]<UL><LI><a href="#[88]">&gt;&gt;</a>&nbsp;&nbsp;&nbsp;_printf_int_oct
</UL>

<P><STRONG><a name="[89]"></a>_printf_x</STRONG> (Thumb, 0 bytes, Stack size unknown bytes, _printf_x.o(.ARM.Collect$$_printf_percent$$0000000C))
<BR><BR>[Stack]<UL><LI>Max Depth = 80 + Unknown Stack Size
<LI>Call Chain = _printf_x &rArr; _printf_int_hex &rArr; _printf_longlong_hex &rArr; _printf_int_common &rArr; _printf_post_padding
</UL>
<BR>[Calls]<UL><LI><a href="#[8a]">&gt;&gt;</a>&nbsp;&nbsp;&nbsp;_printf_int_hex
</UL>

<P><STRONG><a name="[8b]"></a>_printf_lli</STRONG> (Thumb, 0 bytes, Stack size unknown bytes, _printf_lli.o(.ARM.Collect$$_printf_percent$$0000000D))
<BR><BR>[Stack]<UL><LI>Max Depth = 72 + Unknown Stack Size
<LI>Call Chain = _printf_lli &rArr; _printf_longlong_dec &rArr; _printf_int_common &rArr; _printf_post_padding
</UL>
<BR>[Calls]<UL><LI><a href="#[8c]">&gt;&gt;</a>&nbsp;&nbsp;&nbsp;_printf_longlong_dec
</UL>

<P><STRONG><a name="[8d]"></a>_printf_lld</STRONG> (Thumb, 0 bytes, Stack size unknown bytes, _printf_lld.o(.ARM.Collect$$_printf_percent$$0000000E))
<BR><BR>[Stack]<UL><LI>Max Depth = 72 + Unknown Stack Size
<LI>Call Chain = _printf_lld &rArr; _printf_longlong_dec &rArr; _printf_int_common &rArr; _printf_post_padding
</UL>
<BR>[Calls]<UL><LI><a href="#[8c]">&gt;&gt;</a>&nbsp;&nbsp;&nbsp;_printf_longlong_dec
</UL>

<P><STRONG><a name="[8e]"></a>_printf_llu</STRONG> (Thumb, 0 bytes, Stack size unknown bytes, _printf_llu.o(.ARM.Collect$$_printf_percent$$0000000F))
<BR><BR>[Stack]<UL><LI>Max Depth = 72 + Unknown Stack Size
<LI>Call Chain = _printf_llu &rArr; _printf_longlong_dec &rArr; _printf_int_common &rArr; _printf_post_padding
</UL>
<BR>[Calls]<UL><LI><a href="#[8c]">&gt;&gt;</a>&nbsp;&nbsp;&nbsp;_printf_longlong_dec
</UL>

<P><STRONG><a name="[8f]"></a>_printf_llo</STRONG> (Thumb, 0 bytes, Stack size unknown bytes, _printf_llo.o(.ARM.Collect$$_printf_percent$$00000010))
<BR><BR>[Stack]<UL><LI>Max Depth = 56 + Unknown Stack Size
<LI>Call Chain = _printf_llo &rArr; _printf_ll_oct &rArr; _printf_longlong_oct &rArr; _printf_int_common &rArr; _printf_post_padding
</UL>
<BR>[Calls]<UL><LI><a href="#[90]">&gt;&gt;</a>&nbsp;&nbsp;&nbsp;_printf_ll_oct
</UL>

<P><STRONG><a name="[91]"></a>_printf_llx</STRONG> (Thumb, 0 bytes, Stack size unknown bytes, _printf_llx.o(.ARM.Collect$$_printf_percent$$00000011))
<BR><BR>[Stack]<UL><LI>Max Depth = 64 + Unknown Stack Size
<LI>Call Chain = _printf_llx &rArr; _printf_ll_hex &rArr; _printf_longlong_hex &rArr; _printf_int_common &rArr; _printf_post_padding
</UL>
<BR>[Calls]<UL><LI><a href="#[92]">&gt;&gt;</a>&nbsp;&nbsp;&nbsp;_printf_ll_hex
</UL>

<P><STRONG><a name="[392]"></a>_printf_l</STRONG> (Thumb, 0 bytes, Stack size unknown bytes, _printf_l.o(.ARM.Collect$$_printf_percent$$00000012))

<P><STRONG><a name="[93]"></a>_printf_c</STRONG> (Thumb, 0 bytes, Stack size unknown bytes, _printf_c.o(.ARM.Collect$$_printf_percent$$00000013))
<BR><BR>[Stack]<UL><LI>Max Depth = 40 + Unknown Stack Size
<LI>Call Chain = _printf_c &rArr; _printf_char &rArr; _printf_cs_common &rArr; _printf_str &rArr; _printf_post_padding
</UL>
<BR>[Calls]<UL><LI><a href="#[94]">&gt;&gt;</a>&nbsp;&nbsp;&nbsp;_printf_char
</UL>

<P><STRONG><a name="[95]"></a>_printf_s</STRONG> (Thumb, 0 bytes, Stack size unknown bytes, _printf_s.o(.ARM.Collect$$_printf_percent$$00000014))
<BR><BR>[Stack]<UL><LI>Max Depth = 40 + Unknown Stack Size
<LI>Call Chain = _printf_s &rArr; _printf_string &rArr; _printf_cs_common &rArr; _printf_str &rArr; _printf_post_padding
</UL>
<BR>[Calls]<UL><LI><a href="#[96]">&gt;&gt;</a>&nbsp;&nbsp;&nbsp;_printf_string
</UL>

<P><STRONG><a name="[97]"></a>_printf_lc</STRONG> (Thumb, 0 bytes, Stack size unknown bytes, _printf_lc.o(.ARM.Collect$$_printf_percent$$00000015))
<BR><BR>[Stack]<UL><LI>Max Depth = 88 + Unknown Stack Size
<LI>Call Chain = _printf_lc &rArr; _printf_wchar &rArr; _printf_lcs_common &rArr; _printf_wctomb &rArr; _wcrtomb &rArr; __rt_ctype_table
</UL>
<BR>[Calls]<UL><LI><a href="#[98]">&gt;&gt;</a>&nbsp;&nbsp;&nbsp;_printf_wchar
</UL>

<P><STRONG><a name="[99]"></a>_printf_ls</STRONG> (Thumb, 0 bytes, Stack size unknown bytes, _printf_ls.o(.ARM.Collect$$_printf_percent$$00000016))
<BR><BR>[Stack]<UL><LI>Max Depth = 88 + Unknown Stack Size
<LI>Call Chain = _printf_ls &rArr; _printf_wstring &rArr; _printf_lcs_common &rArr; _printf_wctomb &rArr; _wcrtomb &rArr; __rt_ctype_table
</UL>
<BR>[Calls]<UL><LI><a href="#[9a]">&gt;&gt;</a>&nbsp;&nbsp;&nbsp;_printf_wstring
</UL>

<P><STRONG><a name="[393]"></a>_printf_percent_end</STRONG> (Thumb, 0 bytes, Stack size unknown bytes, _printf_percent_end.o(.ARM.Collect$$_printf_percent$$00000017))

<P><STRONG><a name="[a7]"></a>__rt_lib_init</STRONG> (Thumb, 0 bytes, Stack size unknown bytes, libinit.o(.ARM.Collect$$libinit$$00000000))
<BR><BR>[Called By]<UL><LI><a href="#[a6]">&gt;&gt;</a>&nbsp;&nbsp;&nbsp;__rt_entry_li
</UL>

<P><STRONG><a name="[9b]"></a>__rt_lib_init_fp_1</STRONG> (Thumb, 0 bytes, Stack size unknown bytes, libinit2.o(.ARM.Collect$$libinit$$00000001))
<BR><BR>[Calls]<UL><LI><a href="#[9c]">&gt;&gt;</a>&nbsp;&nbsp;&nbsp;_fp_init
</UL>

<P><STRONG><a name="[9d]"></a>__rt_lib_init_heap_2</STRONG> (Thumb, 0 bytes, Stack size unknown bytes, libinit2.o(.ARM.Collect$$libinit$$00000003))
<BR><BR>[Stack]<UL><LI>Max Depth = 64 + Unknown Stack Size
<LI>Call Chain = __rt_lib_init_heap_2 &rArr; _init_alloc &rArr; __rt_SIGRTMEM &rArr; __rt_SIGRTMEM_inner &rArr; __default_signal_display &rArr; _ttywrch
</UL>
<BR>[Calls]<UL><LI><a href="#[9e]">&gt;&gt;</a>&nbsp;&nbsp;&nbsp;_init_alloc
</UL>

<P><STRONG><a name="[394]"></a>__rt_lib_init_heap_1</STRONG> (Thumb, 0 bytes, Stack size unknown bytes, libinit2.o(.ARM.Collect$$libinit$$00000008))

<P><STRONG><a name="[9f]"></a>__rt_lib_init_lc_common</STRONG> (Thumb, 0 bytes, Stack size unknown bytes, libinit2.o(.ARM.Collect$$libinit$$0000000D))
<BR><BR>[Calls]<UL><LI><a href="#[a0]">&gt;&gt;</a>&nbsp;&nbsp;&nbsp;__rt_locale
</UL>

<P><STRONG><a name="[395]"></a>__rt_lib_init_rand_1</STRONG> (Thumb, 0 bytes, Stack size unknown bytes, libinit2.o(.ARM.Collect$$libinit$$0000000C))

<P><STRONG><a name="[396]"></a>__rt_lib_init_user_alloc_1</STRONG> (Thumb, 0 bytes, Stack size unknown bytes, libinit2.o(.ARM.Collect$$libinit$$0000000A))

<P><STRONG><a name="[397]"></a>__rt_lib_init_lc_collate_1</STRONG> (Thumb, 0 bytes, Stack size unknown bytes, libinit2.o(.ARM.Collect$$libinit$$0000000F))

<P><STRONG><a name="[a1]"></a>__rt_lib_init_lc_ctype_2</STRONG> (Thumb, 0 bytes, Stack size unknown bytes, libinit2.o(.ARM.Collect$$libinit$$00000010))
<BR><BR>[Stack]<UL><LI>Max Depth = 8 + Unknown Stack Size
<LI>Call Chain = __rt_lib_init_lc_ctype_2 &rArr; _get_lc_ctype
</UL>
<BR>[Calls]<UL><LI><a href="#[3a]">&gt;&gt;</a>&nbsp;&nbsp;&nbsp;_get_lc_ctype
</UL>

<P><STRONG><a name="[398]"></a>__rt_lib_init_lc_ctype_1</STRONG> (Thumb, 0 bytes, Stack size unknown bytes, libinit2.o(.ARM.Collect$$libinit$$00000011))

<P><STRONG><a name="[399]"></a>__rt_lib_init_lc_monetary_1</STRONG> (Thumb, 0 bytes, Stack size unknown bytes, libinit2.o(.ARM.Collect$$libinit$$00000013))

<P><STRONG><a name="[a2]"></a>__rt_lib_init_lc_numeric_2</STRONG> (Thumb, 0 bytes, Stack size unknown bytes, libinit2.o(.ARM.Collect$$libinit$$00000014))
<BR><BR>[Stack]<UL><LI>Max Depth = 8 + Unknown Stack Size
<LI>Call Chain = __rt_lib_init_lc_numeric_2 &rArr; _get_lc_numeric
</UL>
<BR>[Calls]<UL><LI><a href="#[a3]">&gt;&gt;</a>&nbsp;&nbsp;&nbsp;_get_lc_numeric
</UL>

<P><STRONG><a name="[39a]"></a>__rt_lib_init_alloca_1</STRONG> (Thumb, 0 bytes, Stack size unknown bytes, libinit2.o(.ARM.Collect$$libinit$$0000002C))

<P><STRONG><a name="[39b]"></a>__rt_lib_init_argv_1</STRONG> (Thumb, 0 bytes, Stack size unknown bytes, libinit2.o(.ARM.Collect$$libinit$$0000002A))

<P><STRONG><a name="[39c]"></a>__rt_lib_init_atexit_1</STRONG> (Thumb, 0 bytes, Stack size unknown bytes, libinit2.o(.ARM.Collect$$libinit$$00000019))

<P><STRONG><a name="[39d]"></a>__rt_lib_init_clock_1</STRONG> (Thumb, 0 bytes, Stack size unknown bytes, libinit2.o(.ARM.Collect$$libinit$$0000001F))

<P><STRONG><a name="[39e]"></a>__rt_lib_init_cpp_1</STRONG> (Thumb, 0 bytes, Stack size unknown bytes, libinit2.o(.ARM.Collect$$libinit$$00000030))

<P><STRONG><a name="[39f]"></a>__rt_lib_init_exceptions_1</STRONG> (Thumb, 0 bytes, Stack size unknown bytes, libinit2.o(.ARM.Collect$$libinit$$0000002E))

<P><STRONG><a name="[3a0]"></a>__rt_lib_init_fp_trap_1</STRONG> (Thumb, 0 bytes, Stack size unknown bytes, libinit2.o(.ARM.Collect$$libinit$$0000001D))

<P><STRONG><a name="[3a1]"></a>__rt_lib_init_getenv_1</STRONG> (Thumb, 0 bytes, Stack size unknown bytes, libinit2.o(.ARM.Collect$$libinit$$00000021))

<P><STRONG><a name="[3a2]"></a>__rt_lib_init_lc_numeric_1</STRONG> (Thumb, 0 bytes, Stack size unknown bytes, libinit2.o(.ARM.Collect$$libinit$$00000015))

<P><STRONG><a name="[3a3]"></a>__rt_lib_init_lc_time_1</STRONG> (Thumb, 0 bytes, Stack size unknown bytes, libinit2.o(.ARM.Collect$$libinit$$00000017))

<P><STRONG><a name="[3a4]"></a>__rt_lib_init_return</STRONG> (Thumb, 0 bytes, Stack size unknown bytes, libinit2.o(.ARM.Collect$$libinit$$00000031))

<P><STRONG><a name="[3a5]"></a>__rt_lib_init_signal_1</STRONG> (Thumb, 0 bytes, Stack size unknown bytes, libinit2.o(.ARM.Collect$$libinit$$0000001B))

<P><STRONG><a name="[3a6]"></a>__rt_lib_init_stdio_1</STRONG> (Thumb, 0 bytes, Stack size unknown bytes, libinit2.o(.ARM.Collect$$libinit$$00000023))

<P><STRONG><a name="[ac]"></a>__rt_lib_shutdown</STRONG> (Thumb, 0 bytes, Stack size unknown bytes, libshutdown.o(.ARM.Collect$$libshutdown$$00000000))
<BR><BR>[Called By]<UL><LI><a href="#[ab]">&gt;&gt;</a>&nbsp;&nbsp;&nbsp;__rt_exit_ls
</UL>

<P><STRONG><a name="[3a7]"></a>__rt_lib_shutdown_fp_trap_1</STRONG> (Thumb, 0 bytes, Stack size unknown bytes, libshutdown2.o(.ARM.Collect$$libshutdown$$00000006))

<P><STRONG><a name="[3a8]"></a>__rt_lib_shutdown_heap_1</STRONG> (Thumb, 0 bytes, Stack size unknown bytes, libshutdown2.o(.ARM.Collect$$libshutdown$$0000000E))

<P><STRONG><a name="[3a9]"></a>__rt_lib_shutdown_return</STRONG> (Thumb, 0 bytes, Stack size unknown bytes, libshutdown2.o(.ARM.Collect$$libshutdown$$0000000F))

<P><STRONG><a name="[3aa]"></a>__rt_lib_shutdown_signal_1</STRONG> (Thumb, 0 bytes, Stack size unknown bytes, libshutdown2.o(.ARM.Collect$$libshutdown$$00000009))

<P><STRONG><a name="[3ab]"></a>__rt_lib_shutdown_stdio_1</STRONG> (Thumb, 0 bytes, Stack size unknown bytes, libshutdown2.o(.ARM.Collect$$libshutdown$$00000003))

<P><STRONG><a name="[3ac]"></a>__rt_lib_shutdown_user_alloc_1</STRONG> (Thumb, 0 bytes, Stack size unknown bytes, libshutdown2.o(.ARM.Collect$$libshutdown$$0000000B))

<P><STRONG><a name="[79]"></a>__rt_entry</STRONG> (Thumb, 0 bytes, Stack size unknown bytes, rtentry.o(.ARM.Collect$$rtentry$$00000000))
<BR><BR>[Called By]<UL><LI><a href="#[77]">&gt;&gt;</a>&nbsp;&nbsp;&nbsp;__main
<LI><a href="#[7a]">&gt;&gt;</a>&nbsp;&nbsp;&nbsp;__scatterload_rt2
</UL>

<P><STRONG><a name="[3ad]"></a>__rt_entry_presh_1</STRONG> (Thumb, 0 bytes, Stack size unknown bytes, rtentry2.o(.ARM.Collect$$rtentry$$00000002))

<P><STRONG><a name="[a4]"></a>__rt_entry_sh</STRONG> (Thumb, 0 bytes, Stack size unknown bytes, rtentry4.o(.ARM.Collect$$rtentry$$00000004))
<BR><BR>[Stack]<UL><LI>Max Depth = 8 + Unknown Stack Size
<LI>Call Chain = __rt_entry_sh &rArr; __user_setup_stackheap
</UL>
<BR>[Calls]<UL><LI><a href="#[a5]">&gt;&gt;</a>&nbsp;&nbsp;&nbsp;__user_setup_stackheap
</UL>

<P><STRONG><a name="[a6]"></a>__rt_entry_li</STRONG> (Thumb, 0 bytes, Stack size unknown bytes, rtentry2.o(.ARM.Collect$$rtentry$$0000000A))
<BR><BR>[Calls]<UL><LI><a href="#[a7]">&gt;&gt;</a>&nbsp;&nbsp;&nbsp;__rt_lib_init
</UL>

<P><STRONG><a name="[3ae]"></a>__rt_entry_postsh_1</STRONG> (Thumb, 0 bytes, Stack size unknown bytes, rtentry2.o(.ARM.Collect$$rtentry$$00000009))

<P><STRONG><a name="[a8]"></a>__rt_entry_main</STRONG> (Thumb, 0 bytes, Stack size unknown bytes, rtentry2.o(.ARM.Collect$$rtentry$$0000000D))
<BR><BR>[Stack]<UL><LI>Max Depth = 824 + Unknown Stack Size
<LI>Call Chain = __rt_entry_main &rArr; main &rArr; osal_init_system &rArr; mdc_init &rArr; mdc_adc_load &rArr; bsp_adc0_load &rArr; s_printf &rArr; __c89vsprintf &rArr; _printf_char_common &rArr; __printf
</UL>
<BR>[Calls]<UL><LI><a href="#[a9]">&gt;&gt;</a>&nbsp;&nbsp;&nbsp;main
<LI><a href="#[aa]">&gt;&gt;</a>&nbsp;&nbsp;&nbsp;exit
</UL>

<P><STRONG><a name="[3af]"></a>__rt_entry_postli_1</STRONG> (Thumb, 0 bytes, Stack size unknown bytes, rtentry2.o(.ARM.Collect$$rtentry$$0000000C))

<P><STRONG><a name="[300]"></a>__rt_exit</STRONG> (Thumb, 0 bytes, Stack size unknown bytes, rtexit.o(.ARM.Collect$$rtexit$$00000000))
<BR><BR>[Called By]<UL><LI><a href="#[aa]">&gt;&gt;</a>&nbsp;&nbsp;&nbsp;exit
</UL>

<P><STRONG><a name="[ab]"></a>__rt_exit_ls</STRONG> (Thumb, 0 bytes, Stack size unknown bytes, rtexit2.o(.ARM.Collect$$rtexit$$00000003))
<BR><BR>[Calls]<UL><LI><a href="#[ac]">&gt;&gt;</a>&nbsp;&nbsp;&nbsp;__rt_lib_shutdown
</UL>

<P><STRONG><a name="[3b0]"></a>__rt_exit_prels_1</STRONG> (Thumb, 0 bytes, Stack size unknown bytes, rtexit2.o(.ARM.Collect$$rtexit$$00000002))

<P><STRONG><a name="[ad]"></a>__rt_exit_exit</STRONG> (Thumb, 0 bytes, Stack size unknown bytes, rtexit2.o(.ARM.Collect$$rtexit$$00000004))
<BR><BR>[Calls]<UL><LI><a href="#[ae]">&gt;&gt;</a>&nbsp;&nbsp;&nbsp;_sys_exit
</UL>

<P><STRONG><a name="[af]"></a>SysCtlDelay</STRONG> (Thumb, 6 bytes, Stack size 0 bytes, sysctl.o(.emb_text))
<BR><BR>[Calls]<UL><LI><a href="#[af]">&gt;&gt;</a>&nbsp;&nbsp;&nbsp;SysCtlDelay
</UL>
<BR>[Called By]<UL><LI><a href="#[af]">&gt;&gt;</a>&nbsp;&nbsp;&nbsp;SysCtlDelay
<LI><a href="#[e5]">&gt;&gt;</a>&nbsp;&nbsp;&nbsp;bsp_delay_us
<LI><a href="#[17c]">&gt;&gt;</a>&nbsp;&nbsp;&nbsp;ConfigureUSBInterface
<LI><a href="#[171]">&gt;&gt;</a>&nbsp;&nbsp;&nbsp;ReadAppAndProgram
<LI><a href="#[349]">&gt;&gt;</a>&nbsp;&nbsp;&nbsp;USBHCDPipeWrite
<LI><a href="#[347]">&gt;&gt;</a>&nbsp;&nbsp;&nbsp;USBHCDPipeRead
<LI><a href="#[30f]">&gt;&gt;</a>&nbsp;&nbsp;&nbsp;ProcessUSBDeviceStateMachine
</UL>

<P><STRONG><a name="[30b]"></a>CPUcpsid</STRONG> (Thumb, 8 bytes, Stack size 0 bytes, cpu.o(.emb_text))
<BR><BR>[Called By]<UL><LI><a href="#[f0]">&gt;&gt;</a>&nbsp;&nbsp;&nbsp;IntMasterDisable
</UL>

<P><STRONG><a name="[3b1]"></a>CPUprimask</STRONG> (Thumb, 6 bytes, Stack size 0 bytes, cpu.o(.emb_text), UNUSED)

<P><STRONG><a name="[30c]"></a>CPUcpsie</STRONG> (Thumb, 8 bytes, Stack size 0 bytes, cpu.o(.emb_text))
<BR><BR>[Called By]<UL><LI><a href="#[f1]">&gt;&gt;</a>&nbsp;&nbsp;&nbsp;IntMasterEnable
</UL>

<P><STRONG><a name="[31c]"></a>CPUwfi</STRONG> (Thumb, 4 bytes, Stack size 0 bytes, cpu.o(.emb_text), UNUSED)
<BR><BR>[Called By]<UL><LI><a href="#[ee]">&gt;&gt;</a>&nbsp;&nbsp;&nbsp;SysCtlDeepSleep
</UL>

<P><STRONG><a name="[3b2]"></a>CPUbasepriSet</STRONG> (Thumb, 6 bytes, Stack size 0 bytes, cpu.o(.emb_text), UNUSED)

<P><STRONG><a name="[3b3]"></a>CPUbasepriGet</STRONG> (Thumb, 6 bytes, Stack size 0 bytes, cpu.o(.emb_text), UNUSED)

<P><STRONG><a name="[2fc]"></a>__user_initial_stackheap</STRONG> (Thumb, 0 bytes, Stack size unknown bytes, startup_rvmdk.o(.text))
<BR><BR>[Called By]<UL><LI><a href="#[a5]">&gt;&gt;</a>&nbsp;&nbsp;&nbsp;__user_setup_stackheap
</UL>

<P><STRONG><a name="[3b4]"></a>_maybe_terminate_alloc</STRONG> (Thumb, 0 bytes, Stack size unknown bytes, maybetermalloc1.o(.emb_text), UNUSED)

<P><STRONG><a name="[b0]"></a>GPIOPinInputPu</STRONG> (Thumb, 30 bytes, Stack size 16 bytes, bsp.o(.text))
<BR><BR>[Stack]<UL><LI>Max Depth = 52<LI>Call Chain = GPIOPinInputPu &rArr; GPIOPinTypeGPIOInput &rArr; GPIOPadConfigSet
</UL>
<BR>[Calls]<UL><LI><a href="#[b1]">&gt;&gt;</a>&nbsp;&nbsp;&nbsp;GPIOPinTypeGPIOInput
</UL>
<BR>[Called By]<UL><LI><a href="#[b2]">&gt;&gt;</a>&nbsp;&nbsp;&nbsp;bsp_gpio_init
</UL>

<P><STRONG><a name="[b2]"></a>bsp_gpio_init</STRONG> (Thumb, 942 bytes, Stack size 8 bytes, bsp.o(.text))
<BR><BR>[Stack]<UL><LI>Max Depth = 60<LI>Call Chain = bsp_gpio_init &rArr; GPIOPinInputPu &rArr; GPIOPinTypeGPIOInput &rArr; GPIOPadConfigSet
</UL>
<BR>[Calls]<UL><LI><a href="#[b3]">&gt;&gt;</a>&nbsp;&nbsp;&nbsp;SysCtlPeripheralEnable
<LI><a href="#[b6]">&gt;&gt;</a>&nbsp;&nbsp;&nbsp;IntEnable
<LI><a href="#[b7]">&gt;&gt;</a>&nbsp;&nbsp;&nbsp;GPIOPinWrite
<LI><a href="#[b4]">&gt;&gt;</a>&nbsp;&nbsp;&nbsp;GPIOPinTypeGPIOOutput
<LI><a href="#[b1]">&gt;&gt;</a>&nbsp;&nbsp;&nbsp;GPIOPinTypeGPIOInput
<LI><a href="#[b5]">&gt;&gt;</a>&nbsp;&nbsp;&nbsp;GPIOIntTypeSet
<LI><a href="#[b8]">&gt;&gt;</a>&nbsp;&nbsp;&nbsp;GPIOIntEnable
<LI><a href="#[b0]">&gt;&gt;</a>&nbsp;&nbsp;&nbsp;GPIOPinInputPu
</UL>
<BR>[Called By]<UL><LI><a href="#[157]">&gt;&gt;</a>&nbsp;&nbsp;&nbsp;hal_init
</UL>

<P><STRONG><a name="[b9]"></a>bsp_bt_uart_init</STRONG> (Thumb, 148 bytes, Stack size 8 bytes, bsp.o(.text))
<BR><BR>[Stack]<UL><LI>Max Depth = 44<LI>Call Chain = bsp_bt_uart_init &rArr; GPIOPinTypeUART &rArr; GPIOPadConfigSet
</UL>
<BR>[Calls]<UL><LI><a href="#[bd]">&gt;&gt;</a>&nbsp;&nbsp;&nbsp;UARTIntEnable
<LI><a href="#[be]">&gt;&gt;</a>&nbsp;&nbsp;&nbsp;UARTEnable
<LI><a href="#[bc]">&gt;&gt;</a>&nbsp;&nbsp;&nbsp;UARTConfigSetExpClk
<LI><a href="#[b3]">&gt;&gt;</a>&nbsp;&nbsp;&nbsp;SysCtlPeripheralEnable
<LI><a href="#[bb]">&gt;&gt;</a>&nbsp;&nbsp;&nbsp;GPIOPinTypeUART
<LI><a href="#[ba]">&gt;&gt;</a>&nbsp;&nbsp;&nbsp;GPIOPinConfigure
</UL>
<BR>[Called By]<UL><LI><a href="#[157]">&gt;&gt;</a>&nbsp;&nbsp;&nbsp;hal_init
</UL>

<P><STRONG><a name="[bf]"></a>bsp_nad_app_uart_init</STRONG> (Thumb, 60 bytes, Stack size 8 bytes, bsp.o(.text))
<BR><BR>[Stack]<UL><LI>Max Depth = 44<LI>Call Chain = bsp_nad_app_uart_init &rArr; GPIOPinTypeUART &rArr; GPIOPadConfigSet
</UL>
<BR>[Calls]<UL><LI><a href="#[bd]">&gt;&gt;</a>&nbsp;&nbsp;&nbsp;UARTIntEnable
<LI><a href="#[be]">&gt;&gt;</a>&nbsp;&nbsp;&nbsp;UARTEnable
<LI><a href="#[bc]">&gt;&gt;</a>&nbsp;&nbsp;&nbsp;UARTConfigSetExpClk
<LI><a href="#[b3]">&gt;&gt;</a>&nbsp;&nbsp;&nbsp;SysCtlPeripheralEnable
<LI><a href="#[bb]">&gt;&gt;</a>&nbsp;&nbsp;&nbsp;GPIOPinTypeUART
<LI><a href="#[ba]">&gt;&gt;</a>&nbsp;&nbsp;&nbsp;GPIOPinConfigure
</UL>
<BR>[Called By]<UL><LI><a href="#[157]">&gt;&gt;</a>&nbsp;&nbsp;&nbsp;hal_init
</UL>

<P><STRONG><a name="[c0]"></a>bsp_adc_init</STRONG> (Thumb, 94 bytes, Stack size 8 bytes, bsp.o(.text))
<BR><BR>[Stack]<UL><LI>Max Depth = 44<LI>Call Chain = bsp_adc_init &rArr; GPIOPinTypeADC &rArr; GPIOPadConfigSet
</UL>
<BR>[Calls]<UL><LI><a href="#[b3]">&gt;&gt;</a>&nbsp;&nbsp;&nbsp;SysCtlPeripheralEnable
<LI><a href="#[c1]">&gt;&gt;</a>&nbsp;&nbsp;&nbsp;GPIOPinTypeADC
<LI><a href="#[c5]">&gt;&gt;</a>&nbsp;&nbsp;&nbsp;ADCSequenceStepConfigure
<LI><a href="#[c6]">&gt;&gt;</a>&nbsp;&nbsp;&nbsp;ADCSequenceEnable
<LI><a href="#[c2]">&gt;&gt;</a>&nbsp;&nbsp;&nbsp;ADCSequenceDisable
<LI><a href="#[c3]">&gt;&gt;</a>&nbsp;&nbsp;&nbsp;ADCSequenceConfigure
<LI><a href="#[c7]">&gt;&gt;</a>&nbsp;&nbsp;&nbsp;ADCIntClear
<LI><a href="#[c4]">&gt;&gt;</a>&nbsp;&nbsp;&nbsp;ADCHardwareOversampleConfigure
</UL>
<BR>[Called By]<UL><LI><a href="#[157]">&gt;&gt;</a>&nbsp;&nbsp;&nbsp;hal_init
</UL>

<P><STRONG><a name="[c8]"></a>bsp_timer0_init</STRONG> (Thumb, 38 bytes, Stack size 8 bytes, bsp.o(.text))
<BR><BR>[Stack]<UL><LI>Max Depth = 12<LI>Call Chain = bsp_timer0_init &rArr; TimerConfigure
</UL>
<BR>[Calls]<UL><LI><a href="#[ca]">&gt;&gt;</a>&nbsp;&nbsp;&nbsp;TimerLoadSet
<LI><a href="#[cb]">&gt;&gt;</a>&nbsp;&nbsp;&nbsp;TimerEnable
<LI><a href="#[c9]">&gt;&gt;</a>&nbsp;&nbsp;&nbsp;TimerConfigure
<LI><a href="#[b3]">&gt;&gt;</a>&nbsp;&nbsp;&nbsp;SysCtlPeripheralEnable
</UL>
<BR>[Called By]<UL><LI><a href="#[157]">&gt;&gt;</a>&nbsp;&nbsp;&nbsp;hal_init
</UL>

<P><STRONG><a name="[cc]"></a>bsp_timer0_get_time</STRONG> (Thumb, 20 bytes, Stack size 8 bytes, bsp.o(.text))
<BR><BR>[Stack]<UL><LI>Max Depth = 8<LI>Call Chain = bsp_timer0_get_time
</UL>
<BR>[Calls]<UL><LI><a href="#[cd]">&gt;&gt;</a>&nbsp;&nbsp;&nbsp;TimerValueGet
</UL>
<BR>[Called By]<UL><LI><a href="#[2f]">&gt;&gt;</a>&nbsp;&nbsp;&nbsp;ir_in_recive_handler
<LI><a href="#[2b]">&gt;&gt;</a>&nbsp;&nbsp;&nbsp;ir_front_recive_handler
<LI><a href="#[32]">&gt;&gt;</a>&nbsp;&nbsp;&nbsp;encode_interrupt_handler
</UL>

<P><STRONG><a name="[ce]"></a>bsp_timer1_init</STRONG> (Thumb, 64 bytes, Stack size 8 bytes, bsp.o(.text))
<BR><BR>[Stack]<UL><LI>Max Depth = 12<LI>Call Chain = bsp_timer1_init &rArr; TimerConfigure
</UL>
<BR>[Calls]<UL><LI><a href="#[ca]">&gt;&gt;</a>&nbsp;&nbsp;&nbsp;TimerLoadSet
<LI><a href="#[cf]">&gt;&gt;</a>&nbsp;&nbsp;&nbsp;TimerIntEnable
<LI><a href="#[cb]">&gt;&gt;</a>&nbsp;&nbsp;&nbsp;TimerEnable
<LI><a href="#[c9]">&gt;&gt;</a>&nbsp;&nbsp;&nbsp;TimerConfigure
<LI><a href="#[b3]">&gt;&gt;</a>&nbsp;&nbsp;&nbsp;SysCtlPeripheralEnable
<LI><a href="#[b6]">&gt;&gt;</a>&nbsp;&nbsp;&nbsp;IntEnable
</UL>
<BR>[Called By]<UL><LI><a href="#[157]">&gt;&gt;</a>&nbsp;&nbsp;&nbsp;hal_init
</UL>

<P><STRONG><a name="[2d]"></a>Timer1IntHandler</STRONG> (Thumb, 42 bytes, Stack size 8 bytes, bsp.o(.text))
<BR><BR>[Stack]<UL><LI>Max Depth = 704 + Unknown Stack Size
<LI>Call Chain = Timer1IntHandler &rArr; KeyScanLoop &rArr; Send_SysTask_Msg &rArr; s_printf &rArr; __c89vsprintf &rArr; _printf_char_common &rArr; __printf
</UL>
<BR>[Calls]<UL><LI><a href="#[d2]">&gt;&gt;</a>&nbsp;&nbsp;&nbsp;ir_timeout_check
<LI><a href="#[d0]">&gt;&gt;</a>&nbsp;&nbsp;&nbsp;TimerIntClear
<LI><a href="#[d1]">&gt;&gt;</a>&nbsp;&nbsp;&nbsp;KeyScanLoop
</UL>
<BR>[Address Reference Count : 1]<UL><LI> startup_rvmdk.o(RESET)
</UL>
<P><STRONG><a name="[d3]"></a>bsp_pwm1_init</STRONG> (Thumb, 112 bytes, Stack size 8 bytes, bsp.o(.text), UNUSED)
<BR><BR>[Calls]<UL><LI><a href="#[b3]">&gt;&gt;</a>&nbsp;&nbsp;&nbsp;SysCtlPeripheralEnable
<LI><a href="#[d9]">&gt;&gt;</a>&nbsp;&nbsp;&nbsp;PWMPulseWidthSet
<LI><a href="#[da]">&gt;&gt;</a>&nbsp;&nbsp;&nbsp;PWMOutputState
<LI><a href="#[d7]">&gt;&gt;</a>&nbsp;&nbsp;&nbsp;PWMGenPeriodSet
<LI><a href="#[d8]">&gt;&gt;</a>&nbsp;&nbsp;&nbsp;PWMGenPeriodGet
<LI><a href="#[db]">&gt;&gt;</a>&nbsp;&nbsp;&nbsp;PWMGenEnable
<LI><a href="#[d6]">&gt;&gt;</a>&nbsp;&nbsp;&nbsp;PWMGenConfigure
<LI><a href="#[d4]">&gt;&gt;</a>&nbsp;&nbsp;&nbsp;PWMClockSet
<LI><a href="#[d5]">&gt;&gt;</a>&nbsp;&nbsp;&nbsp;GPIOPinTypePWM
<LI><a href="#[ba]">&gt;&gt;</a>&nbsp;&nbsp;&nbsp;GPIOPinConfigure
</UL>

<P><STRONG><a name="[dc]"></a>bsp_lcd_bright_control</STRONG> (Thumb, 56 bytes, Stack size 16 bytes, bsp.o(.text), UNUSED)
<BR><BR>[Calls]<UL><LI><a href="#[d9]">&gt;&gt;</a>&nbsp;&nbsp;&nbsp;PWMPulseWidthSet
<LI><a href="#[da]">&gt;&gt;</a>&nbsp;&nbsp;&nbsp;PWMOutputState
<LI><a href="#[d8]">&gt;&gt;</a>&nbsp;&nbsp;&nbsp;PWMGenPeriodGet
</UL>

<P><STRONG><a name="[dd]"></a>bsp_spi0_init</STRONG> (Thumb, 98 bytes, Stack size 16 bytes, bsp.o(.text))
<BR><BR>[Stack]<UL><LI>Max Depth = 52<LI>Call Chain = bsp_spi0_init &rArr; GPIOPinTypeSSI &rArr; GPIOPadConfigSet
</UL>
<BR>[Calls]<UL><LI><a href="#[b3]">&gt;&gt;</a>&nbsp;&nbsp;&nbsp;SysCtlPeripheralEnable
<LI><a href="#[e0]">&gt;&gt;</a>&nbsp;&nbsp;&nbsp;SSIEnable
<LI><a href="#[df]">&gt;&gt;</a>&nbsp;&nbsp;&nbsp;SSIConfigSetExpClk
<LI><a href="#[b7]">&gt;&gt;</a>&nbsp;&nbsp;&nbsp;GPIOPinWrite
<LI><a href="#[de]">&gt;&gt;</a>&nbsp;&nbsp;&nbsp;GPIOPinTypeSSI
<LI><a href="#[b4]">&gt;&gt;</a>&nbsp;&nbsp;&nbsp;GPIOPinTypeGPIOOutput
<LI><a href="#[ba]">&gt;&gt;</a>&nbsp;&nbsp;&nbsp;GPIOPinConfigure
</UL>
<BR>[Called By]<UL><LI><a href="#[157]">&gt;&gt;</a>&nbsp;&nbsp;&nbsp;hal_init
</UL>

<P><STRONG><a name="[e1]"></a>bsp_spi0_ctl</STRONG> (Thumb, 76 bytes, Stack size 24 bytes, bsp.o(.text))
<BR><BR>[Stack]<UL><LI>Max Depth = 32<LI>Call Chain = bsp_spi0_ctl &rArr; SSIConfigSetExpClk
</UL>
<BR>[Calls]<UL><LI><a href="#[e0]">&gt;&gt;</a>&nbsp;&nbsp;&nbsp;SSIEnable
<LI><a href="#[e2]">&gt;&gt;</a>&nbsp;&nbsp;&nbsp;SSIDisable
<LI><a href="#[df]">&gt;&gt;</a>&nbsp;&nbsp;&nbsp;SSIConfigSetExpClk
</UL>
<BR>[Called By]<UL><LI><a href="#[283]">&gt;&gt;</a>&nbsp;&nbsp;&nbsp;ak4118_on_test_card_init
<LI><a href="#[1a3]">&gt;&gt;</a>&nbsp;&nbsp;&nbsp;hdmi_version_get
<LI><a href="#[1c2]">&gt;&gt;</a>&nbsp;&nbsp;&nbsp;hdmi_input_select
<LI><a href="#[1a2]">&gt;&gt;</a>&nbsp;&nbsp;&nbsp;hdmi_init
<LI><a href="#[2a7]">&gt;&gt;</a>&nbsp;&nbsp;&nbsp;HC595_Update
<LI><a href="#[2a4]">&gt;&gt;</a>&nbsp;&nbsp;&nbsp;njw1195_write
</UL>

<P><STRONG><a name="[e3]"></a>bsp_spi_operate</STRONG> (Thumb, 72 bytes, Stack size 24 bytes, bsp.o(.text))
<BR><BR>[Stack]<UL><LI>Max Depth = 688 + Unknown Stack Size
<LI>Call Chain = bsp_spi_operate &rArr; s_printf &rArr; __c89vsprintf &rArr; _printf_char_common &rArr; __printf
</UL>
<BR>[Calls]<UL><LI><a href="#[e4]">&gt;&gt;</a>&nbsp;&nbsp;&nbsp;s_printf
</UL>
<BR>[Called By]<UL><LI><a href="#[282]">&gt;&gt;</a>&nbsp;&nbsp;&nbsp;AK4118_write
<LI><a href="#[2ad]">&gt;&gt;</a>&nbsp;&nbsp;&nbsp;hdmi_read
<LI><a href="#[2ac]">&gt;&gt;</a>&nbsp;&nbsp;&nbsp;hdmi_write
<LI><a href="#[2ab]">&gt;&gt;</a>&nbsp;&nbsp;&nbsp;hdmi_try_write
<LI><a href="#[2a7]">&gt;&gt;</a>&nbsp;&nbsp;&nbsp;HC595_Update
<LI><a href="#[2a4]">&gt;&gt;</a>&nbsp;&nbsp;&nbsp;njw1195_write
<LI><a href="#[2a3]">&gt;&gt;</a>&nbsp;&nbsp;&nbsp;hdmi_write
<LI><a href="#[299]">&gt;&gt;</a>&nbsp;&nbsp;&nbsp;blu_write
<LI><a href="#[298]">&gt;&gt;</a>&nbsp;&nbsp;&nbsp;blu_read
<LI><a href="#[28e]">&gt;&gt;</a>&nbsp;&nbsp;&nbsp;usb_write
<LI><a href="#[28d]">&gt;&gt;</a>&nbsp;&nbsp;&nbsp;usb_read
<LI><a href="#[28a]">&gt;&gt;</a>&nbsp;&nbsp;&nbsp;AK4118_read
</UL>

<P><STRONG><a name="[e5]"></a>bsp_delay_us</STRONG> (Thumb, 16 bytes, Stack size 8 bytes, bsp.o(.text))
<BR><BR>[Stack]<UL><LI>Max Depth = 8<LI>Call Chain = bsp_delay_us
</UL>
<BR>[Calls]<UL><LI><a href="#[af]">&gt;&gt;</a>&nbsp;&nbsp;&nbsp;SysCtlDelay
</UL>
<BR>[Called By]<UL><LI><a href="#[e6]">&gt;&gt;</a>&nbsp;&nbsp;&nbsp;bsp_delay_ms
<LI><a href="#[282]">&gt;&gt;</a>&nbsp;&nbsp;&nbsp;AK4118_write
<LI><a href="#[26c]">&gt;&gt;</a>&nbsp;&nbsp;&nbsp;lcd_check_busy
<LI><a href="#[237]">&gt;&gt;</a>&nbsp;&nbsp;&nbsp;lcd_write_data
<LI><a href="#[236]">&gt;&gt;</a>&nbsp;&nbsp;&nbsp;lcd_write_cmd
<LI><a href="#[19e]">&gt;&gt;</a>&nbsp;&nbsp;&nbsp;mdc_dio_init
<LI><a href="#[2a8]">&gt;&gt;</a>&nbsp;&nbsp;&nbsp;mdc_ana_sample_set
<LI><a href="#[2a4]">&gt;&gt;</a>&nbsp;&nbsp;&nbsp;njw1195_write
</UL>

<P><STRONG><a name="[e6]"></a>bsp_delay_ms</STRONG> (Thumb, 22 bytes, Stack size 8 bytes, bsp.o(.text))
<BR><BR>[Stack]<UL><LI>Max Depth = 16<LI>Call Chain = bsp_delay_ms &rArr; bsp_delay_us
</UL>
<BR>[Calls]<UL><LI><a href="#[e5]">&gt;&gt;</a>&nbsp;&nbsp;&nbsp;bsp_delay_us
</UL>
<BR>[Called By]<UL><LI><a href="#[283]">&gt;&gt;</a>&nbsp;&nbsp;&nbsp;ak4118_on_test_card_init
<LI><a href="#[1aa]">&gt;&gt;</a>&nbsp;&nbsp;&nbsp;src4382_init
<LI><a href="#[1ab]">&gt;&gt;</a>&nbsp;&nbsp;&nbsp;pcm1795_init
<LI><a href="#[1bd]">&gt;&gt;</a>&nbsp;&nbsp;&nbsp;mdc_ana_input_select
<LI><a href="#[1cc]">&gt;&gt;</a>&nbsp;&nbsp;&nbsp;lcd_init
<LI><a href="#[1a0]">&gt;&gt;</a>&nbsp;&nbsp;&nbsp;hdmi_V2_init
<LI><a href="#[192]">&gt;&gt;</a>&nbsp;&nbsp;&nbsp;eeprom_write
<LI><a href="#[19a]">&gt;&gt;</a>&nbsp;&nbsp;&nbsp;ana_set_power
<LI><a href="#[19b]">&gt;&gt;</a>&nbsp;&nbsp;&nbsp;ana_init
<LI><a href="#[70]">&gt;&gt;</a>&nbsp;&nbsp;&nbsp;upgrade_test
<LI><a href="#[6a]">&gt;&gt;</a>&nbsp;&nbsp;&nbsp;srcrst_test
<LI><a href="#[1e9]">&gt;&gt;</a>&nbsp;&nbsp;&nbsp;sys_factory_reset
<LI><a href="#[1df]">&gt;&gt;</a>&nbsp;&nbsp;&nbsp;sys_line_out_mode_select
<LI><a href="#[1de]">&gt;&gt;</a>&nbsp;&nbsp;&nbsp;sys_output_mode_select
<LI><a href="#[1ce]">&gt;&gt;</a>&nbsp;&nbsp;&nbsp;fix_pop_begin
<LI><a href="#[1e6]">&gt;&gt;</a>&nbsp;&nbsp;&nbsp;_mdc_firmware_upgrade_handler
<LI><a href="#[1cb]">&gt;&gt;</a>&nbsp;&nbsp;&nbsp;sys_power_on_handler
<LI><a href="#[1ad]">&gt;&gt;</a>&nbsp;&nbsp;&nbsp;do_power_on_later_handler
<LI><a href="#[199]">&gt;&gt;</a>&nbsp;&nbsp;&nbsp;sys_mdc_power_on
<LI><a href="#[198]">&gt;&gt;</a>&nbsp;&nbsp;&nbsp;sys_hw_power_off
<LI><a href="#[196]">&gt;&gt;</a>&nbsp;&nbsp;&nbsp;sys_hw_power_on
<LI><a href="#[176]">&gt;&gt;</a>&nbsp;&nbsp;&nbsp;mdc_usb_erase_flash
<LI><a href="#[17a]">&gt;&gt;</a>&nbsp;&nbsp;&nbsp;UpdaterUSB
<LI><a href="#[171]">&gt;&gt;</a>&nbsp;&nbsp;&nbsp;ReadAppAndProgram
<LI><a href="#[2af]">&gt;&gt;</a>&nbsp;&nbsp;&nbsp;hdmiv2_bl_get_msg
<LI><a href="#[2a9]">&gt;&gt;</a>&nbsp;&nbsp;&nbsp;mdc_ana_trimLevel_set
<LI><a href="#[2a8]">&gt;&gt;</a>&nbsp;&nbsp;&nbsp;mdc_ana_sample_set
<LI><a href="#[293]">&gt;&gt;</a>&nbsp;&nbsp;&nbsp;usb_bl_runApp
<LI><a href="#[291]">&gt;&gt;</a>&nbsp;&nbsp;&nbsp;usb_bl_getMsg
</UL>

<P><STRONG><a name="[e7]"></a>bsp_adc0_load</STRONG> (Thumb, 132 bytes, Stack size 56 bytes, bsp.o(.text))
<BR><BR>[Stack]<UL><LI>Max Depth = 720 + Unknown Stack Size
<LI>Call Chain = bsp_adc0_load &rArr; s_printf &rArr; __c89vsprintf &rArr; _printf_char_common &rArr; __printf
</UL>
<BR>[Calls]<UL><LI><a href="#[e4]">&gt;&gt;</a>&nbsp;&nbsp;&nbsp;s_printf
<LI><a href="#[eb]">&gt;&gt;</a>&nbsp;&nbsp;&nbsp;ADCSequenceDataGet
<LI><a href="#[e9]">&gt;&gt;</a>&nbsp;&nbsp;&nbsp;ADCProcessorTrigger
<LI><a href="#[ea]">&gt;&gt;</a>&nbsp;&nbsp;&nbsp;ADCIntStatus
<LI><a href="#[c7]">&gt;&gt;</a>&nbsp;&nbsp;&nbsp;ADCIntClear
<LI><a href="#[e8]">&gt;&gt;</a>&nbsp;&nbsp;&nbsp;__aeabi_memclr4
</UL>
<BR>[Called By]<UL><LI><a href="#[26f]">&gt;&gt;</a>&nbsp;&nbsp;&nbsp;mdc_adc_load
</UL>

<P><STRONG><a name="[294]"></a>bsp_get_elapsedMs</STRONG> (Thumb, 22 bytes, Stack size 0 bytes, bsp.o(.text))
<BR><BR>[Called By]<UL><LI><a href="#[2a0]">&gt;&gt;</a>&nbsp;&nbsp;&nbsp;blu_hw_service
<LI><a href="#[293]">&gt;&gt;</a>&nbsp;&nbsp;&nbsp;usb_bl_runApp
</UL>

<P><STRONG><a name="[2a1]"></a>bsp_get_curMs</STRONG> (Thumb, 6 bytes, Stack size 0 bytes, bsp.o(.text))
<BR><BR>[Called By]<UL><LI><a href="#[2a0]">&gt;&gt;</a>&nbsp;&nbsp;&nbsp;blu_hw_service
</UL>

<P><STRONG><a name="[18]"></a>GPIO_ReadSinglePin</STRONG> (Thumb, 20 bytes, Stack size 0 bytes, bsp.o(.text))
<BR><BR>[Called By]<UL><LI><a href="#[1b]">&gt;&gt;</a>&nbsp;&nbsp;&nbsp;sys_trigger_valid_handler
<LI><a href="#[1c]">&gt;&gt;</a>&nbsp;&nbsp;&nbsp;sys_trigger_invalid_handler
<LI><a href="#[d]">&gt;&gt;</a>&nbsp;&nbsp;&nbsp;src4382_sda_in
<LI><a href="#[a]">&gt;&gt;</a>&nbsp;&nbsp;&nbsp;pcm1795_sda_in
<LI><a href="#[16]">&gt;&gt;</a>&nbsp;&nbsp;&nbsp;mdc_slot2_sda_in
<LI><a href="#[13]">&gt;&gt;</a>&nbsp;&nbsp;&nbsp;mdc_slot1_sda_in
<LI><a href="#[10]">&gt;&gt;</a>&nbsp;&nbsp;&nbsp;epprom_sda_in
<LI><a href="#[58]">&gt;&gt;</a>&nbsp;&nbsp;&nbsp;NADUartTaskEventLoop
<LI><a href="#[277]">&gt;&gt;</a>&nbsp;&nbsp;&nbsp;mdc_gpio_get
<LI><a href="#[26c]">&gt;&gt;</a>&nbsp;&nbsp;&nbsp;lcd_check_busy
<LI><a href="#[203]">&gt;&gt;</a>&nbsp;&nbsp;&nbsp;fix_pop_end
<LI><a href="#[1e9]">&gt;&gt;</a>&nbsp;&nbsp;&nbsp;sys_factory_reset
<LI><a href="#[200]">&gt;&gt;</a>&nbsp;&nbsp;&nbsp;sys_auto_stanby_handler
<LI><a href="#[1fd]">&gt;&gt;</a>&nbsp;&nbsp;&nbsp;power_key_msg_handler
<LI><a href="#[1ef]">&gt;&gt;</a>&nbsp;&nbsp;&nbsp;sys_ir_off_handler
<LI><a href="#[1ee]">&gt;&gt;</a>&nbsp;&nbsp;&nbsp;sys_ir_on_handler
<LI><a href="#[1b6]">&gt;&gt;</a>&nbsp;&nbsp;&nbsp;sys_hw_power_check
<LI><a href="#[1b0]">&gt;&gt;</a>&nbsp;&nbsp;&nbsp;show_protection_infor
<LI><a href="#[1ad]">&gt;&gt;</a>&nbsp;&nbsp;&nbsp;do_power_on_later_handler
<LI><a href="#[18f]">&gt;&gt;</a>&nbsp;&nbsp;&nbsp;sys_auto_standby_poll
<LI><a href="#[18d]">&gt;&gt;</a>&nbsp;&nbsp;&nbsp;ir_in_polarity_check_handler
</UL>
<BR>[Address Reference Count : 1]<UL><LI> osal_detect.o(.data)
</UL>
<P><STRONG><a name="[ec]"></a>bsp_low_power_handler</STRONG> (Thumb, 266 bytes, Stack size 16 bytes, bsp.o(.text), UNUSED)
<BR><BR>[Calls]<UL><LI><a href="#[ed]">&gt;&gt;</a>&nbsp;&nbsp;&nbsp;eeprom_read
<LI><a href="#[b3]">&gt;&gt;</a>&nbsp;&nbsp;&nbsp;SysCtlPeripheralEnable
<LI><a href="#[ee]">&gt;&gt;</a>&nbsp;&nbsp;&nbsp;SysCtlDeepSleep
<LI><a href="#[b4]">&gt;&gt;</a>&nbsp;&nbsp;&nbsp;GPIOPinTypeGPIOOutput
</UL>

<P><STRONG><a name="[ef]"></a>osal_set_event</STRONG> (Thumb, 50 bytes, Stack size 16 bytes, osal.o(.text))
<BR><BR>[Stack]<UL><LI>Max Depth = 24<LI>Call Chain = osal_set_event &rArr; IntMasterEnable
</UL>
<BR>[Calls]<UL><LI><a href="#[f1]">&gt;&gt;</a>&nbsp;&nbsp;&nbsp;IntMasterEnable
<LI><a href="#[f0]">&gt;&gt;</a>&nbsp;&nbsp;&nbsp;IntMasterDisable
</UL>
<BR>[Called By]<UL><LI><a href="#[132]">&gt;&gt;</a>&nbsp;&nbsp;&nbsp;osalTimerUpdate
<LI><a href="#[fb]">&gt;&gt;</a>&nbsp;&nbsp;&nbsp;osal_msg_receive
<LI><a href="#[fa]">&gt;&gt;</a>&nbsp;&nbsp;&nbsp;osal_msg_send
</UL>

<P><STRONG><a name="[f2]"></a>osal_clear_event</STRONG> (Thumb, 50 bytes, Stack size 16 bytes, osal.o(.text))
<BR><BR>[Stack]<UL><LI>Max Depth = 24<LI>Call Chain = osal_clear_event &rArr; IntMasterEnable
</UL>
<BR>[Calls]<UL><LI><a href="#[f1]">&gt;&gt;</a>&nbsp;&nbsp;&nbsp;IntMasterEnable
<LI><a href="#[f0]">&gt;&gt;</a>&nbsp;&nbsp;&nbsp;IntMasterDisable
</UL>
<BR>[Called By]<UL><LI><a href="#[fb]">&gt;&gt;</a>&nbsp;&nbsp;&nbsp;osal_msg_receive
</UL>

<P><STRONG><a name="[f3]"></a>osal_msg_enqueue</STRONG> (Thumb, 56 bytes, Stack size 24 bytes, osal.o(.text))
<BR><BR>[Stack]<UL><LI>Max Depth = 32<LI>Call Chain = osal_msg_enqueue &rArr; IntMasterEnable
</UL>
<BR>[Calls]<UL><LI><a href="#[f1]">&gt;&gt;</a>&nbsp;&nbsp;&nbsp;IntMasterEnable
<LI><a href="#[f0]">&gt;&gt;</a>&nbsp;&nbsp;&nbsp;IntMasterDisable
</UL>
<BR>[Called By]<UL><LI><a href="#[fa]">&gt;&gt;</a>&nbsp;&nbsp;&nbsp;osal_msg_send
</UL>

<P><STRONG><a name="[f4]"></a>osal_msg_dequeue</STRONG> (Thumb, 46 bytes, Stack size 16 bytes, osal.o(.text), UNUSED)
<BR><BR>[Calls]<UL><LI><a href="#[f1]">&gt;&gt;</a>&nbsp;&nbsp;&nbsp;IntMasterEnable
<LI><a href="#[f0]">&gt;&gt;</a>&nbsp;&nbsp;&nbsp;IntMasterDisable
</UL>

<P><STRONG><a name="[f5]"></a>osal_msg_allocate</STRONG> (Thumb, 36 bytes, Stack size 16 bytes, osal.o(.text))
<BR><BR>[Stack]<UL><LI>Max Depth = 64<LI>Call Chain = osal_msg_allocate &rArr; malloc &rArr; __Heap_Full &rArr; __Heap_ProvideMemory &rArr; free
</UL>
<BR>[Calls]<UL><LI><a href="#[f6]">&gt;&gt;</a>&nbsp;&nbsp;&nbsp;malloc
</UL>
<BR>[Called By]<UL><LI><a href="#[130]">&gt;&gt;</a>&nbsp;&nbsp;&nbsp;Send_SysTask_Msg
<LI><a href="#[1fc]">&gt;&gt;</a>&nbsp;&nbsp;&nbsp;Send_MdcTask_Msg
<LI><a href="#[1af]">&gt;&gt;</a>&nbsp;&nbsp;&nbsp;Send_DisplayTask_Msg
<LI><a href="#[190]">&gt;&gt;</a>&nbsp;&nbsp;&nbsp;Send_Soft_Task_Msg
</UL>

<P><STRONG><a name="[f7]"></a>osal_msg_deallocate</STRONG> (Thumb, 40 bytes, Stack size 16 bytes, osal.o(.text))
<BR><BR>[Stack]<UL><LI>Max Depth = 32<LI>Call Chain = osal_msg_deallocate &rArr; free
</UL>
<BR>[Calls]<UL><LI><a href="#[f8]">&gt;&gt;</a>&nbsp;&nbsp;&nbsp;free
</UL>
<BR>[Called By]<UL><LI><a href="#[59]">&gt;&gt;</a>&nbsp;&nbsp;&nbsp;TimerOutEventLoop
<LI><a href="#[56]">&gt;&gt;</a>&nbsp;&nbsp;&nbsp;SysEventLoop
<LI><a href="#[58]">&gt;&gt;</a>&nbsp;&nbsp;&nbsp;NADUartTaskEventLoop
<LI><a href="#[54]">&gt;&gt;</a>&nbsp;&nbsp;&nbsp;MdcEventLoop
<LI><a href="#[55]">&gt;&gt;</a>&nbsp;&nbsp;&nbsp;DisplayTaskEventLoop
<LI><a href="#[57]">&gt;&gt;</a>&nbsp;&nbsp;&nbsp;BtTaskEventLoop
<LI><a href="#[fa]">&gt;&gt;</a>&nbsp;&nbsp;&nbsp;osal_msg_send
</UL>

<P><STRONG><a name="[f9]"></a>osal_msg_extract</STRONG> (Thumb, 60 bytes, Stack size 24 bytes, osal.o(.text))
<BR><BR>[Stack]<UL><LI>Max Depth = 32<LI>Call Chain = osal_msg_extract &rArr; IntMasterEnable
</UL>
<BR>[Calls]<UL><LI><a href="#[f1]">&gt;&gt;</a>&nbsp;&nbsp;&nbsp;IntMasterEnable
<LI><a href="#[f0]">&gt;&gt;</a>&nbsp;&nbsp;&nbsp;IntMasterDisable
</UL>
<BR>[Called By]<UL><LI><a href="#[fb]">&gt;&gt;</a>&nbsp;&nbsp;&nbsp;osal_msg_receive
</UL>

<P><STRONG><a name="[fa]"></a>osal_msg_send</STRONG> (Thumb, 84 bytes, Stack size 16 bytes, osal.o(.text))
<BR><BR>[Stack]<UL><LI>Max Depth = 48<LI>Call Chain = osal_msg_send &rArr; osal_msg_deallocate &rArr; free
</UL>
<BR>[Calls]<UL><LI><a href="#[f7]">&gt;&gt;</a>&nbsp;&nbsp;&nbsp;osal_msg_deallocate
<LI><a href="#[f3]">&gt;&gt;</a>&nbsp;&nbsp;&nbsp;osal_msg_enqueue
<LI><a href="#[ef]">&gt;&gt;</a>&nbsp;&nbsp;&nbsp;osal_set_event
</UL>
<BR>[Called By]<UL><LI><a href="#[130]">&gt;&gt;</a>&nbsp;&nbsp;&nbsp;Send_SysTask_Msg
<LI><a href="#[1fc]">&gt;&gt;</a>&nbsp;&nbsp;&nbsp;Send_MdcTask_Msg
<LI><a href="#[1af]">&gt;&gt;</a>&nbsp;&nbsp;&nbsp;Send_DisplayTask_Msg
<LI><a href="#[190]">&gt;&gt;</a>&nbsp;&nbsp;&nbsp;Send_Soft_Task_Msg
</UL>

<P><STRONG><a name="[fb]"></a>osal_msg_receive</STRONG> (Thumb, 100 bytes, Stack size 24 bytes, osal.o(.text))
<BR><BR>[Stack]<UL><LI>Max Depth = 56<LI>Call Chain = osal_msg_receive &rArr; osal_msg_extract &rArr; IntMasterEnable
</UL>
<BR>[Calls]<UL><LI><a href="#[f1]">&gt;&gt;</a>&nbsp;&nbsp;&nbsp;IntMasterEnable
<LI><a href="#[f0]">&gt;&gt;</a>&nbsp;&nbsp;&nbsp;IntMasterDisable
<LI><a href="#[f9]">&gt;&gt;</a>&nbsp;&nbsp;&nbsp;osal_msg_extract
<LI><a href="#[f2]">&gt;&gt;</a>&nbsp;&nbsp;&nbsp;osal_clear_event
<LI><a href="#[ef]">&gt;&gt;</a>&nbsp;&nbsp;&nbsp;osal_set_event
</UL>
<BR>[Called By]<UL><LI><a href="#[59]">&gt;&gt;</a>&nbsp;&nbsp;&nbsp;TimerOutEventLoop
<LI><a href="#[56]">&gt;&gt;</a>&nbsp;&nbsp;&nbsp;SysEventLoop
<LI><a href="#[58]">&gt;&gt;</a>&nbsp;&nbsp;&nbsp;NADUartTaskEventLoop
<LI><a href="#[54]">&gt;&gt;</a>&nbsp;&nbsp;&nbsp;MdcEventLoop
<LI><a href="#[55]">&gt;&gt;</a>&nbsp;&nbsp;&nbsp;DisplayTaskEventLoop
<LI><a href="#[57]">&gt;&gt;</a>&nbsp;&nbsp;&nbsp;BtTaskEventLoop
</UL>

<P><STRONG><a name="[106]"></a>osal_env_save</STRONG> (Thumb, 64 bytes, Stack size 16 bytes, osal_env.o(.text))
<BR><BR>[Stack]<UL><LI>Max Depth = 712 + Unknown Stack Size
<LI>Call Chain = osal_env_save &rArr; calc_env_crc &rArr; get_env_body_size &rArr; get_env_end_addr &rArr; s_printf &rArr; __c89vsprintf &rArr; _printf_char_common &rArr; __printf
</UL>
<BR>[Calls]<UL><LI><a href="#[108]">&gt;&gt;</a>&nbsp;&nbsp;&nbsp;nv_write
<LI><a href="#[103]">&gt;&gt;</a>&nbsp;&nbsp;&nbsp;calc_env_crc
<LI><a href="#[100]">&gt;&gt;</a>&nbsp;&nbsp;&nbsp;get_env_uesd_size
<LI><a href="#[107]">&gt;&gt;</a>&nbsp;&nbsp;&nbsp;get_env_sys_addr
<LI><a href="#[e4]">&gt;&gt;</a>&nbsp;&nbsp;&nbsp;s_printf
</UL>
<BR>[Called By]<UL><LI><a href="#[61]">&gt;&gt;</a>&nbsp;&nbsp;&nbsp;fn5
<LI><a href="#[113]">&gt;&gt;</a>&nbsp;&nbsp;&nbsp;osal_set_default_env
</UL>

<P><STRONG><a name="[112]"></a>osal_env_set</STRONG> (Thumb, 44 bytes, Stack size 16 bytes, osal_env.o(.text))
<BR><BR>[Stack]<UL><LI>Max Depth = 768 + Unknown Stack Size
<LI>Call Chain = osal_env_set &rArr; delete_then_append_env &rArr; append_env &rArr; get_env_uesd_size &rArr; get_env_body_size &rArr; get_env_end_addr &rArr; s_printf &rArr; __c89vsprintf &rArr; _printf_char_common &rArr; __printf
</UL>
<BR>[Calls]<UL><LI><a href="#[10f]">&gt;&gt;</a>&nbsp;&nbsp;&nbsp;delete_then_append_env
<LI><a href="#[10d]">&gt;&gt;</a>&nbsp;&nbsp;&nbsp;find_env
<LI><a href="#[109]">&gt;&gt;</a>&nbsp;&nbsp;&nbsp;append_env
</UL>
<BR>[Called By]<UL><LI><a href="#[5f]">&gt;&gt;</a>&nbsp;&nbsp;&nbsp;fn3
<LI><a href="#[113]">&gt;&gt;</a>&nbsp;&nbsp;&nbsp;osal_set_default_env
</UL>

<P><STRONG><a name="[113]"></a>osal_set_default_env</STRONG> (Thumb, 118 bytes, Stack size 16 bytes, osal_env.o(.text), UNUSED)
<BR><BR>[Calls]<UL><LI><a href="#[112]">&gt;&gt;</a>&nbsp;&nbsp;&nbsp;osal_env_set
<LI><a href="#[106]">&gt;&gt;</a>&nbsp;&nbsp;&nbsp;osal_env_save
<LI><a href="#[fc]">&gt;&gt;</a>&nbsp;&nbsp;&nbsp;set_env_end_addr
<LI><a href="#[ff]">&gt;&gt;</a>&nbsp;&nbsp;&nbsp;get_env_body_start_addr
<LI><a href="#[e4]">&gt;&gt;</a>&nbsp;&nbsp;&nbsp;s_printf
</UL>
<BR>[Called By]<UL><LI><a href="#[114]">&gt;&gt;</a>&nbsp;&nbsp;&nbsp;osal_env_load
</UL>

<P><STRONG><a name="[116]"></a>osal_env_init</STRONG> (Thumb, 258 bytes, Stack size 16 bytes, osal_env.o(.text), UNUSED)
<BR><BR>[Calls]<UL><LI><a href="#[117]">&gt;&gt;</a>&nbsp;&nbsp;&nbsp;osal_nv_init
<LI><a href="#[114]">&gt;&gt;</a>&nbsp;&nbsp;&nbsp;osal_env_load
<LI><a href="#[e4]">&gt;&gt;</a>&nbsp;&nbsp;&nbsp;s_printf
<LI><a href="#[f6]">&gt;&gt;</a>&nbsp;&nbsp;&nbsp;malloc
</UL>

<P><STRONG><a name="[118]"></a>osal_env_get</STRONG> (Thumb, 58 bytes, Stack size 16 bytes, osal_env.o(.text))
<BR><BR>[Stack]<UL><LI>Max Depth = 720 + Unknown Stack Size
<LI>Call Chain = osal_env_get &rArr; find_env &rArr; get_env_body_size &rArr; get_env_end_addr &rArr; s_printf &rArr; __c89vsprintf &rArr; _printf_char_common &rArr; __printf
</UL>
<BR>[Calls]<UL><LI><a href="#[10d]">&gt;&gt;</a>&nbsp;&nbsp;&nbsp;find_env
<LI><a href="#[e4]">&gt;&gt;</a>&nbsp;&nbsp;&nbsp;s_printf
<LI><a href="#[10a]">&gt;&gt;</a>&nbsp;&nbsp;&nbsp;strlen
</UL>
<BR>[Called By]<UL><LI><a href="#[60]">&gt;&gt;</a>&nbsp;&nbsp;&nbsp;fn4
</UL>

<P><STRONG><a name="[11a]"></a>osal_print_env</STRONG> (Thumb, 82 bytes, Stack size 8 bytes, osal_env.o(.text))
<BR><BR>[Stack]<UL><LI>Max Depth = 704 + Unknown Stack Size
<LI>Call Chain = osal_print_env &rArr; print_env_data_section &rArr; get_env_body_size &rArr; get_env_end_addr &rArr; s_printf &rArr; __c89vsprintf &rArr; _printf_char_common &rArr; __printf
</UL>
<BR>[Calls]<UL><LI><a href="#[119]">&gt;&gt;</a>&nbsp;&nbsp;&nbsp;print_env_data_section
<LI><a href="#[107]">&gt;&gt;</a>&nbsp;&nbsp;&nbsp;get_env_sys_addr
<LI><a href="#[e4]">&gt;&gt;</a>&nbsp;&nbsp;&nbsp;s_printf
</UL>
<BR>[Called By]<UL><LI><a href="#[5e]">&gt;&gt;</a>&nbsp;&nbsp;&nbsp;fn2
</UL>

<P><STRONG><a name="[117]"></a>osal_nv_init</STRONG> (Thumb, 26 bytes, Stack size 12 bytes, osal_port.o(.text), UNUSED)
<BR><BR>[Called By]<UL><LI><a href="#[116]">&gt;&gt;</a>&nbsp;&nbsp;&nbsp;osal_env_init
</UL>

<P><STRONG><a name="[e4]"></a>s_printf</STRONG> (Thumb, 106 bytes, Stack size 544 bytes, osal_port.o(.text))
<BR><BR>[Stack]<UL><LI>Max Depth = 664 + Unknown Stack Size
<LI>Call Chain = s_printf &rArr; __c89vsprintf &rArr; _printf_char_common &rArr; __printf
</UL>
<BR>[Calls]<UL><LI><a href="#[11c]">&gt;&gt;</a>&nbsp;&nbsp;&nbsp;UARTCharPutNonBlocking
<LI><a href="#[e8]">&gt;&gt;</a>&nbsp;&nbsp;&nbsp;__aeabi_memclr4
<LI><a href="#[10a]">&gt;&gt;</a>&nbsp;&nbsp;&nbsp;strlen
<LI><a href="#[11b]">&gt;&gt;</a>&nbsp;&nbsp;&nbsp;__c89vsprintf
</UL>
<BR>[Called By]<UL><LI><a href="#[163]">&gt;&gt;</a>&nbsp;&nbsp;&nbsp;serial_poll_handler
<LI><a href="#[156]">&gt;&gt;</a>&nbsp;&nbsp;&nbsp;print_version
<LI><a href="#[1b]">&gt;&gt;</a>&nbsp;&nbsp;&nbsp;sys_trigger_valid_handler
<LI><a href="#[1a]">&gt;&gt;</a>&nbsp;&nbsp;&nbsp;sys_trigger_plug_out_handler
<LI><a href="#[19]">&gt;&gt;</a>&nbsp;&nbsp;&nbsp;sys_trigger_plug_in_handler
<LI><a href="#[1c]">&gt;&gt;</a>&nbsp;&nbsp;&nbsp;sys_trigger_invalid_handler
<LI><a href="#[1f]">&gt;&gt;</a>&nbsp;&nbsp;&nbsp;sys_protection_valid_handler
<LI><a href="#[20]">&gt;&gt;</a>&nbsp;&nbsp;&nbsp;sys_protection_invalid_handler
<LI><a href="#[1e]">&gt;&gt;</a>&nbsp;&nbsp;&nbsp;sys_hp_plug_out_handler
<LI><a href="#[1d]">&gt;&gt;</a>&nbsp;&nbsp;&nbsp;sys_hp_plug_in_handler
<LI><a href="#[24]">&gt;&gt;</a>&nbsp;&nbsp;&nbsp;sys_digital_audio_valid_handler
<LI><a href="#[25]">&gt;&gt;</a>&nbsp;&nbsp;&nbsp;sys_digital_audio_invalid_handler
<LI><a href="#[21]">&gt;&gt;</a>&nbsp;&nbsp;&nbsp;sys_audio_valid_handler
<LI><a href="#[22]">&gt;&gt;</a>&nbsp;&nbsp;&nbsp;sys_audio_invalid_handler
<LI><a href="#[155]">&gt;&gt;</a>&nbsp;&nbsp;&nbsp;set_detect_state
<LI><a href="#[154]">&gt;&gt;</a>&nbsp;&nbsp;&nbsp;update_detect_state
<LI><a href="#[153]">&gt;&gt;</a>&nbsp;&nbsp;&nbsp;ring_buffer_peek_read
<LI><a href="#[152]">&gt;&gt;</a>&nbsp;&nbsp;&nbsp;ring_buffer_len
<LI><a href="#[151]">&gt;&gt;</a>&nbsp;&nbsp;&nbsp;Is_ring_buffer_empty
<LI><a href="#[150]">&gt;&gt;</a>&nbsp;&nbsp;&nbsp;ring_buffer_read
<LI><a href="#[14f]">&gt;&gt;</a>&nbsp;&nbsp;&nbsp;ring_buffer_write
<LI><a href="#[14c]">&gt;&gt;</a>&nbsp;&nbsp;&nbsp;osal_iic_read_buf
<LI><a href="#[14a]">&gt;&gt;</a>&nbsp;&nbsp;&nbsp;osal_iic_write_buf
<LI><a href="#[149]">&gt;&gt;</a>&nbsp;&nbsp;&nbsp;iic_byte_out
<LI><a href="#[140]">&gt;&gt;</a>&nbsp;&nbsp;&nbsp;osal_run_command
<LI><a href="#[60]">&gt;&gt;</a>&nbsp;&nbsp;&nbsp;fn4
<LI><a href="#[5f]">&gt;&gt;</a>&nbsp;&nbsp;&nbsp;fn3
<LI><a href="#[5d]">&gt;&gt;</a>&nbsp;&nbsp;&nbsp;fn1
<LI><a href="#[13f]">&gt;&gt;</a>&nbsp;&nbsp;&nbsp;parse_line
<LI><a href="#[13e]">&gt;&gt;</a>&nbsp;&nbsp;&nbsp;cmd_process
<LI><a href="#[13a]">&gt;&gt;</a>&nbsp;&nbsp;&nbsp;DumpBuf
<LI><a href="#[12c]">&gt;&gt;</a>&nbsp;&nbsp;&nbsp;sys_src_load_cur
<LI><a href="#[127]">&gt;&gt;</a>&nbsp;&nbsp;&nbsp;sys_database_init
<LI><a href="#[12b]">&gt;&gt;</a>&nbsp;&nbsp;&nbsp;mdc_init
<LI><a href="#[12f]">&gt;&gt;</a>&nbsp;&nbsp;&nbsp;ir_get_commond
<LI><a href="#[130]">&gt;&gt;</a>&nbsp;&nbsp;&nbsp;Send_SysTask_Msg
<LI><a href="#[108]">&gt;&gt;</a>&nbsp;&nbsp;&nbsp;nv_write
<LI><a href="#[115]">&gt;&gt;</a>&nbsp;&nbsp;&nbsp;nv_read
<LI><a href="#[11a]">&gt;&gt;</a>&nbsp;&nbsp;&nbsp;osal_print_env
<LI><a href="#[118]">&gt;&gt;</a>&nbsp;&nbsp;&nbsp;osal_env_get
<LI><a href="#[116]">&gt;&gt;</a>&nbsp;&nbsp;&nbsp;osal_env_init
<LI><a href="#[113]">&gt;&gt;</a>&nbsp;&nbsp;&nbsp;osal_set_default_env
<LI><a href="#[106]">&gt;&gt;</a>&nbsp;&nbsp;&nbsp;osal_env_save
<LI><a href="#[119]">&gt;&gt;</a>&nbsp;&nbsp;&nbsp;print_env_data_section
<LI><a href="#[114]">&gt;&gt;</a>&nbsp;&nbsp;&nbsp;osal_env_load
<LI><a href="#[10f]">&gt;&gt;</a>&nbsp;&nbsp;&nbsp;delete_then_append_env
<LI><a href="#[10d]">&gt;&gt;</a>&nbsp;&nbsp;&nbsp;find_env
<LI><a href="#[109]">&gt;&gt;</a>&nbsp;&nbsp;&nbsp;append_env
<LI><a href="#[103]">&gt;&gt;</a>&nbsp;&nbsp;&nbsp;calc_env_crc
<LI><a href="#[102]">&gt;&gt;</a>&nbsp;&nbsp;&nbsp;get_env_crc
<LI><a href="#[101]">&gt;&gt;</a>&nbsp;&nbsp;&nbsp;set_env_crc
<LI><a href="#[fd]">&gt;&gt;</a>&nbsp;&nbsp;&nbsp;get_env_end_addr
<LI><a href="#[fc]">&gt;&gt;</a>&nbsp;&nbsp;&nbsp;set_env_end_addr
<LI><a href="#[ed]">&gt;&gt;</a>&nbsp;&nbsp;&nbsp;eeprom_read
<LI><a href="#[e7]">&gt;&gt;</a>&nbsp;&nbsp;&nbsp;bsp_adc0_load
<LI><a href="#[e3]">&gt;&gt;</a>&nbsp;&nbsp;&nbsp;bsp_spi_operate
<LI><a href="#[282]">&gt;&gt;</a>&nbsp;&nbsp;&nbsp;AK4118_write
<LI><a href="#[270]">&gt;&gt;</a>&nbsp;&nbsp;&nbsp;mdc_prepare_test_environment
<LI><a href="#[26f]">&gt;&gt;</a>&nbsp;&nbsp;&nbsp;mdc_adc_load
<LI><a href="#[26e]">&gt;&gt;</a>&nbsp;&nbsp;&nbsp;mdc_setup_init
<LI><a href="#[26d]">&gt;&gt;</a>&nbsp;&nbsp;&nbsp;mdc_slot_init
<LI><a href="#[76]">&gt;&gt;</a>&nbsp;&nbsp;&nbsp;eep_read
<LI><a href="#[75]">&gt;&gt;</a>&nbsp;&nbsp;&nbsp;eep_write
<LI><a href="#[74]">&gt;&gt;</a>&nbsp;&nbsp;&nbsp;src4382_test
<LI><a href="#[73]">&gt;&gt;</a>&nbsp;&nbsp;&nbsp;audio
<LI><a href="#[267]">&gt;&gt;</a>&nbsp;&nbsp;&nbsp;src4382_DIT_setDiv
<LI><a href="#[266]">&gt;&gt;</a>&nbsp;&nbsp;&nbsp;src4382_DIT_input_select
<LI><a href="#[265]">&gt;&gt;</a>&nbsp;&nbsp;&nbsp;src4382_PortB_setDiv
<LI><a href="#[25a]">&gt;&gt;</a>&nbsp;&nbsp;&nbsp;mdc_usb_task
<LI><a href="#[25b]">&gt;&gt;</a>&nbsp;&nbsp;&nbsp;mdc_blu_task
<LI><a href="#[258]">&gt;&gt;</a>&nbsp;&nbsp;&nbsp;mdc_volume_event_handler
<LI><a href="#[256]">&gt;&gt;</a>&nbsp;&nbsp;&nbsp;do_mdc_volume_report
<LI><a href="#[255]">&gt;&gt;</a>&nbsp;&nbsp;&nbsp;bt_poll_handler
<LI><a href="#[237]">&gt;&gt;</a>&nbsp;&nbsp;&nbsp;lcd_write_data
<LI><a href="#[236]">&gt;&gt;</a>&nbsp;&nbsp;&nbsp;lcd_write_cmd
<LI><a href="#[253]">&gt;&gt;</a>&nbsp;&nbsp;&nbsp;menu_list_add_next
<LI><a href="#[24f]">&gt;&gt;</a>&nbsp;&nbsp;&nbsp;dispaly_update_handler
<LI><a href="#[23f]">&gt;&gt;</a>&nbsp;&nbsp;&nbsp;dis_blu_status_menu_handler
<LI><a href="#[1aa]">&gt;&gt;</a>&nbsp;&nbsp;&nbsp;src4382_init
<LI><a href="#[1c7]">&gt;&gt;</a>&nbsp;&nbsp;&nbsp;src4382_PortB_input_select
<LI><a href="#[1c9]">&gt;&gt;</a>&nbsp;&nbsp;&nbsp;src4382_PortB_Mute_Control
<LI><a href="#[1ab]">&gt;&gt;</a>&nbsp;&nbsp;&nbsp;pcm1795_init
<LI><a href="#[1c8]">&gt;&gt;</a>&nbsp;&nbsp;&nbsp;njw1194_input_select
<LI><a href="#[1be]">&gt;&gt;</a>&nbsp;&nbsp;&nbsp;mdc_usb_input_select
<LI><a href="#[19d]">&gt;&gt;</a>&nbsp;&nbsp;&nbsp;mdc_usb_init
<LI><a href="#[19e]">&gt;&gt;</a>&nbsp;&nbsp;&nbsp;mdc_dio_init
<LI><a href="#[1cc]">&gt;&gt;</a>&nbsp;&nbsp;&nbsp;lcd_init
<LI><a href="#[1a3]">&gt;&gt;</a>&nbsp;&nbsp;&nbsp;hdmi_version_get
<LI><a href="#[1a2]">&gt;&gt;</a>&nbsp;&nbsp;&nbsp;hdmi_init
<LI><a href="#[1a1]">&gt;&gt;</a>&nbsp;&nbsp;&nbsp;hdmi_V2_version_get
<LI><a href="#[1a0]">&gt;&gt;</a>&nbsp;&nbsp;&nbsp;hdmi_V2_init
<LI><a href="#[197]">&gt;&gt;</a>&nbsp;&nbsp;&nbsp;hc595_write
<LI><a href="#[192]">&gt;&gt;</a>&nbsp;&nbsp;&nbsp;eeprom_write
<LI><a href="#[19a]">&gt;&gt;</a>&nbsp;&nbsp;&nbsp;ana_set_power
<LI><a href="#[19b]">&gt;&gt;</a>&nbsp;&nbsp;&nbsp;ana_init
<LI><a href="#[1fc]">&gt;&gt;</a>&nbsp;&nbsp;&nbsp;Send_MdcTask_Msg
<LI><a href="#[1af]">&gt;&gt;</a>&nbsp;&nbsp;&nbsp;Send_DisplayTask_Msg
<LI><a href="#[70]">&gt;&gt;</a>&nbsp;&nbsp;&nbsp;upgrade_test
<LI><a href="#[6f]">&gt;&gt;</a>&nbsp;&nbsp;&nbsp;pop_test
<LI><a href="#[6e]">&gt;&gt;</a>&nbsp;&nbsp;&nbsp;factory_test
<LI><a href="#[6d]">&gt;&gt;</a>&nbsp;&nbsp;&nbsp;file_test
<LI><a href="#[6c]">&gt;&gt;</a>&nbsp;&nbsp;&nbsp;bt_test
<LI><a href="#[6b]">&gt;&gt;</a>&nbsp;&nbsp;&nbsp;mdc_test
<LI><a href="#[6a]">&gt;&gt;</a>&nbsp;&nbsp;&nbsp;srcrst_test
<LI><a href="#[69]">&gt;&gt;</a>&nbsp;&nbsp;&nbsp;hc595_init_test
<LI><a href="#[68]">&gt;&gt;</a>&nbsp;&nbsp;&nbsp;hc595_test
<LI><a href="#[66]">&gt;&gt;</a>&nbsp;&nbsp;&nbsp;lcd_test
<LI><a href="#[64]">&gt;&gt;</a>&nbsp;&nbsp;&nbsp;src_prev
<LI><a href="#[63]">&gt;&gt;</a>&nbsp;&nbsp;&nbsp;src_next
<LI><a href="#[62]">&gt;&gt;</a>&nbsp;&nbsp;&nbsp;print_src
<LI><a href="#[208]">&gt;&gt;</a>&nbsp;&nbsp;&nbsp;sys_usb_file_name_record
<LI><a href="#[205]">&gt;&gt;</a>&nbsp;&nbsp;&nbsp;sys_src_list_append
<LI><a href="#[1e9]">&gt;&gt;</a>&nbsp;&nbsp;&nbsp;sys_factory_reset
<LI><a href="#[1d3]">&gt;&gt;</a>&nbsp;&nbsp;&nbsp;sys_src_prev_handler
<LI><a href="#[1d2]">&gt;&gt;</a>&nbsp;&nbsp;&nbsp;sys_src_next_handler
<LI><a href="#[1ca]">&gt;&gt;</a>&nbsp;&nbsp;&nbsp;sys_input_select
<LI><a href="#[1b1]">&gt;&gt;</a>&nbsp;&nbsp;&nbsp;sys_master_vol_set
<LI><a href="#[227]">&gt;&gt;</a>&nbsp;&nbsp;&nbsp;do_balance_msg_handler
<LI><a href="#[21a]">&gt;&gt;</a>&nbsp;&nbsp;&nbsp;do_auto_standby_msg_handler
<LI><a href="#[216]">&gt;&gt;</a>&nbsp;&nbsp;&nbsp;do_blu_volume_reply
<LI><a href="#[204]">&gt;&gt;</a>&nbsp;&nbsp;&nbsp;src_list_add_next
<LI><a href="#[201]">&gt;&gt;</a>&nbsp;&nbsp;&nbsp;sys_usb_file_list_update_handler
<LI><a href="#[200]">&gt;&gt;</a>&nbsp;&nbsp;&nbsp;sys_auto_stanby_handler
<LI><a href="#[1fe]">&gt;&gt;</a>&nbsp;&nbsp;&nbsp;sys_send_bluos_response_msg
<LI><a href="#[1fb]">&gt;&gt;</a>&nbsp;&nbsp;&nbsp;sys_ir_command_handler
<LI><a href="#[1ed]">&gt;&gt;</a>&nbsp;&nbsp;&nbsp;keyboard_msg_handler
<LI><a href="#[1d7]">&gt;&gt;</a>&nbsp;&nbsp;&nbsp;sys_config_menu_next
<LI><a href="#[1d6]">&gt;&gt;</a>&nbsp;&nbsp;&nbsp;sys_config_menu_prev
<LI><a href="#[1d0]">&gt;&gt;</a>&nbsp;&nbsp;&nbsp;sys_bt_play_pause
<LI><a href="#[1c5]">&gt;&gt;</a>&nbsp;&nbsp;&nbsp;sys_constant_input_select
<LI><a href="#[1bc]">&gt;&gt;</a>&nbsp;&nbsp;&nbsp;sys_mdc_input_select
<LI><a href="#[1b6]">&gt;&gt;</a>&nbsp;&nbsp;&nbsp;sys_hw_power_check
<LI><a href="#[1ad]">&gt;&gt;</a>&nbsp;&nbsp;&nbsp;do_power_on_later_handler
<LI><a href="#[198]">&gt;&gt;</a>&nbsp;&nbsp;&nbsp;sys_hw_power_off
<LI><a href="#[191]">&gt;&gt;</a>&nbsp;&nbsp;&nbsp;sys_database_save
<LI><a href="#[18c]">&gt;&gt;</a>&nbsp;&nbsp;&nbsp;dis_print_scroll
<LI><a href="#[190]">&gt;&gt;</a>&nbsp;&nbsp;&nbsp;Send_Soft_Task_Msg
<LI><a href="#[178]">&gt;&gt;</a>&nbsp;&nbsp;&nbsp;usb_bl_check_flash_status
<LI><a href="#[16c]">&gt;&gt;</a>&nbsp;&nbsp;&nbsp;mdc_usb_send_block
<LI><a href="#[177]">&gt;&gt;</a>&nbsp;&nbsp;&nbsp;mdc_usb_finish_program
<LI><a href="#[176]">&gt;&gt;</a>&nbsp;&nbsp;&nbsp;mdc_usb_erase_flash
<LI><a href="#[17a]">&gt;&gt;</a>&nbsp;&nbsp;&nbsp;UpdaterUSB
<LI><a href="#[171]">&gt;&gt;</a>&nbsp;&nbsp;&nbsp;ReadAppAndProgram
<LI><a href="#[16f]">&gt;&gt;</a>&nbsp;&nbsp;&nbsp;do_hex_decode_and_upgrade
<LI><a href="#[16d]">&gt;&gt;</a>&nbsp;&nbsp;&nbsp;_get_block_address
<LI><a href="#[2b9]">&gt;&gt;</a>&nbsp;&nbsp;&nbsp;hdmiv2_check_loop
<LI><a href="#[2b8]">&gt;&gt;</a>&nbsp;&nbsp;&nbsp;hdmiv2_msg_handler
<LI><a href="#[2b0]">&gt;&gt;</a>&nbsp;&nbsp;&nbsp;hdmiv2_set_run_app
<LI><a href="#[2af]">&gt;&gt;</a>&nbsp;&nbsp;&nbsp;hdmiv2_bl_get_msg
<LI><a href="#[2ac]">&gt;&gt;</a>&nbsp;&nbsp;&nbsp;hdmi_write
<LI><a href="#[2ab]">&gt;&gt;</a>&nbsp;&nbsp;&nbsp;hdmi_try_write
<LI><a href="#[2a6]">&gt;&gt;</a>&nbsp;&nbsp;&nbsp;njw1195_volume_set
<LI><a href="#[2a3]">&gt;&gt;</a>&nbsp;&nbsp;&nbsp;hdmi_write
<LI><a href="#[2a0]">&gt;&gt;</a>&nbsp;&nbsp;&nbsp;blu_hw_service
<LI><a href="#[29d]">&gt;&gt;</a>&nbsp;&nbsp;&nbsp;blu_resume_power
<LI><a href="#[298]">&gt;&gt;</a>&nbsp;&nbsp;&nbsp;blu_read
<LI><a href="#[296]">&gt;&gt;</a>&nbsp;&nbsp;&nbsp;mdc_usb_task2
<LI><a href="#[295]">&gt;&gt;</a>&nbsp;&nbsp;&nbsp;usb_select_source
<LI><a href="#[293]">&gt;&gt;</a>&nbsp;&nbsp;&nbsp;usb_bl_runApp
<LI><a href="#[292]">&gt;&gt;</a>&nbsp;&nbsp;&nbsp;usb_bl_get_version
<LI><a href="#[291]">&gt;&gt;</a>&nbsp;&nbsp;&nbsp;usb_bl_getMsg
<LI><a href="#[28d]">&gt;&gt;</a>&nbsp;&nbsp;&nbsp;usb_read
</UL>

<P><STRONG><a name="[115]"></a>nv_read</STRONG> (Thumb, 72 bytes, Stack size 24 bytes, osal_port.o(.text), UNUSED)
<BR><BR>[Calls]<UL><LI><a href="#[e4]">&gt;&gt;</a>&nbsp;&nbsp;&nbsp;s_printf
</UL>
<BR>[Called By]<UL><LI><a href="#[114]">&gt;&gt;</a>&nbsp;&nbsp;&nbsp;osal_env_load
</UL>

<P><STRONG><a name="[108]"></a>nv_write</STRONG> (Thumb, 82 bytes, Stack size 24 bytes, osal_port.o(.text))
<BR><BR>[Stack]<UL><LI>Max Depth = 688 + Unknown Stack Size
<LI>Call Chain = nv_write &rArr; s_printf &rArr; __c89vsprintf &rArr; _printf_char_common &rArr; __printf
</UL>
<BR>[Calls]<UL><LI><a href="#[11d]">&gt;&gt;</a>&nbsp;&nbsp;&nbsp;flash_erase
<LI><a href="#[e4]">&gt;&gt;</a>&nbsp;&nbsp;&nbsp;s_printf
</UL>
<BR>[Called By]<UL><LI><a href="#[106]">&gt;&gt;</a>&nbsp;&nbsp;&nbsp;osal_env_save
</UL>

<P><STRONG><a name="[11e]"></a>osalInitTasks</STRONG> (Thumb, 102 bytes, Stack size 8 bytes, osal_task.o(.text))
<BR><BR>[Stack]<UL><LI>Max Depth = 56<LI>Call Chain = osalInitTasks &rArr; malloc &rArr; __Heap_Full &rArr; __Heap_ProvideMemory &rArr; free
</UL>
<BR>[Calls]<UL><LI><a href="#[125]">&gt;&gt;</a>&nbsp;&nbsp;&nbsp;UpgradeTaskInit
<LI><a href="#[124]">&gt;&gt;</a>&nbsp;&nbsp;&nbsp;TimerOutEventInit
<LI><a href="#[121]">&gt;&gt;</a>&nbsp;&nbsp;&nbsp;SysTaskInit
<LI><a href="#[123]">&gt;&gt;</a>&nbsp;&nbsp;&nbsp;NADUartTaskEventInit
<LI><a href="#[11f]">&gt;&gt;</a>&nbsp;&nbsp;&nbsp;MdcTaskInit
<LI><a href="#[120]">&gt;&gt;</a>&nbsp;&nbsp;&nbsp;DisplayTaskInit
<LI><a href="#[122]">&gt;&gt;</a>&nbsp;&nbsp;&nbsp;BtTaskEventInit
<LI><a href="#[f6]">&gt;&gt;</a>&nbsp;&nbsp;&nbsp;malloc
<LI><a href="#[111]">&gt;&gt;</a>&nbsp;&nbsp;&nbsp;__aeabi_memclr
</UL>
<BR>[Called By]<UL><LI><a href="#[126]">&gt;&gt;</a>&nbsp;&nbsp;&nbsp;osal_init_system
</UL>

<P><STRONG><a name="[126]"></a>osal_init_system</STRONG> (Thumb, 76 bytes, Stack size 8 bytes, osal_task.o(.text))
<BR><BR>[Stack]<UL><LI>Max Depth = 824 + Unknown Stack Size
<LI>Call Chain = osal_init_system &rArr; mdc_init &rArr; mdc_adc_load &rArr; bsp_adc0_load &rArr; s_printf &rArr; __c89vsprintf &rArr; _printf_char_common &rArr; __printf
</UL>
<BR>[Calls]<UL><LI><a href="#[12c]">&gt;&gt;</a>&nbsp;&nbsp;&nbsp;sys_src_load_cur
<LI><a href="#[128]">&gt;&gt;</a>&nbsp;&nbsp;&nbsp;sys_src_list_create
<LI><a href="#[127]">&gt;&gt;</a>&nbsp;&nbsp;&nbsp;sys_database_init
<LI><a href="#[129]">&gt;&gt;</a>&nbsp;&nbsp;&nbsp;ring_buffer_init
<LI><a href="#[12b]">&gt;&gt;</a>&nbsp;&nbsp;&nbsp;mdc_init
<LI><a href="#[12a]">&gt;&gt;</a>&nbsp;&nbsp;&nbsp;hc595_init
<LI><a href="#[12d]">&gt;&gt;</a>&nbsp;&nbsp;&nbsp;display_menu_list_create
<LI><a href="#[11e]">&gt;&gt;</a>&nbsp;&nbsp;&nbsp;osalInitTasks
<LI><a href="#[b6]">&gt;&gt;</a>&nbsp;&nbsp;&nbsp;IntEnable
</UL>
<BR>[Called By]<UL><LI><a href="#[a9]">&gt;&gt;</a>&nbsp;&nbsp;&nbsp;main
</UL>

<P><STRONG><a name="[12e]"></a>osal_start_system</STRONG> (Thumb, 152 bytes, Stack size 24 bytes, osal_task.o(.text))
<BR><BR>[Stack]<UL><LI>Max Depth = 728 + Unknown Stack Size
<LI>Call Chain = osal_start_system &rArr; ir_get_commond &rArr; ring_buffer_len &rArr; s_printf &rArr; __c89vsprintf &rArr; _printf_char_common &rArr; __printf
</UL>
<BR>[Calls]<UL><LI><a href="#[12f]">&gt;&gt;</a>&nbsp;&nbsp;&nbsp;ir_get_commond
<LI><a href="#[130]">&gt;&gt;</a>&nbsp;&nbsp;&nbsp;Send_SysTask_Msg
<LI><a href="#[131]">&gt;&gt;</a>&nbsp;&nbsp;&nbsp;DetectGpioPoll
<LI><a href="#[f1]">&gt;&gt;</a>&nbsp;&nbsp;&nbsp;IntMasterEnable
<LI><a href="#[f0]">&gt;&gt;</a>&nbsp;&nbsp;&nbsp;IntMasterDisable
</UL>
<BR>[Called By]<UL><LI><a href="#[a9]">&gt;&gt;</a>&nbsp;&nbsp;&nbsp;main
</UL>

<P><STRONG><a name="[3b5]"></a>Delay_ms</STRONG> (Thumb, 18 bytes, Stack size 0 bytes, osal_task.o(.text), UNUSED)

<P><STRONG><a name="[2a]"></a>SysTickIntHandler</STRONG> (Thumb, 18 bytes, Stack size 8 bytes, osal_task.o(.text))
<BR><BR>[Stack]<UL><LI>Max Depth = 56<LI>Call Chain = SysTickIntHandler &rArr; osalTimerUpdate &rArr; osal_set_event &rArr; IntMasterEnable
</UL>
<BR>[Calls]<UL><LI><a href="#[132]">&gt;&gt;</a>&nbsp;&nbsp;&nbsp;osalTimerUpdate
</UL>
<BR>[Address Reference Count : 1]<UL><LI> startup_rvmdk.o(RESET)
</UL>
<P><STRONG><a name="[195]"></a>Register_Bitmap_Flag</STRONG> (Thumb, 28 bytes, Stack size 0 bytes, osal_task.o(.text))
<BR><BR>[Called By]<UL><LI><a href="#[246]">&gt;&gt;</a>&nbsp;&nbsp;&nbsp;dis_speaker_mode_select_menu_handler
<LI><a href="#[243]">&gt;&gt;</a>&nbsp;&nbsp;&nbsp;dis_auto_standby_menu_handler
<LI><a href="#[242]">&gt;&gt;</a>&nbsp;&nbsp;&nbsp;dis_ir_channel_select_menu_handler
<LI><a href="#[241]">&gt;&gt;</a>&nbsp;&nbsp;&nbsp;dis_line_out_select_menu
<LI><a href="#[240]">&gt;&gt;</a>&nbsp;&nbsp;&nbsp;dis_output_select_menu
<LI><a href="#[23e]">&gt;&gt;</a>&nbsp;&nbsp;&nbsp;dis_usb_not_insert_menu_handler
<LI><a href="#[23c]">&gt;&gt;</a>&nbsp;&nbsp;&nbsp;dis_usb_play_menu_handler
<LI><a href="#[23a]">&gt;&gt;</a>&nbsp;&nbsp;&nbsp;dis_usb_file_list_menu_handler
<LI><a href="#[238]">&gt;&gt;</a>&nbsp;&nbsp;&nbsp;dis_source_menu_handler
<LI><a href="#[216]">&gt;&gt;</a>&nbsp;&nbsp;&nbsp;do_blu_volume_reply
<LI><a href="#[20e]">&gt;&gt;</a>&nbsp;&nbsp;&nbsp;do_record_file_name
<LI><a href="#[1f0]">&gt;&gt;</a>&nbsp;&nbsp;&nbsp;sys_vol_control_handler
<LI><a href="#[194]">&gt;&gt;</a>&nbsp;&nbsp;&nbsp;sys_running_parameter_init
<LI><a href="#[18f]">&gt;&gt;</a>&nbsp;&nbsp;&nbsp;sys_auto_standby_poll
</UL>

<P><STRONG><a name="[1a4]"></a>Deregister_Bitmap_Flag</STRONG> (Thumb, 28 bytes, Stack size 0 bytes, osal_task.o(.text))
<BR><BR>[Called By]<UL><LI><a href="#[250]">&gt;&gt;</a>&nbsp;&nbsp;&nbsp;vol_dis_timeout_handler
<LI><a href="#[23c]">&gt;&gt;</a>&nbsp;&nbsp;&nbsp;dis_usb_play_menu_handler
<LI><a href="#[1e9]">&gt;&gt;</a>&nbsp;&nbsp;&nbsp;sys_factory_reset
<LI><a href="#[1d3]">&gt;&gt;</a>&nbsp;&nbsp;&nbsp;sys_src_prev_handler
<LI><a href="#[1d2]">&gt;&gt;</a>&nbsp;&nbsp;&nbsp;sys_src_next_handler
<LI><a href="#[20e]">&gt;&gt;</a>&nbsp;&nbsp;&nbsp;do_record_file_name
<LI><a href="#[20a]">&gt;&gt;</a>&nbsp;&nbsp;&nbsp;do_file_seek
<LI><a href="#[1e1]">&gt;&gt;</a>&nbsp;&nbsp;&nbsp;sys_auto_stanby_onoff_handler
<LI><a href="#[1b8]">&gt;&gt;</a>&nbsp;&nbsp;&nbsp;sys_power_off_handler
<LI><a href="#[18f]">&gt;&gt;</a>&nbsp;&nbsp;&nbsp;sys_auto_standby_poll
</UL>

<P><STRONG><a name="[18b]"></a>IS_Flag_Valid</STRONG> (Thumb, 32 bytes, Stack size 0 bytes, osal_task.o(.text))
<BR><BR>[Called By]<UL><LI><a href="#[55]">&gt;&gt;</a>&nbsp;&nbsp;&nbsp;DisplayTaskEventLoop
<LI><a href="#[23c]">&gt;&gt;</a>&nbsp;&nbsp;&nbsp;dis_usb_play_menu_handler
<LI><a href="#[233]">&gt;&gt;</a>&nbsp;&nbsp;&nbsp;dis_print
<LI><a href="#[20e]">&gt;&gt;</a>&nbsp;&nbsp;&nbsp;do_record_file_name
<LI><a href="#[18f]">&gt;&gt;</a>&nbsp;&nbsp;&nbsp;sys_auto_standby_poll
<LI><a href="#[18a]">&gt;&gt;</a>&nbsp;&nbsp;&nbsp;lcd_scroll_handler
</UL>

<P><STRONG><a name="[134]"></a>osalFindTimer</STRONG> (Thumb, 32 bytes, Stack size 0 bytes, osal_timer.o(.text))
<BR><BR>[Called By]<UL><LI><a href="#[137]">&gt;&gt;</a>&nbsp;&nbsp;&nbsp;osal_stop_timerEx
[...]
</UL>
<BR>[Called By]<UL><LI><a href="#[2b8]">&gt;&gt;</a>&nbsp;&nbsp;&nbsp;hdmiv2_msg_handler
</UL>

<P><STRONG><a name="[2b8]"></a>hdmiv2_msg_handler</STRONG> (Thumb, 132 bytes, Stack size 16 bytes, mdc_hdmi_v2.o(.text))
<BR><BR>[Stack]<UL><LI>Max Depth = 760 + Unknown Stack Size
<LI>Call Chain = hdmiv2_msg_handler &rArr; hdmiv2_volume_cmd_handler &rArr; Send_SysTask_Msg &rArr; s_printf &rArr; __c89vsprintf &rArr; _printf_char_common &rArr; __printf
</UL>
<BR>[Calls]<UL><LI><a href="#[e4]">&gt;&gt;</a>&nbsp;&nbsp;&nbsp;s_printf
<LI><a href="#[2b7]">&gt;&gt;</a>&nbsp;&nbsp;&nbsp;hdmiv2_mute_cmd_handler
<LI><a href="#[2b2]">&gt;&gt;</a>&nbsp;&nbsp;&nbsp;hdmiv2_volume_cmd_handler
</UL>
<BR>[Called By]<UL><LI><a href="#[2b9]">&gt;&gt;</a>&nbsp;&nbsp;&nbsp;hdmiv2_check_loop
</UL>

<P><STRONG><a name="[2b9]"></a>hdmiv2_check_loop</STRONG> (Thumb, 386 bytes, Stack size 144 bytes, mdc_hdmi_v2.o(.text))
<BR><BR>[Stack]<UL><LI>Max Depth = 904 + Unknown Stack Size
<LI>Call Chain = hdmiv2_check_loop &rArr; hdmiv2_msg_handler &rArr; hdmiv2_volume_cmd_handler &rArr; Send_SysTask_Msg &rArr; s_printf &rArr; __c89vsprintf &rArr; _printf_char_common &rArr; __printf
</UL>
<BR>[Calls]<UL><LI><a href="#[151]">&gt;&gt;</a>&nbsp;&nbsp;&nbsp;Is_ring_buffer_empty
<LI><a href="#[150]">&gt;&gt;</a>&nbsp;&nbsp;&nbsp;ring_buffer_read
<LI><a href="#[e4]">&gt;&gt;</a>&nbsp;&nbsp;&nbsp;s_printf
<LI><a href="#[b7]">&gt;&gt;</a>&nbsp;&nbsp;&nbsp;GPIOPinWrite
<LI><a href="#[274]">&gt;&gt;</a>&nbsp;&nbsp;&nbsp;mdc_bus_select
<LI><a href="#[2b8]">&gt;&gt;</a>&nbsp;&nbsp;&nbsp;hdmiv2_msg_handler
<LI><a href="#[2ae]">&gt;&gt;</a>&nbsp;&nbsp;&nbsp;hdmiv2_get_byte
<LI><a href="#[2ad]">&gt;&gt;</a>&nbsp;&nbsp;&nbsp;hdmi_read
<LI><a href="#[e8]">&gt;&gt;</a>&nbsp;&nbsp;&nbsp;__aeabi_memclr4
</UL>
<BR>[Called By]<UL><LI><a href="#[25c]">&gt;&gt;</a>&nbsp;&nbsp;&nbsp;hdmi_v2_task
</UL>

<P><STRONG><a name="[5c]"></a>USBHMSCClose</STRONG> (Thumb, 56 bytes, Stack size 8 bytes, usbhmsc.o(i.USBHMSCClose))
<BR><BR>[Stack]<UL><LI>Max Depth = 44<LI>Call Chain = USBHMSCClose &rArr; USBHCDPipeFree &rArr; USBHostHubAddrSet
</UL>
<BR>[Calls]<UL><LI><a href="#[345]">&gt;&gt;</a>&nbsp;&nbsp;&nbsp;USBHCDPipeFree
</UL>
<BR>[Address Reference Count : 1]<UL><LI> usbhmsc.o(.constdata)
</UL>
<P><STRONG><a name="[5b]"></a>USBHMSCOpen</STRONG> (Thumb, 164 bytes, Stack size 40 bytes, usbhmsc.o(i.USBHMSCOpen))
<BR><BR>[Stack]<UL><LI>Max Depth = 84<LI>Call Chain = USBHMSCOpen &rArr; USBHCDPipeAllocSize &rArr; USBHostHubAddrSet
</UL>
<BR>[Calls]<UL><LI><a href="#[344]">&gt;&gt;</a>&nbsp;&nbsp;&nbsp;USBHCDPipeConfig
<LI><a href="#[341]">&gt;&gt;</a>&nbsp;&nbsp;&nbsp;USBHCDPipeAllocSize
<LI><a href="#[352]">&gt;&gt;</a>&nbsp;&nbsp;&nbsp;USBDescGetInterfaceEndpoint
<LI><a href="#[319]">&gt;&gt;</a>&nbsp;&nbsp;&nbsp;USBDescGetInterface
</UL>
<BR>[Address Reference Count : 1]<UL><LI> usbhmsc.o(.constdata)
</UL>
<P><STRONG><a name="[30f]"></a>ProcessUSBDeviceStateMachine</STRONG> (Thumb, 966 bytes, Stack size 64 bytes, usbhostenum.o(i.ProcessUSBDeviceStateMachine))
<BR><BR>[Stack]<UL><LI>Max Depth = 136<LI>Call Chain = ProcessUSBDeviceStateMachine &rArr; USBHCDDeviceDisconnected &rArr; OTGDeviceDisconnect &rArr; USBOTGSetMode
</UL>
<BR>[Calls]<UL><LI><a href="#[af]">&gt;&gt;</a>&nbsp;&nbsp;&nbsp;SysCtlDelay
<LI><a href="#[310]">&gt;&gt;</a>&nbsp;&nbsp;&nbsp;IntDisable
<LI><a href="#[312]">&gt;&gt;</a>&nbsp;&nbsp;&nbsp;SysCtlPeripheralReset
<LI><a href="#[315]">&gt;&gt;</a>&nbsp;&nbsp;&nbsp;USBHCDControlTransfer
<LI><a href="#[319]">&gt;&gt;</a>&nbsp;&nbsp;&nbsp;USBDescGetInterface
<LI><a href="#[316]">&gt;&gt;</a>&nbsp;&nbsp;&nbsp;USBHostSpeedGet
<LI><a href="#[314]">&gt;&gt;</a>&nbsp;&nbsp;&nbsp;USBHostReset
<LI><a href="#[318]">&gt;&gt;</a>&nbsp;&nbsp;&nbsp;USBHHubEnumerationError
<LI><a href="#[31b]">&gt;&gt;</a>&nbsp;&nbsp;&nbsp;USBHHubEnumerationComplete
<LI><a href="#[317]">&gt;&gt;</a>&nbsp;&nbsp;&nbsp;InternalUSBHCDSendEvent
<LI><a href="#[31a]">&gt;&gt;</a>&nbsp;&nbsp;&nbsp;ConfigDescAlloc
<LI><a href="#[313]">&gt;&gt;</a>&nbsp;&nbsp;&nbsp;USBHCDInitInternal
<LI><a href="#[311]">&gt;&gt;</a>&nbsp;&nbsp;&nbsp;USBHCDDeviceDisconnected
</UL>
<BR>[Called By]<UL><LI><a href="#[17b]">&gt;&gt;</a>&nbsp;&nbsp;&nbsp;USBHCDMain
</UL>

<P><STRONG><a name="[311]"></a>USBHCDDeviceDisconnected</STRONG> (Thumb, 154 bytes, Stack size 32 bytes, usbhostenum.o(i.USBHCDDeviceDisconnected))
<BR><BR>[Stack]<UL><LI>Max Depth = 72<LI>Call Chain = USBHCDDeviceDisconnected &rArr; OTGDeviceDisconnect &rArr; USBOTGSetMode
</UL>
<BR>[Calls]<UL><LI><a href="#[30d]">&gt;&gt;</a>&nbsp;&nbsp;&nbsp;OTGDeviceDisconnect
<LI><a href="#[317]">&gt;&gt;</a>&nbsp;&nbsp;&nbsp;InternalUSBHCDSendEvent
<LI><a href="#[32e]">&gt;&gt;</a>&nbsp;&nbsp;&nbsp;ConfigDescFree
</UL>
<BR>[Called By]<UL><LI><a href="#[30f]">&gt;&gt;</a>&nbsp;&nbsp;&nbsp;ProcessUSBDeviceStateMachine
</UL>

<P><STRONG><a name="[313]"></a>USBHCDInitInternal</STRONG> (Thumb, 384 bytes, Stack size 40 bytes, usbhostenum.o(i.USBHCDInitInternal))
<BR><BR>[Stack]<UL><LI>Max Depth = 56<LI>Call Chain = USBHCDInitInternal &rArr; USBHCDPowerConfigSet
</UL>
<BR>[Calls]<UL><LI><a href="#[b6]">&gt;&gt;</a>&nbsp;&nbsp;&nbsp;IntEnable
<LI><a href="#[33c]">&gt;&gt;</a>&nbsp;&nbsp;&nbsp;USBOTGSessionRequest
<LI><a href="#[334]">&gt;&gt;</a>&nbsp;&nbsp;&nbsp;USBNumEndpointsGet
<LI><a href="#[336]">&gt;&gt;</a>&nbsp;&nbsp;&nbsp;USBLibDMAInit
<LI><a href="#[33e]">&gt;&gt;</a>&nbsp;&nbsp;&nbsp;USBLPMIntEnable
<LI><a href="#[339]">&gt;&gt;</a>&nbsp;&nbsp;&nbsp;USBIntEnableEndpoint
<LI><a href="#[338]">&gt;&gt;</a>&nbsp;&nbsp;&nbsp;USBIntEnableControl
<LI><a href="#[33b]">&gt;&gt;</a>&nbsp;&nbsp;&nbsp;USBHostPwrEnable
<LI><a href="#[33d]">&gt;&gt;</a>&nbsp;&nbsp;&nbsp;USBHostLPMConfig
<LI><a href="#[323]">&gt;&gt;</a>&nbsp;&nbsp;&nbsp;USBHostEndpointConfig
<LI><a href="#[335]">&gt;&gt;</a>&nbsp;&nbsp;&nbsp;USBHHubInit
<LI><a href="#[337]">&gt;&gt;</a>&nbsp;&nbsp;&nbsp;InternalUSBTickInit
<LI><a href="#[33a]">&gt;&gt;</a>&nbsp;&nbsp;&nbsp;USBHCDPowerConfigSet
</UL>
<BR>[Called By]<UL><LI><a href="#[185]">&gt;&gt;</a>&nbsp;&nbsp;&nbsp;USBHCDInit
<LI><a href="#[30f]">&gt;&gt;</a>&nbsp;&nbsp;&nbsp;ProcessUSBDeviceStateMachine
</UL>

<P><STRONG><a name="[30e]"></a>USBOTGSetMode</STRONG> (Thumb, 126 bytes, Stack size 32 bytes, usbmode.o(i.USBOTGSetMode))
<BR><BR>[Stack]<UL><LI>Max Depth = 32<LI>Call Chain = USBOTGSetMode
</UL>
<BR>[Calls]<UL><LI><a href="#[33c]">&gt;&gt;</a>&nbsp;&nbsp;&nbsp;USBOTGSessionRequest
<LI><a href="#[35a]">&gt;&gt;</a>&nbsp;&nbsp;&nbsp;USBHostSuspend
<LI><a href="#[35b]">&gt;&gt;</a>&nbsp;&nbsp;&nbsp;USBHCDPowerAutomatic
<LI><a href="#[317]">&gt;&gt;</a>&nbsp;&nbsp;&nbsp;InternalUSBHCDSendEvent
</UL>
<BR>[Called By]<UL><LI><a href="#[30d]">&gt;&gt;</a>&nbsp;&nbsp;&nbsp;OTGDeviceDisconnect
</UL>

<P><STRONG><a name="[43]"></a>DMAUSBIntHandler</STRONG> (Thumb, 62 bytes, Stack size 4 bytes, usbdma.o(i.DMAUSBIntHandler))
<BR><BR>[Stack]<UL><LI>Max Depth = 4<LI>Call Chain = DMAUSBIntHandler
</UL>
<BR>[Address Reference Count : 1]<UL><LI> usbdma.o(i.USBLibDMAInit)
</UL>
<P><STRONG><a name="[45]"></a>DMAUSBIntStatusClear</STRONG> (Thumb, 14 bytes, Stack size 0 bytes, usbdma.o(i.DMAUSBIntStatusClear))
<BR>[Address Reference Count : 1]<UL><LI> usbdma.o(i.USBLibDMAInit)
</UL>
<P><STRONG><a name="[46]"></a>DMAUSBStatus</STRONG> (Thumb, 4 bytes, Stack size 0 bytes, usbdma.o(i.DMAUSBStatus))
<BR>[Address Reference Count : 1]<UL><LI> usbdma.o(i.USBLibDMAInit)
</UL>
<P><STRONG><a name="[49]"></a>iDMAUSBArbSizeSet</STRONG> (Thumb, 2 bytes, Stack size 0 bytes, usbdma.o(i.iDMAUSBArbSizeSet))
<BR>[Address Reference Count : 1]<UL><LI> usbdma.o(i.USBLibDMAInit)
</UL>
<P><STRONG><a name="[4a]"></a>iDMAUSBChannelAllocate</STRONG> (Thumb, 132 bytes, Stack size 24 bytes, usbdma.o(i.iDMAUSBChannelAllocate))
<BR><BR>[Stack]<UL><LI>Max Depth = 24<LI>Call Chain = iDMAUSBChannelAllocate
</UL>
<BR>[Calls]<UL><LI><a href="#[360]">&gt;&gt;</a>&nbsp;&nbsp;&nbsp;USBDMAChannelDisable
</UL>
<BR>[Address Reference Count : 1]<UL><LI> usbdma.o(i.USBLibDMAInit)
</UL>
<P><STRONG><a name="[52]"></a>iDMAUSBChannelDisable</STRONG> (Thumb, 52 bytes, Stack size 16 bytes, usbdma.o(i.iDMAUSBChannelDisable))
<BR><BR>[Stack]<UL><LI>Max Depth = 16<LI>Call Chain = iDMAUSBChannelDisable
</UL>
<BR>[Calls]<UL><LI><a href="#[361]">&gt;&gt;</a>&nbsp;&nbsp;&nbsp;USBDMAChannelIntDisable
<LI><a href="#[360]">&gt;&gt;</a>&nbsp;&nbsp;&nbsp;USBDMAChannelDisable
</UL>
<BR>[Address Reference Count : 1]<UL><LI> usbdma.o(i.USBLibDMAInit)
</UL>
<P><STRONG><a name="[51]"></a>iDMAUSBChannelEnable</STRONG> (Thumb, 82 bytes, Stack size 16 bytes, usbdma.o(i.iDMAUSBChannelEnable))
<BR><BR>[Stack]<UL><LI>Max Depth = 16<LI>Call Chain = iDMAUSBChannelEnable
</UL>
<BR>[Calls]<UL><LI><a href="#[b6]">&gt;&gt;</a>&nbsp;&nbsp;&nbsp;IntEnable
<LI><a href="#[310]">&gt;&gt;</a>&nbsp;&nbsp;&nbsp;IntDisable
<LI><a href="#[362]">&gt;&gt;</a>&nbsp;&nbsp;&nbsp;IntIsEnabled
<LI><a href="#[363]">&gt;&gt;</a>&nbsp;&nbsp;&nbsp;USBDMAChannelIntEnable
<LI><a href="#[364]">&gt;&gt;</a>&nbsp;&nbsp;&nbsp;USBDMAChannelEnable
</UL>
<BR>[Address Reference Count : 1]<UL><LI> usbdma.o(i.USBLibDMAInit)
</UL>
<P><STRONG><a name="[4e]"></a>iDMAUSBChannelIntDisable</STRONG> (Thumb, 8 bytes, Stack size 0 bytes, usbdma.o(i.iDMAUSBChannelIntDisable))
<BR><BR>[Calls]<UL><LI><a href="#[361]">&gt;&gt;</a>&nbsp;&nbsp;&nbsp;USBDMAChannelIntDisable
</UL>
<BR>[Address Reference Count : 1]<UL><LI> usbdma.o(i.USBLibDMAInit)
</UL>
<P><STRONG><a name="[4d]"></a>iDMAUSBChannelIntEnable</STRONG> (Thumb, 8 bytes, Stack size 0 bytes, usbdma.o(i.iDMAUSBChannelIntEnable))
<BR><BR>[Calls]<UL><LI><a href="#[363]">&gt;&gt;</a>&nbsp;&nbsp;&nbsp;USBDMAChannelIntEnable
</UL>
<BR>[Address Reference Count : 1]<UL><LI> usbdma.o(i.USBLibDMAInit)
</UL>
<P><STRONG><a name="[50]"></a>iDMAUSBChannelRelease</STRONG> (Thumb, 62 bytes, Stack size 16 bytes, usbdma.o(i.iDMAUSBChannelRelease))
<BR><BR>[Stack]<UL><LI>Max Depth = 16<LI>Call Chain = iDMAUSBChannelRelease
</UL>
<BR>[Calls]<UL><LI><a href="#[360]">&gt;&gt;</a>&nbsp;&nbsp;&nbsp;USBDMAChannelDisable
</UL>
<BR>[Address Reference Count : 1]<UL><LI> usbdma.o(i.USBLibDMAInit)
</UL>
<P><STRONG><a name="[4b]"></a>iDMAUSBChannelStatus</STRONG> (Thumb, 56 bytes, Stack size 16 bytes, usbdma.o(i.iDMAUSBChannelStatus))
<BR><BR>[Stack]<UL><LI>Max Depth = 16<LI>Call Chain = iDMAUSBChannelStatus
</UL>
<BR>[Calls]<UL><LI><a href="#[365]">&gt;&gt;</a>&nbsp;&nbsp;&nbsp;USBDMAChannelStatus
</UL>
<BR>[Address Reference Count : 1]<UL><LI> usbdma.o(i.USBLibDMAInit)
</UL>
<P><STRONG><a name="[4c]"></a>iDMAUSBIntStatus</STRONG> (Thumb, 6 bytes, Stack size 0 bytes, usbdma.o(i.iDMAUSBIntStatus))
<BR><BR>[Calls]<UL><LI><a href="#[366]">&gt;&gt;</a>&nbsp;&nbsp;&nbsp;USBDMAChannelIntStatus
</UL>
<BR>[Address Reference Count : 1]<UL><LI> usbdma.o(i.USBLibDMAInit)
</UL>
<P><STRONG><a name="[4f]"></a>iDMAUSBTransfer</STRONG> (Thumb, 240 bytes, Stack size 24 bytes, usbdma.o(i.iDMAUSBTransfer))
<BR><BR>[Stack]<UL><LI>Max Depth = 24<LI>Call Chain = iDMAUSBTransfer
</UL>
<BR>[Calls]<UL><LI><a href="#[348]">&gt;&gt;</a>&nbsp;&nbsp;&nbsp;USBEndpointDMADisable
<LI><a href="#[369]">&gt;&gt;</a>&nbsp;&nbsp;&nbsp;USBEndpointPacketCountSet
<LI><a href="#[36c]">&gt;&gt;</a>&nbsp;&nbsp;&nbsp;USBEndpointDMAEnable
<LI><a href="#[36a]">&gt;&gt;</a>&nbsp;&nbsp;&nbsp;USBEndpointDMAConfigSet
<LI><a href="#[364]">&gt;&gt;</a>&nbsp;&nbsp;&nbsp;USBDMAChannelEnable
<LI><a href="#[368]">&gt;&gt;</a>&nbsp;&nbsp;&nbsp;USBDMAChannelCountSet
<LI><a href="#[36b]">&gt;&gt;</a>&nbsp;&nbsp;&nbsp;USBDMAChannelConfigSet
<LI><a href="#[367]">&gt;&gt;</a>&nbsp;&nbsp;&nbsp;USBDMAChannelAddressSet
</UL>
<BR>[Address Reference Count : 1]<UL><LI> usbdma.o(i.USBLibDMAInit)
</UL>
<P><STRONG><a name="[53]"></a>iDMAUSBUnitSizeSet</STRONG> (Thumb, 2 bytes, Stack size 0 bytes, usbdma.o(i.iDMAUSBUnitSizeSet))
<BR>[Address Reference Count : 1]<UL><LI> usbdma.o(i.USBLibDMAInit)
</UL>
<P><STRONG><a name="[3b]"></a>uDMAUSBArbSizeSet</STRONG> (Thumb, 104 bytes, Stack size 0 bytes, usbdma.o(i.uDMAUSBArbSizeSet))
<BR><BR>[Calls]<UL><LI><a href="#[36d]">&gt;&gt;</a>&nbsp;&nbsp;&nbsp;uDMAChannelControlSet
</UL>
<BR>[Address Reference Count : 1]<UL><LI> usbdma.o(i.USBLibDMAInit)
</UL>
<P><STRONG><a name="[3c]"></a>uDMAUSBChannelAllocate</STRONG> (Thumb, 184 bytes, Stack size 24 bytes, usbdma.o(i.uDMAUSBChannelAllocate))
<BR><BR>[Stack]<UL><LI>Max Depth = 24<LI>Call Chain = uDMAUSBChannelAllocate
</UL>
<BR>[Calls]<UL><LI><a href="#[36d]">&gt;&gt;</a>&nbsp;&nbsp;&nbsp;uDMAChannelControlSet
<LI><a href="#[36f]">&gt;&gt;</a>&nbsp;&nbsp;&nbsp;uDMAChannelAttributeDisable
<LI><a href="#[348]">&gt;&gt;</a>&nbsp;&nbsp;&nbsp;USBEndpointDMADisable
<LI><a href="#[36e]">&gt;&gt;</a>&nbsp;&nbsp;&nbsp;USBEndpointDMAChannel
</UL>
<BR>[Address Reference Count : 1]<UL><LI> usbdma.o(i.USBLibDMAInit)
</UL>
<P><STRONG><a name="[3d]"></a>uDMAUSBChannelDisable</STRONG> (Thumb, 88 bytes, Stack size 16 bytes, usbdma.o(i.uDMAUSBChannelDisable))
<BR><BR>[Stack]<UL><LI>Max Depth = 16<LI>Call Chain = uDMAUSBChannelDisable
</UL>
<BR>[Calls]<UL><LI><a href="#[370]">&gt;&gt;</a>&nbsp;&nbsp;&nbsp;uDMAChannelDisable
<LI><a href="#[348]">&gt;&gt;</a>&nbsp;&nbsp;&nbsp;USBEndpointDMADisable
</UL>
<BR>[Address Reference Count : 1]<UL><LI> usbdma.o(i.USBLibDMAInit)
</UL>
<P><STRONG><a name="[3e]"></a>uDMAUSBChannelEnable</STRONG> (Thumb, 106 bytes, Stack size 16 bytes, usbdma.o(i.uDMAUSBChannelEnable))
<BR><BR>[Stack]<UL><LI>Max Depth = 16<LI>Call Chain = uDMAUSBChannelEnable
</UL>
<BR>[Calls]<UL><LI><a href="#[b6]">&gt;&gt;</a>&nbsp;&nbsp;&nbsp;IntEnable
<LI><a href="#[310]">&gt;&gt;</a>&nbsp;&nbsp;&nbsp;IntDisable
<LI><a href="#[362]">&gt;&gt;</a>&nbsp;&nbsp;&nbsp;IntIsEnabled
<LI><a href="#[371]">&gt;&gt;</a>&nbsp;&nbsp;&nbsp;uDMAChannelEnable
<LI><a href="#[36c]">&gt;&gt;</a>&nbsp;&nbsp;&nbsp;USBEndpointDMAEnable
</UL>
<BR>[Called By]<UL><LI><a href="#[47]">&gt;&gt;</a>&nbsp;&nbsp;&nbsp;uDMAUSBTransfer
</UL>
<BR>[Address Reference Count : 1]<UL><LI> usbdma.o(i.USBLibDMAInit)
</UL>
<P><STRONG><a name="[40]"></a>uDMAUSBChannelIntDisable</STRONG> (Thumb, 2 bytes, Stack size 0 bytes, usbdma.o(i.uDMAUSBChannelIntDisable))
<BR>[Address Reference Count : 1]<UL><LI> usbdma.o(i.USBLibDMAInit)
</UL>
<P><STRONG><a name="[3f]"></a>uDMAUSBChannelIntEnable</STRONG> (Thumb, 2 bytes, Stack size 0 bytes, usbdma.o(i.uDMAUSBChannelIntEnable))
<BR>[Address Reference Count : 1]<UL><LI> usbdma.o(i.USBLibDMAInit)
</UL>
<P><STRONG><a name="[41]"></a>uDMAUSBChannelRelease</STRONG> (Thumb, 90 bytes, Stack size 16 bytes, usbdma.o(i.uDMAUSBChannelRelease))
<BR><BR>[Stack]<UL><LI>Max Depth = 16<LI>Call Chain = uDMAUSBChannelRelease
</UL>
<BR>[Calls]<UL><LI><a href="#[36f]">&gt;&gt;</a>&nbsp;&nbsp;&nbsp;uDMAChannelAttributeDisable
<LI><a href="#[348]">&gt;&gt;</a>&nbsp;&nbsp;&nbsp;USBEndpointDMADisable
</UL>
<BR>[Address Reference Count : 1]<UL><LI> usbdma.o(i.USBLibDMAInit)
</UL>
<P><STRONG><a name="[42]"></a>uDMAUSBChannelStatus</STRONG> (Thumb, 38 bytes, Stack size 0 bytes, usbdma.o(i.uDMAUSBChannelStatus))
<BR>[Address Reference Count : 1]<UL><LI> usbdma.o(i.USBLibDMAInit)
</UL>
<P><STRONG><a name="[44]"></a>uDMAUSBIntStatus</STRONG> (Thumb, 54 bytes, Stack size 24 bytes, usbdma.o(i.uDMAUSBIntStatus))
<BR><BR>[Stack]<UL><LI>Max Depth = 24<LI>Call Chain = uDMAUSBIntStatus
</UL>
<BR>[Calls]<UL><LI><a href="#[372]">&gt;&gt;</a>&nbsp;&nbsp;&nbsp;uDMAChannelModeGet
</UL>
<BR>[Address Reference Count : 1]<UL><LI> usbdma.o(i.USBLibDMAInit)
</UL>
<P><STRONG><a name="[47]"></a>uDMAUSBTransfer</STRONG> (Thumb, 200 bytes, Stack size 32 bytes, usbdma.o(i.uDMAUSBTransfer))
<BR><BR>[Stack]<UL><LI>Max Depth = 48<LI>Call Chain = uDMAUSBTransfer &rArr; uDMAChannelTransferSet
</UL>
<BR>[Calls]<UL><LI><a href="#[374]">&gt;&gt;</a>&nbsp;&nbsp;&nbsp;uDMAChannelTransferSet
<LI><a href="#[3e]">&gt;&gt;</a>&nbsp;&nbsp;&nbsp;uDMAUSBChannelEnable
<LI><a href="#[373]">&gt;&gt;</a>&nbsp;&nbsp;&nbsp;USBFIFOAddrGet
<LI><a href="#[369]">&gt;&gt;</a>&nbsp;&nbsp;&nbsp;USBEndpointPacketCountSet
<LI><a href="#[36a]">&gt;&gt;</a>&nbsp;&nbsp;&nbsp;USBEndpointDMAConfigSet
</UL>
<BR>[Address Reference Count : 1]<UL><LI> usbdma.o(i.USBLibDMAInit)
</UL>
<P><STRONG><a name="[48]"></a>uDMAUSBUnitSizeSet</STRONG> (Thumb, 84 bytes, Stack size 8 bytes, usbdma.o(i.uDMAUSBUnitSizeSet))
<BR><BR>[Stack]<UL><LI>Max Depth = 8<LI>Call Chain = uDMAUSBUnitSizeSet
</UL>
<BR>[Calls]<UL><LI><a href="#[36d]">&gt;&gt;</a>&nbsp;&nbsp;&nbsp;uDMAChannelControlSet
</UL>
<BR>[Address Reference Count : 1]<UL><LI> usbdma.o(i.USBLibDMAInit)
</UL>
<P><STRONG><a name="[353]"></a>USBHSCSISendCommand</STRONG> (Thumb, 128 bytes, Stack size 48 bytes, usbhscsi.o(i.USBHSCSISendCommand))
<BR><BR>[Stack]<UL><LI>Max Depth = 160<LI>Call Chain = USBHSCSISendCommand &rArr; USBHCDPipeWrite &rArr; USBHCDControlTransfer &rArr; USBHostEndpointConfig
</UL>
<BR>[Calls]<UL><LI><a href="#[349]">&gt;&gt;</a>&nbsp;&nbsp;&nbsp;USBHCDPipeWrite
<LI><a href="#[347]">&gt;&gt;</a>&nbsp;&nbsp;&nbsp;USBHCDPipeRead
</UL>
<BR>[Called By]<UL><LI><a href="#[351]">&gt;&gt;</a>&nbsp;&nbsp;&nbsp;USBHSCSITestUnitReady
<LI><a href="#[34e]">&gt;&gt;</a>&nbsp;&nbsp;&nbsp;USBHSCSIRequestSense
<LI><a href="#[350]">&gt;&gt;</a>&nbsp;&nbsp;&nbsp;USBHSCSIReadCapacity
<LI><a href="#[34d]">&gt;&gt;</a>&nbsp;&nbsp;&nbsp;USBHSCSIRead10
<LI><a href="#[34f]">&gt;&gt;</a>&nbsp;&nbsp;&nbsp;USBHSCSIInquiry
</UL>

<P><STRONG><a name="[386]"></a>_dadd1</STRONG> (Thumb, 0 bytes, Stack size unknown bytes, daddsub_clz.o(x$fpl$dadd), UNUSED)
<BR><BR>[Called By]<UL><LI><a href="#[385]">&gt;&gt;</a>&nbsp;&nbsp;&nbsp;_dsub
</UL>

<P><STRONG><a name="[379]"></a>_dsub1</STRONG> (Thumb, 0 bytes, Stack size unknown bytes, daddsub_clz.o(x$fpl$dsub), UNUSED)
<BR><BR>[Called By]<UL><LI><a href="#[378]">&gt;&gt;</a>&nbsp;&nbsp;&nbsp;_dadd
</UL>

<P><STRONG><a name="[37]"></a>_printf_input_char</STRONG> (Thumb, 10 bytes, Stack size 0 bytes, _printf_char_common.o(.text))
<BR>[Address Reference Count : 1]<UL><LI> _printf_char_common.o(.text)
</UL>
<P><STRONG><a name="[2e0]"></a>_fp_value</STRONG> (Thumb, 504 bytes, Stack size 88 bytes, scanf_fp.o(.text))
<BR><BR>[Stack]<UL><LI>Max Depth = 208<LI>Call Chain = _fp_value &rArr; _btod_etento &rArr; _btod_emul &rArr; _e2e
</UL>
<BR>[Calls]<UL><LI><a href="#[2c9]">&gt;&gt;</a>&nbsp;&nbsp;&nbsp;__aeabi_errno_addr
<LI><a href="#[2e2]">&gt;&gt;</a>&nbsp;&nbsp;&nbsp;_btod_emuld
<LI><a href="#[2e3]">&gt;&gt;</a>&nbsp;&nbsp;&nbsp;_btod_edivd
<LI><a href="#[2e1]">&gt;&gt;</a>&nbsp;&nbsp;&nbsp;_btod_etento
</UL>
<BR>[Called By]<UL><LI><a href="#[2e4]">&gt;&gt;</a>&nbsp;&nbsp;&nbsp;_scanf_really_real
</UL>

<P><STRONG><a name="[38]"></a>_scanf_char_input</STRONG> (Thumb, 12 bytes, Stack size 0 bytes, scanf_char.o(.text))
<BR>[Address Reference Count : 1]<UL><LI> scanf_char.o(.text)
</UL>
<P><STRONG><a name="[2e9]"></a>_local_sscanf</STRONG> (Thumb, 60 bytes, Stack size 56 bytes, strtod.o(.text))
<BR><BR>[Stack]<UL><LI>Max Depth = 384<LI>Call Chain = _local_sscanf &rArr; _scanf_real &rArr; _scanf_really_real &rArr; _fp_value &rArr; _btod_etento &rArr; _btod_emul &rArr; _e2e
</UL>
<BR>[Calls]<UL><LI><a href="#[2ea]">&gt;&gt;</a>&nbsp;&nbsp;&nbsp;_scanf_real
</UL>
<BR>[Called By]<UL><LI><a href="#[2eb]">&gt;&gt;</a>&nbsp;&nbsp;&nbsp;__strtod_int
</UL>

<P><STRONG><a name="[2f0]"></a>_fp_digits</STRONG> (Thumb, 426 bytes, Stack size 96 bytes, _printf_fp_dec.o(.text))
<BR><BR>[Stack]<UL><LI>Max Depth = 216<LI>Call Chain = _fp_digits &rArr; _btod_etento &rArr; _btod_emul &rArr; _e2e
</UL>
<BR>[Calls]<UL><LI><a href="#[2f3]">&gt;&gt;</a>&nbsp;&nbsp;&nbsp;_btod_emul
<LI><a href="#[2f2]">&gt;&gt;</a>&nbsp;&nbsp;&nbsp;_btod_ediv
<LI><a href="#[2f1]">&gt;&gt;</a>&nbsp;&nbsp;&nbsp;_btod_d2e
<LI><a href="#[2e1]">&gt;&gt;</a>&nbsp;&nbsp;&nbsp;_btod_etento
<LI><a href="#[2dd]">&gt;&gt;</a>&nbsp;&nbsp;&nbsp;_ll_udiv10
</UL>
<BR>[Called By]<UL><LI><a href="#[2f4]">&gt;&gt;</a>&nbsp;&nbsp;&nbsp;_printf_fp_dec_real
</UL>
<P>
<H3>
Undefined Global Symbols
</H3><HR></body></html>
